=== Session: p22  started at 2026-09-11 11:49:34.846791 ===
[11:55:51] FEEDBACK  id=  0  ENABLED
[11:55:51] DISPATCH  id=  0  greet_warmly()
[11:55:51] FEEDBACK  id=  0  ENABLED
[11:55:59] FEEDBACK  id=  0  SUCCEEDED ✓
[11:55:59] DISPATCH  id=  1  introduce_game()
[11:55:59] FEEDBACK  id=  1  ENABLED
[11:55:59] FEEDBACK  id=  1  ENABLED
[11:56:12] FEEDBACK  id=  1  SUCCEEDED ✓
[11:56:12] DISPATCH  id=  2  image_easy()
[11:56:12] FEEDBACK  id=  2  ENABLED
[11:56:12] FEEDBACK  id=  2  ENABLED
[11:56:28] FEEDBACK  id=  2  SUCCEEDED ✓
[11:56:28] DISPATCH  id=  3  mime_easy()
[11:56:28] FEEDBACK  id=  3  ENABLED
[11:56:28] FEEDBACK  id=  3  ENABLED
[11:57:04] FEEDBACK  id=  3  SUCCEEDED ✓
[11:57:04] FEEDBACK  id=  4  ENABLED
[11:57:04] DISPATCH  id=  4  ask_medium()
[11:57:04] FEEDBACK  id=  4  ENABLED
[11:57:19] FEEDBACK  id=  4  SUCCEEDED ✓
[11:57:19] FEEDBACK  id=  5  ENABLED
[11:57:19] DISPATCH  id=  5  ask_medium()
[11:57:19] FEEDBACK  id=  5  ENABLED
[11:57:35] FEEDBACK  id=  5  SUCCEEDED ✓
[11:57:35] FEEDBACK  id=  6  ENABLED
[11:57:35] DISPATCH  id=  6  sound_hard()
[11:57:35] FEEDBACK  id=  6  ENABLED
[12:00:01] FEEDBACK  id=  6  FAILED ✗
[12:00:04] DISPATCH  id=  0  conclude_game()
[12:00:04] FEEDBACK  id=  0  ENABLED
[12:00:04] FEEDBACK  id=  0  ENABLED
[12:00:08] FEEDBACK  id=  0  SUCCEEDED ✓
[12:00:08] DISPATCH  id=  1  say_goodbye()
[12:00:08] FEEDBACK  id=  1  ENABLED
[12:00:08] FEEDBACK  id=  1  ENABLED
[12:00:18] FEEDBACK  id=  1  SUCCEEDED ✓
