[14:07:00] [INFO ] QT talking: 'Qual è l'animale con il collo più lungo?'
[14:07:00] [INFO ] In ascolto (tentativo 1/2)...
[14:07:00] [INFO ] Mostro immagine: listening_icon
[14:07:03] [INFO ] Riconosciuto: La Giraffa.
[14:07:13] [INFO ] KB: Set function 'n_questions' = 1.0
[14:07:13] [INFO ] KB: Set function 'n_easy' = 1.0
[14:07:13] [INFO ] KB: Set function 'ask_uses' = 1.0
[14:07:13] [INFO ] KB: Set function 'right_answers' = 1.0
[14:07:13] [INFO ] KB: Removed predicate 'answered_wrong'
[14:07:13] [INFO ] KB: Removed predicate 'emotion_checked'
[14:07:13] [INFO ] KB: Set function 'robot_e' = 3.44
[14:07:13] [INFO ] KB: Set function 'robot_p' = 2.93
[14:07:13] [INFO ] KB: Set function 'robot_a' = 0.92
[14:07:13] [INFO ] KB: Set function 'robot_e_sq' = 11.8336
[14:07:13] [INFO ] KB: Set function 'robot_p_sq' = 8.5849
[14:07:13] [INFO ] KB: Set function 'robot_a_sq' = 0.8464
[14:07:13] [INFO ] KB: Set function 'human_e' = 3.44
[14:07:13] [INFO ] KB: Set function 'human_p' = 2.93
[14:07:14] [INFO ] KB: Set function 'human_a' = 0.92
[14:07:14] [INFO ] KB: Set function 'human_e_sq' = 11.8336
[14:07:14] [INFO ] KB: Set function 'human_p_sq' = 8.5849
[14:07:14] [INFO ] KB: Set function 'human_a_sq' = 0.8464
