[14:05:57] [INFO ] KB: 'human_e' = -2.37
[14:05:57] [INFO ] KB: 'human_p' = -1.04
[14:05:57] [INFO ] KB: 'human_a' = -0.71
[14:05:57] [INFO ] KB: 'human_e_sq' = 5.6169
[14:05:57] [INFO ] KB: 'human_p_sq' = 1.0816000000000001
[14:05:57] [INFO ] KB: 'human_a_sq' = 0.5041
[14:05:58] [INFO ] KB: 'ask_easy_coeff' = 1.0
[14:05:58] [INFO ] KB: 'ask_medium_coeff' = 1.1
[14:05:58] [INFO ] KB: 'ask_hard_coeff' = 1.2
[14:05:58] [INFO ] KB: 'mime_easy_coeff' = 1.0
[14:05:58] [INFO ] KB: 'mime_medium_coeff' = 1.1
[14:05:58] [INFO ] KB: 'mime_hard_coeff' = 1.2
[14:05:58] [INFO ] KB: 'sound_easy_coeff' = 1.0
[14:05:58] [INFO ] KB: 'sound_medium_coeff' = 1.1
[14:05:58] [INFO ] KB: 'sound_hard_coeff' = 1.2
[14:05:58] [INFO ] KB: 'image_easy_coeff' = 1.0
[14:05:58] [INFO ] KB: 'image_medium_coeff' = 1.1
[14:05:58] [INFO ] KB: 'image_hard_coeff' = 1.2
[14:05:58] [INFO ] KB: 'n_easy' = 0.0
[14:05:58] [INFO ] KB: 'n_medium' = 0.0
[14:05:58] [INFO ] KB: 'n_hard' = 0.0
[14:05:58] [INFO ] KB: 'n_questions' = 0.0
