=== Session: p29  started at 2026-09-11 14:01:33.709493 ===
[14:05:33] FEEDBACK  id=  0  ENABLED
[14:05:33] DISPATCH  id=  0  greet_warmly()
[14:05:33] FEEDBACK  id=  0  ENABLED
[14:05:41] FEEDBACK  id=  0  SUCCEEDED ✓
[14:05:41] DISPATCH  id=  1  introduce_game()
[14:05:41] FEEDBACK  id=  1  ENABLED
[14:05:41] FEEDBACK  id=  1  ENABLED
[14:05:55] FEEDBACK  id=  1  SUCCEEDED ✓
[14:05:55] FEEDBACK  id=  2  ENABLED
[14:05:55] DISPATCH  id=  2  check_emotion()
[14:05:56] FEEDBACK  id=  2  ENABLED
[14:05:57] FEEDBACK  id=  2  FAILED ✗
[14:06:01] FEEDBACK  id=  0  ENABLED
[14:06:01] DISPATCH  id=  0  tell_a_joke()
[14:06:01] FEEDBACK  id=  0  ENABLED
[14:06:55] FEEDBACK  id=  0  SUCCEEDED ✓
[14:06:55] DISPATCH  id=  1  check_emotion()
[14:06:55] FEEDBACK  id=  1  ENABLED
[14:06:56] FEEDBACK  id=  1  ENABLED
[14:06:57] FEEDBACK  id=  1  SUCCEEDED ✓
[14:06:57] DISPATCH  id=  2  ask_easy()
[14:06:57] FEEDBACK  id=  2  ENABLED
[14:06:57] FEEDBACK  id=  2  ENABLED
[14:07:14] FEEDBACK  id=  2  SUCCEEDED ✓
[14:07:14] DISPATCH  id=  3  check_emotion()
[14:07:14] FEEDBACK  id=  3  ENABLED
[14:07:15] FEEDBACK  id=  3  ENABLED
[14:07:16] FEEDBACK  id=  3  SUCCEEDED ✓
[14:07:16] DISPATCH  id=  4  mime_easy()
[14:07:16] FEEDBACK  id=  4  ENABLED
[14:07:16] FEEDBACK  id=  4  ENABLED
[14:07:52] FEEDBACK  id=  4  SUCCEEDED ✓
[14:07:52] DISPATCH  id=  5  check_emotion()
[14:07:52] FEEDBACK  id=  5  ENABLED
[14:07:54] FEEDBACK  id=  5  ENABLED
[14:07:54] FEEDBACK  id=  5  SUCCEEDED ✓
[14:07:54] FEEDBACK  id=  6  ENABLED
[14:07:54] DISPATCH  id=  6  ask_medium()
[14:07:54] FEEDBACK  id=  6  ENABLED
[14:08:10] FEEDBACK  id=  6  SUCCEEDED ✓
[14:08:10] DISPATCH  id=  7  check_emotion()
[14:08:10] FEEDBACK  id=  7  ENABLED
[14:08:11] FEEDBACK  id=  7  ENABLED
[14:08:12] FEEDBACK  id=  7  SUCCEEDED ✓
[14:08:12] FEEDBACK  id=  8  ENABLED
[14:08:12] DISPATCH  id=  8  sound_medium()
[14:08:12] FEEDBACK  id=  8  ENABLED
[14:08:40] FEEDBACK  id=  8  SUCCEEDED ✓
[14:08:40] DISPATCH  id=  9  check_emotion()
[14:08:40] FEEDBACK  id=  9  ENABLED
[14:08:41] FEEDBACK  id=  9  ENABLED
[14:08:41] FEEDBACK  id=  9  SUCCEEDED ✓
[14:08:41] DISPATCH  id= 10  image_hard()
[14:08:41] FEEDBACK  id= 10  ENABLED
[14:08:41] FEEDBACK  id= 10  ENABLED
[14:09:03] FEEDBACK  id= 10  SUCCEEDED ✓
[14:09:03] DISPATCH  id= 11  conclude_game()
[14:09:03] FEEDBACK  id= 11  ENABLED
[14:09:03] FEEDBACK  id= 11  ENABLED
[14:09:06] FEEDBACK  id= 11  SUCCEEDED ✓
[14:09:07] DISPATCH  id= 12  say_goodbye()
[14:09:07] FEEDBACK  id= 12  ENABLED
[14:09:07] FEEDBACK  id= 12  ENABLED
[14:09:16] FEEDBACK  id= 12  SUCCEEDED ✓
