[14:08:49] [INFO ] Mostro immagine: calamita_icon
[14:08:49] [INFO ] In ascolto (tentativo 1/2)...
[14:08:54] [INFO ] Riconosciuto: È una calamita.
[14:09:02] [INFO ] KB: Set function 'n_questions' = 5.0
[14:09:02] [INFO ] KB: Set function 'n_hard' = 1.0
[14:09:02] [INFO ] KB: Set function 'image_uses' = 1.0
[14:09:02] [INFO ] KB: Set function 'right_answers' = 5.0
[14:09:02] [INFO ] KB: Removed predicate 'answered_wrong'
[14:09:02] [INFO ] KB: Removed predicate 'emotion_checked'
[14:09:03] [INFO ] KB: Set function 'robot_e' = 3.44
[14:09:03] [INFO ] KB: Set function 'robot_p' = 2.93
[14:09:03] [INFO ] KB: Set function 'robot_a' = 0.92
[14:09:03] [INFO ] KB: Set function 'robot_e_sq' = 11.8336
[14:09:03] [INFO ] KB: Set function 'robot_p_sq' = 8.5849
[14:09:03] [INFO ] KB: Set function 'robot_a_sq' = 0.8464
[14:09:03] [INFO ] KB: Set function 'human_e' = 3.44
[14:09:03] [INFO ] KB: Set function 'human_p' = 2.93
[14:09:03] [INFO ] KB: Set function 'human_a' = 0.92
[14:09:03] [INFO ] KB: Set function 'human_e_sq' = 11.8336
[14:09:03] [INFO ] KB: Set function 'human_p_sq' = 8.5849
[14:09:03] [INFO ] KB: Set function 'human_a_sq' = 0.8464
