[14:07:24] [INFO ] In ascolto (tentativo 1/2)...
[14:07:24] [INFO ] Mostro immagine: listening_icon
[14:07:28] [INFO ] Riconosciuto: Stai saltando?
[14:07:37] [INFO ] In ascolto (tentativo 2/2)...
[14:07:37] [INFO ] Mostro immagine: listening_icon
[14:07:45] [INFO ] Riconosciuto: Madiglio.
[14:07:52] [INFO ] KB: Set function 'n_questions' = 2.0
[14:07:52] [INFO ] KB: Set function 'n_easy' = 2.0
[14:07:52] [INFO ] KB: Set function 'mime_uses' = 1.0
[14:07:52] [INFO ] KB: Set function 'right_answers' = 2.0
[14:07:52] [INFO ] KB: Removed predicate 'answered_wrong'
[14:07:52] [INFO ] KB: Removed predicate 'emotion_checked'
[14:07:52] [INFO ] KB: Set function 'robot_e' = 3.44
[14:07:52] [INFO ] KB: Set function 'robot_p' = 2.93
[14:07:52] [INFO ] KB: Set function 'robot_a' = 0.92
[14:07:52] [INFO ] KB: Set function 'robot_e_sq' = 11.8336
[14:07:52] [INFO ] KB: Set function 'robot_p_sq' = 8.5849
[14:07:52] [INFO ] KB: Set function 'robot_a_sq' = 0.8464
[14:07:52] [INFO ] KB: Set function 'human_e' = 3.44
[14:07:52] [INFO ] KB: Set function 'human_p' = 2.93
[14:07:52] [INFO ] KB: Set function 'human_a' = 0.92
[14:07:52] [INFO ] KB: Set function 'human_e_sq' = 11.8336
[14:07:52] [INFO ] KB: Set function 'human_p_sq' = 8.5849
[14:07:52] [INFO ] KB: Set function 'human_a_sq' = 0.8464
