[11:28:07] [INFO ] QT talking: 'Quanto fa 10 meno 4?'
[11:28:07] [INFO ] In ascolto (tentativo 1/2)...
[11:28:07] [INFO ] Mostro immagine: listening_icon
[11:28:25] [INFO ] In ascolto (tentativo 1/2)...
[11:28:25] [INFO ] Mostro immagine: listening_icon
[11:28:31] [INFO ] Riconosciuto: 6.
[11:28:41] [INFO ] KB: Set function 'n_questions' = 3.0
[11:28:41] [INFO ] KB: Set function 'n_medium' = 1.0
[11:28:41] [INFO ] KB: Set function 'ask_uses' = 2.0
[11:28:41] [INFO ] KB: Set function 'right_answers' = 2.0
[11:28:41] [INFO ] KB: Removed predicate 'answered_wrong'
[11:28:41] [INFO ] KB: Removed predicate 'emotion_checked'
[11:28:41] [INFO ] KB: Set function 'robot_e' = 3.44
[11:28:41] [INFO ] KB: Set function 'robot_p' = 2.93
[11:28:41] [INFO ] KB: Set function 'robot_a' = 0.92
[11:28:41] [INFO ] KB: Set function 'robot_e_sq' = 11.8336
[11:28:41] [INFO ] KB: Set function 'robot_p_sq' = 8.5849
[11:28:41] [INFO ] KB: Set function 'robot_a_sq' = 0.8464
[11:28:41] [INFO ] KB: Set function 'human_e' = 3.44
[11:28:41] [INFO ] KB: Set function 'human_p' = 2.93
[11:28:41] [INFO ] KB: Set function 'human_a' = 0.92
[11:28:41] [INFO ] KB: Set function 'human_e_sq' = 11.8336
[11:28:41] [INFO ] KB: Set function 'human_p_sq' = 8.5849
[11:28:41] [INFO ] KB: Set function 'human_a_sq' = 0.8464
