[11:26:16] [INFO ] QT talking: 'Di che colore è il cielo al tramonto?'
[11:26:16] [INFO ] In ascolto (tentativo 1/2)...
[11:26:16] [INFO ] Mostro immagine: listening_icon
[11:26:22] [INFO ] Riconosciuto: Arancione.
[11:26:32] [INFO ] KB: Set function 'n_questions' = 1.0
[11:26:32] [INFO ] KB: Set function 'n_easy' = 1.0
[11:26:32] [INFO ] KB: Set function 'ask_uses' = 1.0
[11:26:32] [INFO ] KB: Set function 'right_answers' = 1.0
[11:26:32] [INFO ] KB: Removed predicate 'answered_wrong'
[11:26:32] [INFO ] KB: Removed predicate 'emotion_checked'
[11:26:32] [INFO ] KB: Set function 'robot_e' = 3.44
[11:26:32] [INFO ] KB: Set function 'robot_p' = 2.93
[11:26:32] [INFO ] KB: Set function 'robot_a' = 0.92
[11:26:32] [INFO ] KB: Set function 'robot_e_sq' = 11.8336
[11:26:32] [INFO ] KB: Set function 'robot_p_sq' = 8.5849
[11:26:32] [INFO ] KB: Set function 'robot_a_sq' = 0.8464
[11:26:32] [INFO ] KB: Set function 'human_e' = 3.44
[11:26:32] [INFO ] KB: Set function 'human_p' = 2.93
[11:26:32] [INFO ] KB: Set function 'human_a' = 0.92
[11:26:32] [INFO ] KB: Set function 'human_e_sq' = 11.8336
[11:26:32] [INFO ] KB: Set function 'human_p_sq' = 8.5849
[11:26:32] [INFO ] KB: Set function 'human_a_sq' = 0.8464
