=== Session: p3  started at 2026-09-10 11:21:58.493579 ===
[11:25:51] DISPATCH  id=  0  greet_warmly()
[11:25:51] FEEDBACK  id=  0  ENABLED
[11:25:51] FEEDBACK  id=  0  ENABLED
[11:25:59] FEEDBACK  id=  0  SUCCEEDED ✓
[11:25:59] DISPATCH  id=  1  introduce_game()
[11:25:59] FEEDBACK  id=  1  ENABLED
[11:25:59] FEEDBACK  id=  1  ENABLED
[11:26:11] FEEDBACK  id=  1  SUCCEEDED ✓
[11:26:11] DISPATCH  id=  2  check_emotion()
[11:26:11] FEEDBACK  id=  2  ENABLED
[11:26:12] FEEDBACK  id=  2  ENABLED
[11:26:12] FEEDBACK  id=  2  SUCCEEDED ✓
[11:26:13] FEEDBACK  id=  3  ENABLED
[11:26:13] DISPATCH  id=  3  ask_easy()
[11:26:13] FEEDBACK  id=  3  ENABLED
[11:26:32] FEEDBACK  id=  3  SUCCEEDED ✓
[11:26:32] DISPATCH  id=  4  check_emotion()
[11:26:32] FEEDBACK  id=  4  ENABLED
[11:26:33] FEEDBACK  id=  4  ENABLED
[11:26:34] FEEDBACK  id=  4  SUCCEEDED ✓
[11:26:34] FEEDBACK  id=  5  ENABLED
[11:26:34] DISPATCH  id=  5  mime_easy()
[11:26:34] FEEDBACK  id=  5  ENABLED
[11:27:14] FEEDBACK  id=  5  FAILED ✗
[11:27:18] DISPATCH  id=  0  comfort()
[11:27:18] FEEDBACK  id=  0  ENABLED
[11:27:18] FEEDBACK  id=  0  ENABLED
[11:28:03] FEEDBACK  id=  0  SUCCEEDED ✓
[11:28:03] DISPATCH  id=  1  check_emotion()
[11:28:03] FEEDBACK  id=  1  ENABLED
[11:28:03] FEEDBACK  id=  1  ENABLED
[11:28:04] FEEDBACK  id=  1  SUCCEEDED ✓
[11:28:04] DISPATCH  id=  2  ask_medium()
[11:28:04] FEEDBACK  id=  2  ENABLED
[11:28:04] FEEDBACK  id=  2  ENABLED
[11:28:41] FEEDBACK  id=  2  SUCCEEDED ✓
[11:28:41] DISPATCH  id=  3  check_emotion()
[11:28:41] FEEDBACK  id=  3  ENABLED
[11:28:42] FEEDBACK  id=  3  ENABLED
[11:28:43] FEEDBACK  id=  3  SUCCEEDED ✓
[11:28:43] FEEDBACK  id=  4  ENABLED
[11:28:43] DISPATCH  id=  4  sound_medium()
[11:28:43] FEEDBACK  id=  4  ENABLED
[11:29:53] FEEDBACK  id=  4  SUCCEEDED ✓
[11:29:54] DISPATCH  id=  5  check_emotion()
[11:29:54] FEEDBACK  id=  5  ENABLED
[11:29:55] FEEDBACK  id=  5  ENABLED
[11:29:56] FEEDBACK  id=  5  SUCCEEDED ✓
[11:29:56] DISPATCH  id=  6  image_hard()
[11:29:56] FEEDBACK  id=  6  ENABLED
[11:29:56] FEEDBACK  id=  6  ENABLED
[11:31:14] FEEDBACK  id=  6  FAILED ✗
[11:31:17] DISPATCH  id=  0  conclude_game()
[11:31:17] FEEDBACK  id=  0  ENABLED
[11:31:17] FEEDBACK  id=  0  ENABLED
[11:31:21] FEEDBACK  id=  0  SUCCEEDED ✓
[11:31:21] FEEDBACK  id=  1  ENABLED
[11:31:21] DISPATCH  id=  1  say_goodbye()
[11:31:21] FEEDBACK  id=  1  ENABLED
[11:31:31] FEEDBACK  id=  1  SUCCEEDED ✓
