[11:26:43] [INFO ] In ascolto (tentativo 1/2)...
[11:26:43] [INFO ] Mostro immagine: listening_icon
[11:26:47] [INFO ] Riconosciuto: Muovendo il braccio.
[11:26:58] [INFO ] In ascolto (tentativo 2/2)...
[11:26:58] [INFO ] Mostro immagine: listening_icon
[11:27:04] [INFO ] Riconosciuto: Stai cantando?
[11:27:14] [INFO ] KB: Set function 'n_questions' = 2.0
[11:27:14] [INFO ] KB: Set function 'n_easy' = 2.0
[11:27:14] [INFO ] KB: Set function 'mime_uses' = 1.0
[11:27:14] [INFO ] KB: Set function 'wrong_answers' = 1.0
[11:27:14] [INFO ] KB: Added predicate 'answered_wrong'
[11:27:14] [INFO ] KB: Set function 'robot_e' = 3.44
[11:27:14] [INFO ] KB: Set function 'robot_p' = 2.93
[11:27:14] [INFO ] KB: Set function 'robot_a' = 0.92
[11:27:14] [INFO ] KB: Set function 'robot_e_sq' = 11.8336
[11:27:14] [INFO ] KB: Set function 'robot_p_sq' = 8.5849
[11:27:14] [INFO ] KB: Set function 'robot_a_sq' = 0.8464
[11:27:14] [INFO ] KB: Set function 'human_e' = 3.44
[11:27:14] [INFO ] KB: Set function 'human_p' = 2.93
[11:27:14] [INFO ] KB: Set function 'human_a' = 0.92
[11:27:14] [INFO ] KB: Set function 'human_e_sq' = 11.8336
[11:27:14] [INFO ] KB: Set function 'human_p_sq' = 8.5849
[11:27:14] [INFO ] KB: Set function 'human_a_sq' = 0.8464
