[11:28:48] [INFO ] Riproduzione suono: QT/sound_medium/flipping_book_page
[11:28:49] [INFO ] In ascolto (tentativo 1/2)...
[11:28:49] [INFO ] Mostro immagine: listening_icon
[11:29:00] [INFO ] Riconosciuto: Puoi ripetere?
[11:29:05] [INFO ] Riproduzione suono: QT/sound_medium/flipping_book_page
[11:29:06] [INFO ] In ascolto (tentativo 1/2)...
[11:29:06] [INFO ] Mostro immagine: listening_icon
[11:29:22] [INFO ] Riconosciuto: Non lo so.
[11:29:32] [INFO ] Riproduzione suono: QT/sound_medium/flipping_book_page
[11:29:33] [INFO ] In ascolto (tentativo 2/2)...
[11:29:33] [INFO ] Mostro immagine: listening_icon
[11:29:43] [INFO ] Riconosciuto: Ha sfogliato una pagina.
[11:29:53] [INFO ] KB: Set function 'n_questions' = 4.0
[11:29:53] [INFO ] KB: Set function 'n_medium' = 2.0
[11:29:53] [INFO ] KB: Set function 'sound_uses' = 1.0
[11:29:53] [INFO ] KB: Set function 'right_answers' = 3.0
[11:29:53] [INFO ] KB: Removed predicate 'answered_wrong'
[11:29:53] [INFO ] KB: Removed predicate 'emotion_checked'
[11:29:53] [INFO ] KB: Set function 'robot_e' = 3.44
[11:29:53] [INFO ] KB: Set function 'robot_p' = 2.93
[11:29:53] [INFO ] KB: Set function 'robot_a' = 0.92
[11:29:53] [INFO ] KB: Set function 'robot_e_sq' = 11.8336
[11:29:53] [INFO ] KB: Set function 'robot_p_sq' = 8.5849
[11:29:53] [INFO ] KB: Set function 'robot_a_sq' = 0.8464
[11:29:53] [INFO ] KB: Set function 'human_e' = 3.44
[11:29:53] [INFO ] KB: Set function 'human_p' = 2.93
[11:29:53] [INFO ] KB: Set function 'human_a' = 0.92
[11:29:53] [INFO ] KB: Set function 'human_e_sq' = 11.8336
[11:29:53] [INFO ] KB: Set function 'human_p_sq' = 8.5849
[11:29:53] [INFO ] KB: Set function 'human_a_sq' = 0.8464
