[11:46:02] [INFO ] QT talking: 'Qual è la lingua più parlata al mondo?'
[11:46:02] [INFO ] In ascolto (tentativo 1/2)...
[11:46:02] [INFO ] Mostro immagine: listening_icon
[11:46:05] [INFO ] Riconosciuto: Inglese.
[11:46:14] [INFO ] In ascolto (tentativo 2/2)...
[11:46:14] [INFO ] Mostro immagine: listening_icon
[11:46:18] [INFO ] Riconosciuto: Cina.
[11:46:26] [INFO ] KB: Set function 'n_questions' = 3.0
[11:46:26] [INFO ] KB: Set function 'n_medium' = 1.0
[11:46:26] [INFO ] KB: Set function 'ask_uses' = 2.0
[11:46:27] [INFO ] KB: Set function 'wrong_answers' = 2.0
[11:46:27] [INFO ] KB: Added predicate 'answered_wrong'
[11:46:27] [INFO ] KB: Set function 'robot_e' = 3.44
[11:46:27] [INFO ] KB: Set function 'robot_p' = 2.93
[11:46:27] [INFO ] KB: Set function 'robot_a' = 0.92
[11:46:27] [INFO ] KB: Set function 'robot_e_sq' = 11.8336
[11:46:27] [INFO ] KB: Set function 'robot_p_sq' = 8.5849
[11:46:27] [INFO ] KB: Set function 'robot_a_sq' = 0.8464
[11:46:27] [INFO ] KB: Set function 'human_e' = 3.44
[11:46:27] [INFO ] KB: Set function 'human_p' = 2.93
[11:46:27] [INFO ] KB: Set function 'human_a' = 0.92
[11:46:27] [INFO ] KB: Set function 'human_e_sq' = 11.8336
[11:46:27] [INFO ] KB: Set function 'human_p_sq' = 8.5849
[11:46:27] [INFO ] KB: Set function 'human_a_sq' = 0.8464
