[11:43:32] [INFO ] QT talking: 'Qual è il mezzo di trasporto che vola nel cielo?'
[11:43:32] [INFO ] In ascolto (tentativo 1/2)...
[11:43:32] [INFO ] Mostro immagine: listening_icon
[11:43:36] [INFO ] Riconosciuto: Aereo.
[11:43:47] [INFO ] KB: Set function 'n_questions' = 1.0
[11:43:47] [INFO ] KB: Set function 'n_easy' = 1.0
[11:43:47] [INFO ] KB: Set function 'ask_uses' = 1.0
[11:43:47] [INFO ] KB: Set function 'right_answers' = 1.0
[11:43:47] [INFO ] KB: Removed predicate 'answered_wrong'
[11:43:47] [INFO ] KB: Removed predicate 'emotion_checked'
[11:43:47] [INFO ] KB: Set function 'robot_e' = 3.44
[11:43:47] [INFO ] KB: Set function 'robot_p' = 2.93
[11:43:47] [INFO ] KB: Set function 'robot_a' = 0.92
[11:43:47] [INFO ] KB: Set function 'robot_e_sq' = 11.8336
[11:43:47] [INFO ] KB: Set function 'robot_p_sq' = 8.5849
[11:43:47] [INFO ] KB: Set function 'robot_a_sq' = 0.8464
[11:43:47] [INFO ] KB: Set function 'human_e' = 3.44
[11:43:47] [INFO ] KB: Set function 'human_p' = 2.93
[11:43:47] [INFO ] KB: Set function 'human_a' = 0.92
[11:43:47] [INFO ] KB: Set function 'human_e_sq' = 11.8336
[11:43:47] [INFO ] KB: Set function 'human_p_sq' = 8.5849
[11:43:47] [INFO ] KB: Set function 'human_a_sq' = 0.8464
