[11:44:44] [INFO ] Publishing emotion: QT/showing_smile
[11:44:45] [INFO ] Playing gesture: QT/emotions/calm
[11:45:03] [INFO ] Mostro immagine: listening_icon
[11:45:06] [INFO ] Riconosciuto: Pene.
[11:45:09] [INFO ] Publishing emotion: QT/showing_smile
[11:45:10] [INFO ] Playing gesture: QT/Show-face
[11:45:28] [INFO ] Mostro immagine: listening_icon
[11:45:37] [INFO ] Riconosciuto: Sì.
[11:45:44] [INFO ] Publishing emotion: QT/happy_blinking
[11:45:45] [INFO ] Playing gesture: QT/emotions/hoora
[11:45:57] [INFO ] KB: Removed predicate 'answered_wrong'
[11:45:57] [INFO ] KB: Removed predicate 'emotion_checked'
[11:45:57] [INFO ] KB: Set function 'robot_e' = 3.44
[11:45:57] [INFO ] KB: Set function 'robot_e_sq' = 11.8336
[11:45:57] [INFO ] KB: Set function 'robot_p' = 2.93
[11:45:57] [INFO ] KB: Set function 'robot_p_sq' = 8.5849
[11:45:57] [INFO ] KB: Set function 'robot_a' = 0.92
[11:45:57] [INFO ] KB: Set function 'robot_a_sq' = 0.8464
[11:45:57] [INFO ] KB: Set function 'human_e' = 3.44
[11:45:57] [INFO ] KB: Set function 'human_e_sq' = 11.8336
[11:45:57] [INFO ] KB: Set function 'human_p' = 2.93
[11:45:57] [INFO ] KB: Set function 'human_p_sq' = 8.5849
[11:45:57] [INFO ] KB: Set function 'human_a' = 0.92
[11:45:57] [INFO ] KB: Set function 'human_a_sq' = 0.8464
[11:46:37] [INFO ] Publishing emotion: QT/showing_smile
[11:46:38] [INFO ] Playing gesture: QT/Show-face
[11:46:51] [INFO ] Mostro immagine: listening_icon
[11:47:01] [INFO ] Riconosciuto: Bene.
[11:47:08] [INFO ] Publishing emotion: QT/happy_blinking
[11:47:09] [INFO ] Playing gesture: QT/emotions/hoora
[11:47:21] [INFO ] KB: Removed predicate 'answered_wrong'
[11:47:21] [INFO ] KB: Removed predicate 'emotion_checked'
[11:47:21] [INFO ] KB: Set function 'robot_e' = 3.44
[11:47:21] [INFO ] KB: Set function 'robot_e_sq' = 11.8336
[11:47:21] [INFO ] KB: Set function 'robot_p' = 2.93
[11:47:21] [INFO ] KB: Set function 'robot_p_sq' = 8.5849
[11:47:21] [INFO ] KB: Set function 'robot_a' = 0.92
[11:47:21] [INFO ] KB: Set function 'robot_a_sq' = 0.8464
[11:47:21] [INFO ] KB: Set function 'human_e' = 3.44
[11:47:21] [INFO ] KB: Set function 'human_e_sq' = 11.8336
[11:47:21] [INFO ] KB: Set function 'human_p' = 2.93
[11:47:21] [INFO ] KB: Set function 'human_p_sq' = 8.5849
[11:47:21] [INFO ] KB: Set function 'human_a' = 0.92
[11:47:21] [INFO ] KB: Set function 'human_a_sq' = 0.8464
