=== Session: p21  started at 2026-09-11 11:39:42.893206 ===
[11:42:59] FEEDBACK  id=  0  ENABLED
[11:42:59] DISPATCH  id=  0  greet_warmly()
[11:42:59] FEEDBACK  id=  0  ENABLED
[11:43:08] FEEDBACK  id=  0  SUCCEEDED ✓
[11:43:08] DISPATCH  id=  1  introduce_game()
[11:43:08] FEEDBACK  id=  1  ENABLED
[11:43:08] FEEDBACK  id=  1  ENABLED
[11:43:27] FEEDBACK  id=  1  SUCCEEDED ✓
[11:43:27] FEEDBACK  id=  2  ENABLED
[11:43:27] DISPATCH  id=  2  check_emotion()
[11:43:29] FEEDBACK  id=  2  ENABLED
[11:43:29] FEEDBACK  id=  2  SUCCEEDED ✓
[11:43:29] DISPATCH  id=  3  ask_easy()
[11:43:29] FEEDBACK  id=  3  ENABLED
[11:43:29] FEEDBACK  id=  3  ENABLED
[11:43:47] FEEDBACK  id=  3  SUCCEEDED ✓
[11:43:47] DISPATCH  id=  4  check_emotion()
[11:43:47] FEEDBACK  id=  4  ENABLED
[11:43:48] FEEDBACK  id=  4  ENABLED
[11:43:48] FEEDBACK  id=  4  SUCCEEDED ✓
[11:43:48] DISPATCH  id=  5  mime_easy()
[11:43:48] FEEDBACK  id=  5  ENABLED
[11:43:48] FEEDBACK  id=  5  ENABLED
[11:44:32] FEEDBACK  id=  5  FAILED ✗
[11:44:36] DISPATCH  id=  0  comfort()
[11:44:36] FEEDBACK  id=  0  ENABLED
[11:44:36] FEEDBACK  id=  0  ENABLED
[11:45:57] FEEDBACK  id=  0  SUCCEEDED ✓
[11:45:57] DISPATCH  id=  1  check_emotion()
[11:45:57] FEEDBACK  id=  1  ENABLED
[11:45:59] FEEDBACK  id=  1  ENABLED
[11:45:59] FEEDBACK  id=  1  SUCCEEDED ✓
[11:45:59] FEEDBACK  id=  2  ENABLED
[11:45:59] DISPATCH  id=  2  ask_medium()
[11:45:59] FEEDBACK  id=  2  ENABLED
[11:46:27] FEEDBACK  id=  2  FAILED ✗
[11:46:30] DISPATCH  id=  0  comfort()
[11:46:30] FEEDBACK  id=  0  ENABLED
[11:46:30] FEEDBACK  id=  0  ENABLED
[11:47:21] FEEDBACK  id=  0  SUCCEEDED ✓
[11:47:21] DISPATCH  id=  1  check_emotion()
[11:47:21] FEEDBACK  id=  1  ENABLED
[11:47:22] FEEDBACK  id=  1  ENABLED
[11:47:22] FEEDBACK  id=  1  SUCCEEDED ✓
[11:47:22] FEEDBACK  id=  2  ENABLED
[11:47:22] FEEDBACK  id=  2  ENABLED
[11:47:22] DISPATCH  id=  2  sound_medium()
[11:47:44] FEEDBACK  id=  2  SUCCEEDED ✓
[11:47:45] DISPATCH  id=  3  check_emotion()
[11:47:45] FEEDBACK  id=  3  ENABLED
[11:47:46] FEEDBACK  id=  3  ENABLED
[11:47:47] FEEDBACK  id=  3  SUCCEEDED ✓
[11:47:47] DISPATCH  id=  4  image_hard()
[11:47:47] FEEDBACK  id=  4  ENABLED
[11:47:47] FEEDBACK  id=  4  ENABLED
[11:48:07] FEEDBACK  id=  4  SUCCEEDED ✓
[11:48:07] DISPATCH  id=  5  conclude_game()
[11:48:07] FEEDBACK  id=  5  ENABLED
[11:48:07] FEEDBACK  id=  5  ENABLED
[11:48:11] FEEDBACK  id=  5  SUCCEEDED ✓
[11:48:11] DISPATCH  id=  6  say_goodbye()
[11:48:11] FEEDBACK  id=  6  ENABLED
[11:48:11] FEEDBACK  id=  6  ENABLED
[11:48:21] FEEDBACK  id=  6  SUCCEEDED ✓
