[11:47:55] [INFO ] Mostro immagine: calamita_icon
[11:47:55] [INFO ] In ascolto (tentativo 1/2)...
[11:47:59] [INFO ] Riconosciuto: Calamita.
[11:48:07] [INFO ] KB: Set function 'n_questions' = 5.0
[11:48:07] [INFO ] KB: Set function 'n_hard' = 1.0
[11:48:07] [INFO ] KB: Set function 'image_uses' = 1.0
[11:48:07] [INFO ] KB: Set function 'right_answers' = 3.0
[11:48:07] [INFO ] KB: Removed predicate 'answered_wrong'
[11:48:07] [INFO ] KB: Removed predicate 'emotion_checked'
[11:48:07] [INFO ] KB: Set function 'robot_e' = 3.44
[11:48:07] [INFO ] KB: Set function 'robot_p' = 2.93
[11:48:07] [INFO ] KB: Set function 'robot_a' = 0.92
[11:48:07] [INFO ] KB: Set function 'robot_e_sq' = 11.8336
[11:48:07] [INFO ] KB: Set function 'robot_p_sq' = 8.5849
[11:48:07] [INFO ] KB: Set function 'robot_a_sq' = 0.8464
[11:48:07] [INFO ] KB: Set function 'human_e' = 3.44
[11:48:07] [INFO ] KB: Set function 'human_p' = 2.93
[11:48:07] [INFO ] KB: Set function 'human_a' = 0.92
[11:48:07] [INFO ] KB: Set function 'human_e_sq' = 11.8336
[11:48:07] [INFO ] KB: Set function 'human_p_sq' = 8.5849
[11:48:07] [INFO ] KB: Set function 'human_a_sq' = 0.8464
