[11:47:28] [INFO ] Riproduzione suono: QT/sound_medium/referee_whistle
[11:47:31] [INFO ] In ascolto (tentativo 1/2)...
[11:47:31] [INFO ] Mostro immagine: listening_icon
[11:47:36] [INFO ] Riconosciuto: L'arbitro.
[11:47:44] [INFO ] KB: Set function 'n_questions' = 4.0
[11:47:44] [INFO ] KB: Set function 'n_medium' = 2.0
[11:47:44] [INFO ] KB: Set function 'sound_uses' = 1.0
[11:47:44] [INFO ] KB: Set function 'right_answers' = 2.0
[11:47:44] [INFO ] KB: Removed predicate 'answered_wrong'
[11:47:44] [INFO ] KB: Removed predicate 'emotion_checked'
[11:47:44] [INFO ] KB: Set function 'robot_e' = 3.44
[11:47:44] [INFO ] KB: Set function 'robot_p' = 2.93
[11:47:44] [INFO ] KB: Set function 'robot_a' = 0.92
[11:47:44] [INFO ] KB: Set function 'robot_e_sq' = 11.8336
[11:47:44] [INFO ] KB: Set function 'robot_p_sq' = 8.5849
[11:47:44] [INFO ] KB: Set function 'robot_a_sq' = 0.8464
[11:47:44] [INFO ] KB: Set function 'human_e' = 3.44
[11:47:44] [INFO ] KB: Set function 'human_p' = 2.93
[11:47:44] [INFO ] KB: Set function 'human_a' = 0.92
[11:47:44] [INFO ] KB: Set function 'human_e_sq' = 11.8336
[11:47:44] [INFO ] KB: Set function 'human_p_sq' = 8.5849
[11:47:44] [INFO ] KB: Set function 'human_a_sq' = 0.8464
