[15:56:51] [INFO ] Publishing emotion: QT/showing_smile
[15:56:52] [INFO ] Playing gesture: QT/Show-face
[15:57:06] [INFO ] Mostro immagine: listening_icon
[15:57:10] [INFO ] Riconosciuto: Mi sento bene.
[15:57:12] [INFO ] Publishing emotion: QT/happy_blinking
[15:57:14] [INFO ] Playing gesture: QT/emotions/happy
[15:57:29] [INFO ] Mostro immagine: listening_icon
[15:57:33] [INFO ] Riconosciuto: Andare a giocare a calcetto?
[15:57:35] [INFO ] Publishing emotion: QT/happy_blinking
[15:57:37] [INFO ] Playing gesture: QT/monkey
[15:57:58] [INFO ] Mostro immagine: listening_icon
[15:58:13] [INFO ] Riconosciuto: Tutto.
[15:58:21] [INFO ] Publishing emotion: QT/happy_blinking
[15:58:22] [INFO ] Playing gesture: QT/emotions/hoora
[15:58:40] [INFO ] KB: Removed predicate 'answered_wrong'
[15:59:27] [INFO ] Publishing emotion: QT/showing_smile
[15:59:29] [INFO ] Playing gesture: QT/hand-front-hold
[15:59:43] [INFO ] Mostro immagine: listening_icon
[15:59:47] [INFO ] Riconosciuto: Tutto OK?
[15:59:49] [INFO ] Publishing emotion: QT/showing_smile
[15:59:50] [INFO ] Playing gesture: QT/emotions/calm
[16:00:06] [INFO ] Mostro immagine: listening_icon
[16:00:10] [INFO ] Riconosciuto: Non lo so.
[16:00:13] [INFO ] Publishing emotion: QT/showing_smile
[16:00:14] [INFO ] Playing gesture: QT/monkey
[16:00:37] [INFO ] Mostro immagine: listening_icon
[16:00:42] [INFO ] Riconosciuto: Fare ginnastica artistica.
[16:00:49] [INFO ] Publishing emotion: QT/happy
[16:00:50] [INFO ] Playing gesture: QT/emotions/hoora
[16:01:11] [INFO ] KB: Removed predicate 'answered_wrong'
