=== Session: p16  started at 2026-09-10 15:54:55.539115 ===
[15:55:07] DISPATCH  id=  0  greet_warmly()
[15:55:07] FEEDBACK  id=  0  ENABLED
[15:55:07] FEEDBACK  id=  0  ENABLED
[15:55:15] FEEDBACK  id=  0  SUCCEEDED ✓
[15:55:15] DISPATCH  id=  1  introduce_game()
[15:55:15] FEEDBACK  id=  1  ENABLED
[15:55:15] FEEDBACK  id=  1  ENABLED
[15:55:32] FEEDBACK  id=  1  SUCCEEDED ✓
[15:55:32] FEEDBACK  id=  2  ENABLED
[15:55:32] DISPATCH  id=  2  ask_easy()
[15:55:32] FEEDBACK  id=  2  ENABLED
[15:55:51] FEEDBACK  id=  2  SUCCEEDED ✓
[15:55:51] DISPATCH  id=  3  mime_easy()
[15:55:51] FEEDBACK  id=  3  ENABLED
[15:55:51] FEEDBACK  id=  3  ENABLED
[15:56:41] FEEDBACK  id=  3  FAILED ✗
[15:56:44] DISPATCH  id=  0  comfort()
[15:56:44] FEEDBACK  id=  0  ENABLED
[15:56:44] FEEDBACK  id=  0  ENABLED
[15:58:40] FEEDBACK  id=  0  SUCCEEDED ✓
[15:58:40] DISPATCH  id=  1  image_medium()
[15:58:40] FEEDBACK  id=  1  ENABLED
[15:58:40] FEEDBACK  id=  1  ENABLED
[15:59:17] FEEDBACK  id=  1  FAILED ✗
[15:59:21] DISPATCH  id=  0  comfort()
[15:59:21] FEEDBACK  id=  0  ENABLED
[15:59:21] FEEDBACK  id=  0  ENABLED
[16:01:11] FEEDBACK  id=  0  SUCCEEDED ✓
[16:01:11] DISPATCH  id=  1  sound_medium()
[16:01:11] FEEDBACK  id=  1  ENABLED
[16:01:11] FEEDBACK  id=  1  ENABLED
[16:01:42] FEEDBACK  id=  1  SUCCEEDED ✓
[16:01:42] DISPATCH  id=  2  ask_hard()
[16:01:42] FEEDBACK  id=  2  ENABLED
[16:01:42] FEEDBACK  id=  2  ENABLED
[16:01:58] FEEDBACK  id=  2  SUCCEEDED ✓
[16:01:58] FEEDBACK  id=  3  ENABLED
[16:01:58] DISPATCH  id=  3  conclude_game()
[16:01:58] FEEDBACK  id=  3  ENABLED
[16:02:02] FEEDBACK  id=  3  SUCCEEDED ✓
[16:02:02] DISPATCH  id=  4  say_goodbye()
[16:02:02] FEEDBACK  id=  4  ENABLED
[16:02:02] FEEDBACK  id=  4  ENABLED
[16:02:12] FEEDBACK  id=  4  SUCCEEDED ✓
