[10:10:25] [INFO ] KB: 'human_e' = -1.77
[10:10:25] [INFO ] KB: 'human_p' = 0.57
[10:10:25] [INFO ] KB: 'human_a' = 1.8
[10:10:25] [INFO ] KB: 'human_e_sq' = 3.1329000000000002
[10:10:25] [INFO ] KB: 'human_p_sq' = 0.32489999999999997
[10:10:25] [INFO ] KB: 'human_a_sq' = 3.24
[10:10:26] [INFO ] KB: 'ask_easy_coeff' = 1.0
[10:10:26] [INFO ] KB: 'ask_medium_coeff' = 1.1
[10:10:26] [INFO ] KB: 'ask_hard_coeff' = 1.2
[10:10:26] [INFO ] KB: 'mime_easy_coeff' = 1.0
[10:10:26] [INFO ] KB: 'mime_medium_coeff' = 1.1
[10:10:26] [INFO ] KB: 'mime_hard_coeff' = 1.2
[10:10:26] [INFO ] KB: 'sound_easy_coeff' = 1.0
[10:10:26] [INFO ] KB: 'sound_medium_coeff' = 1.1
[10:10:26] [INFO ] KB: 'sound_hard_coeff' = 1.2
[10:10:26] [INFO ] KB: 'image_easy_coeff' = 1.0
[10:10:26] [INFO ] KB: 'image_medium_coeff' = 1.1
[10:10:26] [INFO ] KB: 'image_hard_coeff' = 1.2
[10:10:26] [INFO ] KB: 'ask_easy_coeff' = 10.0
[10:10:27] [INFO ] KB: 'ask_medium_coeff' = 11.0
[10:10:27] [INFO ] KB: 'ask_hard_coeff' = 12.0
[10:10:27] [INFO ] KB: 'n_easy' = 1.0
[10:10:27] [INFO ] KB: 'n_medium' = 0.0
[10:10:27] [INFO ] KB: 'n_hard' = 0.0
[10:10:27] [INFO ] KB: 'n_questions' = 1.0
