=== Session: utente  started at 2026-09-09 10:09:18.568268 ===
[10:09:38] DISPATCH  id=  0  greet_warmly()
[10:09:38] FEEDBACK  id=  0  ENABLED
[10:09:38] FEEDBACK  id=  0  ENABLED
[10:09:43] FEEDBACK  id=  0  SUCCEEDED ✓
[10:09:43] DISPATCH  id=  1  introduce_game()
[10:09:43] FEEDBACK  id=  1  ENABLED
[10:09:43] FEEDBACK  id=  1  ENABLED
[10:09:55] FEEDBACK  id=  1  SUCCEEDED ✓
[10:09:55] DISPATCH  id=  2  check_emotion()
[10:09:55] FEEDBACK  id=  2  ENABLED
[10:10:02] FEEDBACK  id=  2  ENABLED
[10:10:03] FEEDBACK  id=  2  SUCCEEDED ✓
[10:10:03] DISPATCH  id=  3  ask_easy()
[10:10:03] FEEDBACK  id=  3  ENABLED
[10:10:03] FEEDBACK  id=  3  ENABLED
[10:10:17] FEEDBACK  id=  3  SUCCEEDED ✓
[10:10:17] DISPATCH  id=  4  check_emotion()
[10:10:17] FEEDBACK  id=  4  ENABLED
[10:10:25] FEEDBACK  id=  4  ENABLED
[10:10:25] FEEDBACK  id=  4  FAILED ✗
[10:10:29] DISPATCH  id=  0  take_a_break()
[10:10:29] FEEDBACK  id=  0  ENABLED
[10:10:29] FEEDBACK  id=  0  ENABLED
[10:11:54] FEEDBACK  id=  0  SUCCEEDED ✓
[10:11:54] FEEDBACK  id=  1  STATUS_0
