[10:22:08] [INFO ] QT talking: 'Qual è l'animale con il collo più lungo?'
[10:22:08] [INFO ] In ascolto (tentativo 1/2)...
[10:22:08] [INFO ] Mostro immagine: listening_icon
[10:22:17] [INFO ] Riconosciuto: Puoi ripetere?
[10:22:20] [INFO ] In ascolto (tentativo 1/2)...
[10:22:20] [INFO ] Mostro immagine: listening_icon
[10:22:24] [INFO ] Riconosciuto: La Giraffa.
[10:22:34] [INFO ] KB: Set function 'n_questions' = 1.0
[10:22:34] [INFO ] KB: Set function 'n_easy' = 1.0
[10:22:34] [INFO ] KB: Set function 'ask_uses' = 1.0
[10:22:34] [INFO ] KB: Set function 'right_answers' = 1.0
[10:22:34] [INFO ] KB: Removed predicate 'answered_wrong'
[10:22:34] [INFO ] KB: Removed predicate 'emotion_checked'
[10:22:34] [INFO ] KB: Set function 'robot_e' = 3.44
[10:22:34] [INFO ] KB: Set function 'robot_p' = 2.93
[10:22:34] [INFO ] KB: Set function 'robot_a' = 0.92
[10:22:34] [INFO ] KB: Set function 'robot_e_sq' = 11.8336
[10:22:34] [INFO ] KB: Set function 'robot_p_sq' = 8.5849
[10:22:34] [INFO ] KB: Set function 'robot_a_sq' = 0.8464
[10:22:34] [INFO ] KB: Set function 'human_e' = 3.44
[10:22:34] [INFO ] KB: Set function 'human_p' = 2.93
[10:22:34] [INFO ] KB: Set function 'human_a' = 0.92
[10:22:34] [INFO ] KB: Set function 'human_e_sq' = 11.8336
[10:22:34] [INFO ] KB: Set function 'human_p_sq' = 8.5849
[10:22:34] [INFO ] KB: Set function 'human_a_sq' = 0.8464
