[10:21:10] [INFO ] KB: 'human_e' = -2.37
[10:21:10] [INFO ] KB: 'human_p' = -1.04
[10:21:10] [INFO ] KB: 'human_a' = -0.71
[10:21:10] [INFO ] KB: 'human_e_sq' = 5.6169
[10:21:10] [INFO ] KB: 'human_p_sq' = 1.0816000000000001
[10:21:10] [INFO ] KB: 'human_a_sq' = 0.5041
[10:21:11] [INFO ] KB: 'ask_easy_coeff' = 1.0
[10:21:11] [INFO ] KB: 'ask_medium_coeff' = 1.1
[10:21:11] [INFO ] KB: 'ask_hard_coeff' = 1.2
[10:21:11] [INFO ] KB: 'mime_easy_coeff' = 1.0
[10:21:11] [INFO ] KB: 'mime_medium_coeff' = 1.1
[10:21:11] [INFO ] KB: 'mime_hard_coeff' = 1.2
[10:21:11] [INFO ] KB: 'sound_easy_coeff' = 1.0
[10:21:11] [INFO ] KB: 'sound_medium_coeff' = 1.1
[10:21:11] [INFO ] KB: 'sound_hard_coeff' = 1.2
[10:21:11] [INFO ] KB: 'image_easy_coeff' = 1.0
[10:21:11] [INFO ] KB: 'image_medium_coeff' = 1.1
[10:21:11] [INFO ] KB: 'image_hard_coeff' = 1.2
[10:21:11] [INFO ] KB: 'n_easy' = 0.0
[10:21:11] [INFO ] KB: 'n_medium' = 0.0
[10:21:11] [INFO ] KB: 'n_hard' = 0.0
[10:21:11] [INFO ] KB: 'n_questions' = 0.0
