=== Session: p19  started at 2026-09-11 10:18:10.538183 ===
[10:20:46] FEEDBACK  id=  0  ENABLED
[10:20:46] DISPATCH  id=  0  greet_warmly()
[10:20:47] FEEDBACK  id=  0  ENABLED
[10:20:55] FEEDBACK  id=  0  SUCCEEDED ✓
[10:20:55] FEEDBACK  id=  1  ENABLED
[10:20:55] DISPATCH  id=  1  introduce_game()
[10:20:55] FEEDBACK  id=  1  ENABLED
[10:21:08] FEEDBACK  id=  1  SUCCEEDED ✓
[10:21:09] FEEDBACK  id=  2  ENABLED
[10:21:09] DISPATCH  id=  2  check_emotion()
[10:21:10] FEEDBACK  id=  2  ENABLED
[10:21:10] FEEDBACK  id=  2  FAILED ✗
[10:21:14] DISPATCH  id=  0  tell_a_joke()
[10:21:14] FEEDBACK  id=  0  ENABLED
[10:21:14] FEEDBACK  id=  0  ENABLED
[10:22:03] FEEDBACK  id=  0  SUCCEEDED ✓
[10:22:03] DISPATCH  id=  1  check_emotion()
[10:22:03] FEEDBACK  id=  1  ENABLED
[10:22:05] FEEDBACK  id=  1  ENABLED
[10:22:05] FEEDBACK  id=  1  SUCCEEDED ✓
[10:22:05] FEEDBACK  id=  2  ENABLED
[10:22:05] DISPATCH  id=  2  ask_easy()
[10:22:05] FEEDBACK  id=  2  ENABLED
[10:22:34] FEEDBACK  id=  2  SUCCEEDED ✓
[10:22:35] DISPATCH  id=  3  check_emotion()
[10:22:35] FEEDBACK  id=  3  ENABLED
[10:22:36] FEEDBACK  id=  3  ENABLED
[10:22:36] FEEDBACK  id=  3  SUCCEEDED ✓
[10:22:36] FEEDBACK  id=  4  ENABLED
[10:22:36] DISPATCH  id=  4  mime_easy()
[10:22:36] FEEDBACK  id=  4  ENABLED
[10:23:21] FEEDBACK  id=  4  FAILED ✗
[10:23:24] DISPATCH  id=  0  comfort()
[10:23:24] FEEDBACK  id=  0  ENABLED
[10:23:24] FEEDBACK  id=  0  ENABLED
[10:25:32] FEEDBACK  id=  0  SUCCEEDED ✓
[10:25:32] DISPATCH  id=  1  check_emotion()
[10:25:32] FEEDBACK  id=  1  ENABLED
[10:25:33] FEEDBACK  id=  1  ENABLED
[10:25:34] FEEDBACK  id=  1  SUCCEEDED ✓
[10:25:34] FEEDBACK  id=  2  ENABLED
[10:25:34] DISPATCH  id=  2  sound_medium()
[10:25:34] FEEDBACK  id=  2  ENABLED
[10:27:21] FEEDBACK  id=  2  FAILED ✗
[10:27:25] FEEDBACK  id=  0  ENABLED
[10:27:25] DISPATCH  id=  0  comfort()
[10:27:25] FEEDBACK  id=  0  ENABLED
[10:29:11] FEEDBACK  id=  0  SUCCEEDED ✓
[10:29:11] DISPATCH  id=  1  check_emotion()
[10:29:11] FEEDBACK  id=  1  ENABLED
[10:29:13] FEEDBACK  id=  1  ENABLED
[10:29:13] FEEDBACK  id=  1  SUCCEEDED ✓
[10:29:13] DISPATCH  id=  2  image_medium()
[10:29:13] FEEDBACK  id=  2  ENABLED
[10:29:13] FEEDBACK  id=  2  ENABLED
[10:29:29] FEEDBACK  id=  2  SUCCEEDED ✓
[10:29:29] FEEDBACK  id=  3  ENABLED
[10:29:29] DISPATCH  id=  3  check_emotion()
[10:29:31] FEEDBACK  id=  3  ENABLED
[10:29:31] FEEDBACK  id=  3  SUCCEEDED ✓
[10:29:31] DISPATCH  id=  4  ask_hard()
[10:29:31] FEEDBACK  id=  4  ENABLED
[10:29:31] FEEDBACK  id=  4  ENABLED
[10:30:25] FEEDBACK  id=  4  FAILED ✗
[10:30:29] DISPATCH  id=  0  conclude_game()
[10:30:29] FEEDBACK  id=  0  ENABLED
[10:30:29] FEEDBACK  id=  0  ENABLED
[10:30:33] FEEDBACK  id=  0  SUCCEEDED ✓
[10:30:33] DISPATCH  id=  1  say_goodbye()
[10:30:33] FEEDBACK  id=  1  ENABLED
[10:30:33] FEEDBACK  id=  1  ENABLED
[10:30:43] FEEDBACK  id=  1  SUCCEEDED ✓
