[10:25:39] [INFO ] Riproduzione suono: QT/sound_medium/referee_whistle
[10:25:43] [INFO ] In ascolto (tentativo 1/2)...
[10:25:43] [INFO ] Mostro immagine: listening_icon
[10:26:01] [INFO ] Riproduzione suono: QT/sound_medium/referee_whistle
[10:26:05] [INFO ] In ascolto (tentativo 1/2)...
[10:26:05] [INFO ] Mostro immagine: listening_icon
[10:26:23] [INFO ] Riproduzione suono: QT/sound_medium/referee_whistle
[10:26:27] [INFO ] In ascolto (tentativo 1/2)...
[10:26:27] [INFO ] Mostro immagine: listening_icon
[10:26:45] [INFO ] Riproduzione suono: QT/sound_medium/referee_whistle
[10:26:49] [INFO ] In ascolto (tentativo 1/2)...
[10:26:49] [INFO ] Mostro immagine: listening_icon
[10:26:53] [INFO ] Riconosciuto: Non lo so.
[10:27:04] [INFO ] Riproduzione suono: QT/sound_medium/referee_whistle
[10:27:07] [INFO ] In ascolto (tentativo 2/2)...
[10:27:07] [INFO ] Mostro immagine: listening_icon
[10:27:12] [INFO ] Riconosciuto: Giudice.
[10:27:21] [INFO ] KB: Set function 'n_questions' = 3.0
[10:27:21] [INFO ] KB: Set function 'n_medium' = 1.0
[10:27:21] [INFO ] KB: Set function 'sound_uses' = 1.0
[10:27:21] [INFO ] KB: Set function 'wrong_answers' = 2.0
[10:27:21] [INFO ] KB: Added predicate 'answered_wrong'
[10:27:21] [INFO ] KB: Set function 'robot_e' = 3.44
[10:27:21] [INFO ] KB: Set function 'robot_p' = 2.93
[10:27:21] [INFO ] KB: Set function 'robot_a' = 0.92
[10:27:21] [INFO ] KB: Set function 'robot_e_sq' = 11.8336
[10:27:21] [INFO ] KB: Set function 'robot_p_sq' = 8.5849
[10:27:21] [INFO ] KB: Set function 'robot_a_sq' = 0.8464
[10:27:21] [INFO ] KB: Set function 'human_e' = 3.44
[10:27:21] [INFO ] KB: Set function 'human_p' = 2.93
[10:27:21] [INFO ] KB: Set function 'human_a' = 0.92
[10:27:21] [INFO ] KB: Set function 'human_e_sq' = 11.8336
[10:27:21] [INFO ] KB: Set function 'human_p_sq' = 8.5849
[10:27:21] [INFO ] KB: Set function 'human_a_sq' = 0.8464
