=== Session: utente1  started at 2026-09-09 17:39:44.200227 ===
[17:40:04] DISPATCH  id=  0  greet_warmly()
[17:40:04] FEEDBACK  id=  0  ENABLED
[17:40:04] FEEDBACK  id=  0  ENABLED
[17:40:13] FEEDBACK  id=  0  SUCCEEDED ✓
[17:40:13] DISPATCH  id=  1  introduce_game()
[17:40:13] FEEDBACK  id=  1  ENABLED
[17:40:13] FEEDBACK  id=  1  ENABLED
[17:41:55] FEEDBACK  id=  1  SUCCEEDED ✓
[17:41:56] DISPATCH  id=  2  sound_easy()
[17:41:56] FEEDBACK  id=  2  ENABLED
[17:41:56] FEEDBACK  id=  2  ENABLED
[17:42:17] FEEDBACK  id=  2  SUCCEEDED ✓
[17:42:17] DISPATCH  id=  3  mime_easy()
[17:42:17] FEEDBACK  id=  3  ENABLED
[17:42:17] FEEDBACK  id=  3  ENABLED
[17:43:23] FEEDBACK  id=  3  SUCCEEDED ✓
[17:43:23] FEEDBACK  id=  4  ENABLED
[17:43:23] DISPATCH  id=  4  ask_medium()
[17:43:23] FEEDBACK  id=  4  ENABLED
[17:43:55] FEEDBACK  id=  4  FAILED ✗
[17:43:58] DISPATCH  id=  0  comfort()
[17:43:58] FEEDBACK  id=  0  ENABLED
[17:43:58] FEEDBACK  id=  0  ENABLED
[17:45:49] FEEDBACK  id=  0  SUCCEEDED ✓
[17:45:49] DISPATCH  id=  1  image_medium()
[17:45:49] FEEDBACK  id=  1  ENABLED
[17:45:49] FEEDBACK  id=  1  ENABLED
[17:46:12] FEEDBACK  id=  1  SUCCEEDED ✓
[17:46:12] DISPATCH  id=  2  ask_hard()
[17:46:12] FEEDBACK  id=  2  ENABLED
[17:46:12] FEEDBACK  id=  2  ENABLED
[17:46:32] FEEDBACK  id=  2  SUCCEEDED ✓
[17:46:32] DISPATCH  id=  3  conclude_game()
[17:46:32] FEEDBACK  id=  3  ENABLED
[17:46:32] FEEDBACK  id=  3  ENABLED
[17:46:36] FEEDBACK  id=  3  SUCCEEDED ✓
[17:46:36] DISPATCH  id=  4  say_goodbye()
[17:46:36] FEEDBACK  id=  4  ENABLED
[17:46:36] FEEDBACK  id=  4  ENABLED
[17:46:46] FEEDBACK  id=  4  SUCCEEDED ✓
