[17:35:25] [INFO ] Riproduzione suono: QT/sound_medium/clock
[17:35:33] [INFO ] In ascolto (tentativo 1/2)...
[17:35:33] [INFO ] Mostro immagine: listening_icon
[17:35:37] [INFO ] Riconosciuto: Un orologio?
[17:35:45] [INFO ] KB: Set function 'n_questions' = 4.0
[17:35:45] [INFO ] KB: Set function 'n_medium' = 2.0
[17:35:45] [INFO ] KB: Set function 'sound_uses' = 1.0
[17:35:45] [INFO ] KB: Set function 'right_answers' = 3.0
[17:35:45] [INFO ] KB: Removed predicate 'answered_wrong'
[17:35:45] [INFO ] KB: Removed predicate 'emotion_checked'
[17:35:45] [INFO ] KB: Set function 'robot_e' = 3.44
[17:35:45] [INFO ] KB: Set function 'robot_p' = 2.93
[17:35:45] [INFO ] KB: Set function 'robot_a' = 0.92
[17:35:45] [INFO ] KB: Set function 'robot_e_sq' = 11.8336
[17:35:45] [INFO ] KB: Set function 'robot_p_sq' = 8.5849
[17:35:45] [INFO ] KB: Set function 'robot_a_sq' = 0.8464
[17:35:45] [INFO ] KB: Set function 'human_e' = 3.44
[17:35:45] [INFO ] KB: Set function 'human_p' = 2.93
[17:35:45] [INFO ] KB: Set function 'human_a' = 0.92
[17:35:45] [INFO ] KB: Set function 'human_e_sq' = 11.8336
[17:35:45] [INFO ] KB: Set function 'human_p_sq' = 8.5849
[17:35:45] [INFO ] KB: Set function 'human_a_sq' = 0.8464
