=== Session: p13  started at 2026-09-10 15:10:22.666819 ===
[15:15:15] DISPATCH  id=  0  greet_warmly()
[15:15:15] FEEDBACK  id=  0  ENABLED
[15:15:15] FEEDBACK  id=  0  ENABLED
[15:15:24] FEEDBACK  id=  0  SUCCEEDED ✓
[15:15:24] FEEDBACK  id=  1  ENABLED
[15:15:24] DISPATCH  id=  1  introduce_game()
[15:15:24] FEEDBACK  id=  1  ENABLED
[15:15:36] FEEDBACK  id=  1  SUCCEEDED ✓
[15:15:36] DISPATCH  id=  2  check_emotion()
[15:15:36] FEEDBACK  id=  2  ENABLED
[15:15:39] FEEDBACK  id=  2  ENABLED
[15:15:40] FEEDBACK  id=  2  SUCCEEDED ✓
[15:15:40] DISPATCH  id=  3  ask_easy()
[15:15:40] FEEDBACK  id=  3  ENABLED
[15:15:40] FEEDBACK  id=  3  ENABLED
[15:15:57] FEEDBACK  id=  3  SUCCEEDED ✓
[15:15:58] DISPATCH  id=  4  check_emotion()
[15:15:58] FEEDBACK  id=  4  ENABLED
[15:15:59] FEEDBACK  id=  4  ENABLED
[15:15:59] FEEDBACK  id=  4  SUCCEEDED ✓
[15:15:59] FEEDBACK  id=  5  ENABLED
[15:15:59] DISPATCH  id=  5  mime_easy()
[15:15:59] FEEDBACK  id=  5  ENABLED
[15:16:46] FEEDBACK  id=  5  FAILED ✗
[15:16:50] DISPATCH  id=  0  comfort()
[15:16:50] FEEDBACK  id=  0  ENABLED
[15:16:50] FEEDBACK  id=  0  ENABLED
[15:17:43] FEEDBACK  id=  0  SUCCEEDED ✓
[15:17:43] DISPATCH  id=  1  check_emotion()
[15:17:43] FEEDBACK  id=  1  ENABLED
[15:17:44] FEEDBACK  id=  1  ENABLED
[15:17:44] FEEDBACK  id=  1  SUCCEEDED ✓
[15:17:44] DISPATCH  id=  2  image_medium()
[15:17:44] FEEDBACK  id=  2  ENABLED
[15:17:44] FEEDBACK  id=  2  ENABLED
