[15:16:10] [INFO ] In ascolto (tentativo 1/2)...
[15:16:10] [INFO ] Mostro immagine: listening_icon
[15:16:13] [INFO ] Riconosciuto: Stai Ballando?
[15:16:23] [INFO ] In ascolto (tentativo 2/2)...
[15:16:23] [INFO ] Mostro immagine: listening_icon
[15:16:35] [INFO ] Riconosciuto: Okay, va bene.
[15:16:46] [INFO ] KB: Set function 'n_questions' = 2.0
[15:16:46] [INFO ] KB: Set function 'n_easy' = 2.0
[15:16:46] [INFO ] KB: Set function 'mime_uses' = 1.0
[15:16:46] [INFO ] KB: Set function 'wrong_answers' = 1.0
[15:16:46] [INFO ] KB: Added predicate 'answered_wrong'
[15:16:46] [INFO ] KB: Set function 'robot_e' = 3.44
[15:16:46] [INFO ] KB: Set function 'robot_p' = 2.93
[15:16:46] [INFO ] KB: Set function 'robot_a' = 0.92
[15:16:46] [INFO ] KB: Set function 'robot_e_sq' = 11.8336
[15:16:46] [INFO ] KB: Set function 'robot_p_sq' = 8.5849
[15:16:46] [INFO ] KB: Set function 'robot_a_sq' = 0.8464
[15:16:46] [INFO ] KB: Set function 'human_e' = 3.44
[15:16:46] [INFO ] KB: Set function 'human_p' = 2.93
[15:16:46] [INFO ] KB: Set function 'human_a' = 0.92
[15:16:46] [INFO ] KB: Set function 'human_e_sq' = 11.8336
[15:16:46] [INFO ] KB: Set function 'human_p_sq' = 8.5849
[15:16:46] [INFO ] KB: Set function 'human_a_sq' = 0.8464
