[14:23:11] [INFO ] QT talking: 'Qual è la lingua più parlata al mondo?'
[14:23:11] [INFO ] In ascolto (tentativo 1/2)...
[14:23:11] [INFO ] Mostro immagine: listening_icon
[14:23:15] [INFO ] Riconosciuto: Italiano.
[14:23:26] [INFO ] In ascolto (tentativo 2/2)...
[14:23:26] [INFO ] Mostro immagine: listening_icon
[14:23:30] [INFO ] Riconosciuto: Inglese.
[14:23:42] [INFO ] KB: Set function 'n_questions' = 3.0
[14:23:42] [INFO ] KB: Set function 'n_medium' = 1.0
[14:23:42] [INFO ] KB: Set function 'ask_uses' = 2.0
[14:23:42] [INFO ] KB: Set function 'wrong_answers' = 2.0
[14:23:42] [INFO ] KB: Added predicate 'answered_wrong'
[14:23:42] [INFO ] KB: Set function 'robot_e' = 3.44
[14:23:42] [INFO ] KB: Set function 'robot_p' = 2.93
[14:23:42] [INFO ] KB: Set function 'robot_a' = 0.92
[14:23:42] [INFO ] KB: Set function 'robot_e_sq' = 11.8336
[14:23:42] [INFO ] KB: Set function 'robot_p_sq' = 8.5849
[14:23:42] [INFO ] KB: Set function 'robot_a_sq' = 0.8464
[14:23:42] [INFO ] KB: Set function 'human_e' = 3.44
[14:23:42] [INFO ] KB: Set function 'human_p' = 2.93
[14:23:42] [INFO ] KB: Set function 'human_a' = 0.92
[14:23:42] [INFO ] KB: Set function 'human_e_sq' = 11.8336
[14:23:42] [INFO ] KB: Set function 'human_p_sq' = 8.5849
[14:23:42] [INFO ] KB: Set function 'human_a_sq' = 0.8464
