[14:20:39] [INFO ] QT talking: 'Qual è la capitale dell'Italia?'
[14:20:39] [INFO ] In ascolto (tentativo 1/2)...
[14:20:39] [INFO ] Mostro immagine: listening_icon
[14:20:47] [INFO ] Riconosciuto: Non lo so.
[14:20:57] [INFO ] In ascolto (tentativo 2/2)...
[14:20:57] [INFO ] Mostro immagine: listening_icon
[14:21:08] [INFO ] Riconosciuto: Non ho capito.
[14:21:11] [INFO ] In ascolto (tentativo 2/2)...
[14:21:11] [INFO ] Mostro immagine: listening_icon
[14:21:19] [INFO ] Riconosciuto: Non lo so.
[14:21:29] [INFO ] KB: Set function 'n_questions' = 1.0
[14:21:29] [INFO ] KB: Set function 'n_easy' = 1.0
[14:21:29] [INFO ] KB: Set function 'ask_uses' = 1.0
[14:21:29] [INFO ] KB: Set function 'wrong_answers' = 1.0
[14:21:29] [INFO ] KB: Added predicate 'answered_wrong'
[14:21:29] [INFO ] KB: Set function 'robot_e' = 3.44
[14:21:29] [INFO ] KB: Set function 'robot_p' = 2.93
[14:21:30] [INFO ] KB: Set function 'robot_a' = 0.92
[14:21:30] [INFO ] KB: Set function 'robot_e_sq' = 11.8336
[14:21:30] [INFO ] KB: Set function 'robot_p_sq' = 8.5849
[14:21:30] [INFO ] KB: Set function 'robot_a_sq' = 0.8464
[14:21:30] [INFO ] KB: Set function 'human_e' = 3.44
[14:21:30] [INFO ] KB: Set function 'human_p' = 2.93
[14:21:30] [INFO ] KB: Set function 'human_a' = 0.92
[14:21:30] [INFO ] KB: Set function 'human_e_sq' = 11.8336
[14:21:30] [INFO ] KB: Set function 'human_p_sq' = 8.5849
[14:21:30] [INFO ] KB: Set function 'human_a_sq' = 0.8464
