[14:21:36] [INFO ] Publishing emotion: QT/showing_smile
[14:21:37] [INFO ] Playing gesture: QT/Show-face
[14:21:53] [INFO ] Mostro immagine: listening_icon
[14:21:57] [INFO ] Riconosciuto: Bene, molto, molto bene.
[14:22:04] [INFO ] Publishing emotion: QT/happy
[14:22:05] [INFO ] Playing gesture: QT/emotions/hoora
[14:22:17] [INFO ] KB: Removed predicate 'answered_wrong'
[14:22:17] [INFO ] KB: Removed predicate 'emotion_checked'
[14:22:17] [INFO ] KB: Set function 'robot_e' = 3.44
[14:22:17] [INFO ] KB: Set function 'robot_e_sq' = 11.8336
[14:22:17] [INFO ] KB: Set function 'robot_p' = 2.93
[14:22:17] [INFO ] KB: Set function 'robot_p_sq' = 8.5849
[14:22:17] [INFO ] KB: Set function 'robot_a' = 0.92
[14:22:17] [INFO ] KB: Set function 'robot_a_sq' = 0.8464
[14:22:17] [INFO ] KB: Set function 'human_e' = 3.44
[14:22:17] [INFO ] KB: Set function 'human_e_sq' = 11.8336
[14:22:17] [INFO ] KB: Set function 'human_p' = 2.93
[14:22:17] [INFO ] KB: Set function 'human_p_sq' = 8.5849
[14:22:17] [INFO ] KB: Set function 'human_a' = 0.92
[14:22:17] [INFO ] KB: Set function 'human_a_sq' = 0.8464
[14:23:53] [INFO ] Publishing emotion: QT/showing_smile
[14:23:54] [INFO ] Playing gesture: QT/hand-front-hold
[14:24:13] [INFO ] Mostro immagine: listening_icon
[14:24:17] [INFO ] Riconosciuto: Molto, molto bene.
[14:24:23] [INFO ] Publishing emotion: QT/happy
[14:24:24] [INFO ] Playing gesture: QT/emotions/hoora
[14:24:37] [INFO ] KB: Removed predicate 'answered_wrong'
[14:24:37] [INFO ] KB: Removed predicate 'emotion_checked'
[14:24:37] [INFO ] KB: Set function 'robot_e' = 3.44
[14:24:37] [INFO ] KB: Set function 'robot_e_sq' = 11.8336
[14:24:37] [INFO ] KB: Set function 'robot_p' = 2.93
[14:24:37] [INFO ] KB: Set function 'robot_p_sq' = 8.5849
[14:24:37] [INFO ] KB: Set function 'robot_a' = 0.92
[14:24:37] [INFO ] KB: Set function 'robot_a_sq' = 0.8464
[14:24:37] [INFO ] KB: Set function 'human_e' = 3.44
[14:24:37] [INFO ] KB: Set function 'human_e_sq' = 11.8336
[14:24:37] [INFO ] KB: Set function 'human_p' = 2.93
[14:24:37] [INFO ] KB: Set function 'human_p_sq' = 8.5849
[14:24:37] [INFO ] KB: Set function 'human_a' = 0.92
[14:24:37] [INFO ] KB: Set function 'human_a_sq' = 0.8464
