=== Session: p9  started at 2026-09-10 14:16:52.291378 ===
[14:20:06] DISPATCH  id=  0  greet_warmly()
[14:20:06] FEEDBACK  id=  0  ENABLED
[14:20:06] FEEDBACK  id=  0  ENABLED
[14:20:15] FEEDBACK  id=  0  SUCCEEDED ✓
[14:20:15] DISPATCH  id=  1  introduce_game()
[14:20:15] FEEDBACK  id=  1  ENABLED
[14:20:15] FEEDBACK  id=  1  ENABLED
[14:20:35] FEEDBACK  id=  1  SUCCEEDED ✓
[14:20:35] DISPATCH  id=  2  check_emotion()
[14:20:35] FEEDBACK  id=  2  ENABLED
[14:20:36] FEEDBACK  id=  2  ENABLED
[14:20:36] FEEDBACK  id=  2  SUCCEEDED ✓
[14:20:36] DISPATCH  id=  3  ask_easy()
[14:20:36] FEEDBACK  id=  3  ENABLED
[14:20:36] FEEDBACK  id=  3  ENABLED
[14:21:30] FEEDBACK  id=  3  FAILED ✗
[14:21:33] FEEDBACK  id=  0  ENABLED
[14:21:33] DISPATCH  id=  0  comfort()
[14:21:33] FEEDBACK  id=  0  ENABLED
[14:22:17] FEEDBACK  id=  0  SUCCEEDED ✓
[14:22:17] DISPATCH  id=  1  check_emotion()
[14:22:17] FEEDBACK  id=  1  ENABLED
[14:22:18] FEEDBACK  id=  1  ENABLED
[14:22:18] FEEDBACK  id=  1  SUCCEEDED ✓
[14:22:18] FEEDBACK  id=  2  ENABLED
[14:22:18] DISPATCH  id=  2  mime_easy()
[14:22:18] FEEDBACK  id=  2  ENABLED
[14:23:07] FEEDBACK  id=  2  SUCCEEDED ✓
[14:23:07] DISPATCH  id=  3  check_emotion()
[14:23:07] FEEDBACK  id=  3  ENABLED
[14:23:08] FEEDBACK  id=  3  ENABLED
[14:23:08] FEEDBACK  id=  3  SUCCEEDED ✓
[14:23:09] DISPATCH  id=  4  ask_medium()
[14:23:09] FEEDBACK  id=  4  ENABLED
[14:23:09] FEEDBACK  id=  4  ENABLED
[14:23:42] FEEDBACK  id=  4  FAILED ✗
[14:23:46] DISPATCH  id=  0  comfort()
[14:23:46] FEEDBACK  id=  0  ENABLED
[14:23:46] FEEDBACK  id=  0  ENABLED
[14:24:37] FEEDBACK  id=  0  SUCCEEDED ✓
[14:24:37] DISPATCH  id=  1  check_emotion()
[14:24:37] FEEDBACK  id=  1  ENABLED
[14:24:39] FEEDBACK  id=  1  ENABLED
[14:24:39] FEEDBACK  id=  1  SUCCEEDED ✓
[14:24:40] FEEDBACK  id=  2  ENABLED
[14:24:40] DISPATCH  id=  2  image_medium()
[14:24:40] FEEDBACK  id=  2  ENABLED
[14:25:15] FEEDBACK  id=  2  SUCCEEDED ✓
[14:25:15] DISPATCH  id=  3  check_emotion()
[14:25:15] FEEDBACK  id=  3  ENABLED
[14:25:17] FEEDBACK  id=  3  ENABLED
[14:25:17] FEEDBACK  id=  3  SUCCEEDED ✓
[14:25:17] DISPATCH  id=  4  sound_hard()
[14:25:17] FEEDBACK  id=  4  ENABLED
[14:25:17] FEEDBACK  id=  4  ENABLED
[14:25:43] FEEDBACK  id=  4  SUCCEEDED ✓
[14:25:43] FEEDBACK  id=  5  ENABLED
[14:25:43] DISPATCH  id=  5  conclude_game()
[14:25:43] FEEDBACK  id=  5  ENABLED
[14:25:47] FEEDBACK  id=  5  SUCCEEDED ✓
[14:25:47] DISPATCH  id=  6  say_goodbye()
[14:25:47] FEEDBACK  id=  6  ENABLED
[14:25:47] FEEDBACK  id=  6  ENABLED
[14:25:57] FEEDBACK  id=  6  SUCCEEDED ✓
