[14:24:46] [INFO ] Mostro immagine: life_jacket_icon
[14:24:46] [INFO ] In ascolto (tentativo 1/2)...
[14:24:51] [INFO ] Riconosciuto: In Banca, in Banca.
[14:25:01] [INFO ] Mostro immagine: life_jacket_icon
[14:25:01] [INFO ] In ascolto (tentativo 2/2)...
[14:25:05] [INFO ] Riconosciuto: Se cadi in quel.
[14:25:15] [INFO ] KB: Set function 'n_questions' = 4.0
[14:25:15] [INFO ] KB: Set function 'n_medium' = 2.0
[14:25:15] [INFO ] KB: Set function 'image_uses' = 1.0
[14:25:15] [INFO ] KB: Set function 'right_answers' = 2.0
[14:25:15] [INFO ] KB: Removed predicate 'answered_wrong'
[14:25:15] [INFO ] KB: Removed predicate 'emotion_checked'
[14:25:15] [INFO ] KB: Set function 'robot_e' = 3.44
[14:25:15] [INFO ] KB: Set function 'robot_p' = 2.93
[14:25:15] [INFO ] KB: Set function 'robot_a' = 0.92
[14:25:15] [INFO ] KB: Set function 'robot_e_sq' = 11.8336
[14:25:15] [INFO ] KB: Set function 'robot_p_sq' = 8.5849
[14:25:15] [INFO ] KB: Set function 'robot_a_sq' = 0.8464
[14:25:15] [INFO ] KB: Set function 'human_e' = 3.44
[14:25:15] [INFO ] KB: Set function 'human_p' = 2.93
[14:25:15] [INFO ] KB: Set function 'human_a' = 0.92
[14:25:15] [INFO ] KB: Set function 'human_e_sq' = 11.8336
[14:25:15] [INFO ] KB: Set function 'human_p_sq' = 8.5849
[14:25:15] [INFO ] KB: Set function 'human_a_sq' = 0.8464
