[14:22:34] [INFO ] In ascolto (tentativo 1/2)...
[14:22:34] [INFO ] Mostro immagine: listening_icon
[14:22:40] [INFO ] Riconosciuto: Stai sciando?
[14:22:50] [INFO ] In ascolto (tentativo 2/2)...
[14:22:50] [INFO ] Mostro immagine: listening_icon
[14:22:54] [INFO ] Riconosciuto: Mi starnuti.
[14:23:07] [INFO ] KB: Set function 'n_questions' = 2.0
[14:23:07] [INFO ] KB: Set function 'n_easy' = 2.0
[14:23:07] [INFO ] KB: Set function 'mime_uses' = 1.0
[14:23:07] [INFO ] KB: Set function 'right_answers' = 1.0
[14:23:07] [INFO ] KB: Removed predicate 'answered_wrong'
[14:23:07] [INFO ] KB: Removed predicate 'emotion_checked'
[14:23:07] [INFO ] KB: Set function 'robot_e' = 3.44
[14:23:07] [INFO ] KB: Set function 'robot_p' = 2.93
[14:23:07] [INFO ] KB: Set function 'robot_a' = 0.92
[14:23:07] [INFO ] KB: Set function 'robot_e_sq' = 11.8336
[14:23:07] [INFO ] KB: Set function 'robot_p_sq' = 8.5849
[14:23:07] [INFO ] KB: Set function 'robot_a_sq' = 0.8464
[14:23:07] [INFO ] KB: Set function 'human_e' = 3.44
[14:23:07] [INFO ] KB: Set function 'human_p' = 2.93
[14:23:07] [INFO ] KB: Set function 'human_a' = 0.92
[14:23:07] [INFO ] KB: Set function 'human_e_sq' = 11.8336
[14:23:07] [INFO ] KB: Set function 'human_p_sq' = 8.5849
[14:23:07] [INFO ] KB: Set function 'human_a_sq' = 0.8464
