[14:25:22] [INFO ] Riproduzione suono: QT/sound_hard/church_bells
[14:25:31] [INFO ] In ascolto (tentativo 1/2)...
[14:25:31] [INFO ] Mostro immagine: listening_icon
[14:25:35] [INFO ] Riconosciuto: Sono le campane.
[14:25:43] [INFO ] KB: Set function 'n_questions' = 5.0
[14:25:43] [INFO ] KB: Set function 'n_hard' = 1.0
[14:25:43] [INFO ] KB: Set function 'sound_uses' = 1.0
[14:25:43] [INFO ] KB: Set function 'right_answers' = 3.0
[14:25:43] [INFO ] KB: Removed predicate 'answered_wrong'
[14:25:43] [INFO ] KB: Removed predicate 'emotion_checked'
[14:25:43] [INFO ] KB: Set function 'robot_e' = 3.44
[14:25:43] [INFO ] KB: Set function 'robot_p' = 2.93
[14:25:43] [INFO ] KB: Set function 'robot_a' = 0.92
[14:25:43] [INFO ] KB: Set function 'robot_e_sq' = 11.8336
[14:25:43] [INFO ] KB: Set function 'robot_p_sq' = 8.5849
[14:25:43] [INFO ] KB: Set function 'robot_a_sq' = 0.8464
[14:25:43] [INFO ] KB: Set function 'human_e' = 3.44
[14:25:43] [INFO ] KB: Set function 'human_p' = 2.93
[14:25:43] [INFO ] KB: Set function 'human_a' = 0.92
[14:25:43] [INFO ] KB: Set function 'human_e_sq' = 11.8336
[14:25:43] [INFO ] KB: Set function 'human_p_sq' = 8.5849
[14:25:43] [INFO ] KB: Set function 'human_a_sq' = 0.8464
