=== Session: p26  started at 2026-09-11 12:40:09.243842 ===
[12:43:33] DISPATCH  id=  0  greet_warmly()
[12:43:33] FEEDBACK  id=  0  ENABLED
[12:43:33] FEEDBACK  id=  0  ENABLED
[12:43:41] FEEDBACK  id=  0  SUCCEEDED ✓
[12:43:42] FEEDBACK  id=  1  ENABLED
[12:43:42] DISPATCH  id=  1  introduce_game()
[12:43:42] FEEDBACK  id=  1  ENABLED
[12:43:55] FEEDBACK  id=  1  SUCCEEDED ✓
[12:43:55] DISPATCH  id=  2  mime_easy()
[12:43:55] FEEDBACK  id=  2  ENABLED
[12:43:55] FEEDBACK  id=  2  ENABLED
[12:44:49] FEEDBACK  id=  2  SUCCEEDED ✓
[12:44:49] FEEDBACK  id=  3  ENABLED
[12:44:49] DISPATCH  id=  3  image_easy()
[12:44:49] FEEDBACK  id=  3  ENABLED
[12:45:23] FEEDBACK  id=  3  SUCCEEDED ✓
[12:45:23] DISPATCH  id=  4  ask_medium()
[12:45:23] FEEDBACK  id=  4  ENABLED
[12:45:23] FEEDBACK  id=  4  ENABLED
[12:45:38] FEEDBACK  id=  4  SUCCEEDED ✓
[12:45:38] FEEDBACK  id=  5  ENABLED
[12:45:38] DISPATCH  id=  5  ask_medium()
[12:45:38] FEEDBACK  id=  5  ENABLED
[12:45:54] FEEDBACK  id=  5  SUCCEEDED ✓
[12:45:54] DISPATCH  id=  6  sound_hard()
[12:45:54] FEEDBACK  id=  6  ENABLED
[12:45:54] FEEDBACK  id=  6  ENABLED
[12:47:51] FEEDBACK  id=  6  SUCCEEDED ✓
[12:47:51] FEEDBACK  id=  7  ENABLED
[12:47:51] DISPATCH  id=  7  conclude_game()
[12:47:51] FEEDBACK  id=  7  ENABLED
[12:47:54] FEEDBACK  id=  7  SUCCEEDED ✓
[12:47:55] DISPATCH  id=  8  say_goodbye()
[12:47:55] FEEDBACK  id=  8  ENABLED
[12:47:55] FEEDBACK  id=  8  ENABLED
[12:48:05] FEEDBACK  id=  8  SUCCEEDED ✓
