[12:46:01] [INFO ] Riproduzione suono: QT/sound_hard/popcorn_popping
[12:46:11] [INFO ] In ascolto (tentativo 1/2)...
[12:46:11] [INFO ] Mostro immagine: listening_icon
[12:46:17] [INFO ] Riconosciuto: Puoi ripetere?
[12:46:24] [INFO ] Riproduzione suono: QT/sound_hard/popcorn_popping
[12:46:34] [INFO ] In ascolto (tentativo 1/2)...
[12:46:34] [INFO ] Mostro immagine: listening_icon
[12:46:37] [INFO ] Riconosciuto: Ibook.com.
[12:46:48] [INFO ] Riproduzione suono: QT/sound_hard/popcorn_popping
[12:47:05] [INFO ] In ascolto (tentativo 2/2)...
[12:47:05] [INFO ] Mostro immagine: listening_icon
[12:47:28] [INFO ] Riproduzione suono: QT/sound_hard/popcorn_popping
[12:47:38] [INFO ] In ascolto (tentativo 2/2)...
[12:47:38] [INFO ] Mostro immagine: listening_icon
[12:47:43] [INFO ] Riconosciuto: I popcorn?
[12:47:51] [INFO ] KB: Set function 'n_questions' = 5.0
[12:47:51] [INFO ] KB: Set function 'n_hard' = 1.0
[12:47:51] [INFO ] KB: Set function 'sound_uses' = 1.0
[12:47:51] [INFO ] KB: Set function 'right_answers' = 5.0
[12:47:51] [INFO ] KB: Removed predicate 'answered_wrong'
