[12:02:04] [INFO ] QT talking: 'Quale insetto colorato nasce da un bruco?'
[12:02:04] [INFO ] In ascolto (tentativo 1/2)...
[12:02:04] [INFO ] Mostro immagine: listening_icon
[12:02:11] [INFO ] Riconosciuto: Lei conosce l'angolo che diventa io.
[12:02:22] [INFO ] In ascolto (tentativo 2/2)...
[12:02:22] [INFO ] Mostro immagine: listening_icon
[12:02:34] [INFO ] Riconosciuto: Farfalla.
[12:02:42] [INFO ] KB: Set function 'n_questions' = 4.0
[12:02:42] [INFO ] KB: Set function 'n_medium' = 2.0
[12:02:42] [INFO ] KB: Set function 'ask_uses' = 2.0
[12:02:42] [INFO ] KB: Set function 'right_answers' = 3.0
[12:02:42] [INFO ] KB: Removed predicate 'answered_wrong'
[12:02:42] [INFO ] KB: Removed predicate 'emotion_checked'
[12:02:42] [INFO ] KB: Set function 'robot_e' = 3.44
[12:02:42] [INFO ] KB: Set function 'robot_p' = 2.93
[12:02:42] [INFO ] KB: Set function 'robot_a' = 0.92
[12:02:42] [INFO ] KB: Set function 'robot_e_sq' = 11.8336
[12:02:42] [INFO ] KB: Set function 'robot_p_sq' = 8.5849
[12:02:42] [INFO ] KB: Set function 'robot_a_sq' = 0.8464
[12:02:42] [INFO ] KB: Set function 'human_e' = 3.44
[12:02:42] [INFO ] KB: Set function 'human_p' = 2.93
[12:02:42] [INFO ] KB: Set function 'human_a' = 0.92
[12:02:42] [INFO ] KB: Set function 'human_e_sq' = 11.8336
[12:02:42] [INFO ] KB: Set function 'human_p_sq' = 8.5849
[12:02:42] [INFO ] KB: Set function 'human_a_sq' = 0.8464
