[11:57:58] [INFO ] QT talking: 'Qual è l'animale che cambia colore per mimetizzarsi?'
[11:57:58] [INFO ] In ascolto (tentativo 1/2)...
[11:57:58] [INFO ] Mostro immagine: listening_icon
[11:58:10] [INFO ] Riconosciuto: Geco.
[11:58:21] [INFO ] In ascolto (tentativo 2/2)...
[11:58:21] [INFO ] Mostro immagine: listening_icon
[11:58:36] [INFO ] Riconosciuto: Polpo.
[11:58:47] [INFO ] KB: Set function 'n_questions' = 1.0
[11:58:47] [INFO ] KB: Set function 'n_easy' = 1.0
[11:58:47] [INFO ] KB: Set function 'ask_uses' = 1.0
[11:58:47] [INFO ] KB: Set function 'wrong_answers' = 1.0
[11:58:47] [INFO ] KB: Added predicate 'answered_wrong'
[11:58:47] [INFO ] KB: Set function 'robot_e' = 3.44
[11:58:47] [INFO ] KB: Set function 'robot_p' = 2.93
[11:58:47] [INFO ] KB: Set function 'robot_a' = 0.92
[11:58:47] [INFO ] KB: Set function 'robot_e_sq' = 11.8336
[11:58:47] [INFO ] KB: Set function 'robot_p_sq' = 8.5849
[11:58:47] [INFO ] KB: Set function 'robot_a_sq' = 0.8464
[11:58:47] [INFO ] KB: Set function 'human_e' = 3.44
[11:58:47] [INFO ] KB: Set function 'human_p' = 2.93
[11:58:47] [INFO ] KB: Set function 'human_a' = 0.92
[11:58:47] [INFO ] KB: Set function 'human_e_sq' = 11.8336
[11:58:47] [INFO ] KB: Set function 'human_p_sq' = 8.5849
[11:58:47] [INFO ] KB: Set function 'human_a_sq' = 0.8464
