=== Session: p5  started at 2026-09-10 11:53:33.221105 ===
[11:57:28] FEEDBACK  id=  0  ENABLED
[11:57:28] DISPATCH  id=  0  greet_warmly()
[11:57:28] FEEDBACK  id=  0  ENABLED
[11:57:37] FEEDBACK  id=  0  SUCCEEDED ✓
[11:57:37] DISPATCH  id=  1  introduce_game()
[11:57:37] FEEDBACK  id=  1  ENABLED
[11:57:37] FEEDBACK  id=  1  ENABLED
[11:57:52] FEEDBACK  id=  1  SUCCEEDED ✓
[11:57:52] DISPATCH  id=  2  check_emotion()
[11:57:52] FEEDBACK  id=  2  ENABLED
[11:57:54] FEEDBACK  id=  2  ENABLED
[11:57:54] FEEDBACK  id=  2  SUCCEEDED ✓
[11:57:54] FEEDBACK  id=  3  ENABLED
[11:57:54] FEEDBACK  id=  3  ENABLED
[11:57:54] DISPATCH  id=  3  ask_easy()
[11:58:47] FEEDBACK  id=  3  FAILED ✗
[11:58:51] DISPATCH  id=  0  comfort()
[11:58:51] FEEDBACK  id=  0  ENABLED
[11:58:51] FEEDBACK  id=  0  ENABLED
[11:59:38] FEEDBACK  id=  0  SUCCEEDED ✓
[11:59:39] DISPATCH  id=  1  check_emotion()
[11:59:39] FEEDBACK  id=  1  ENABLED
[11:59:40] FEEDBACK  id=  1  ENABLED
[11:59:41] FEEDBACK  id=  1  SUCCEEDED ✓
[11:59:41] DISPATCH  id=  2  mime_easy()
[11:59:41] FEEDBACK  id=  2  ENABLED
[11:59:41] FEEDBACK  id=  2  ENABLED
[12:00:03] FEEDBACK  id=  2  SUCCEEDED ✓
[12:00:03] DISPATCH  id=  3  check_emotion()
[12:00:03] FEEDBACK  id=  3  ENABLED
[12:00:05] FEEDBACK  id=  3  ENABLED
[12:00:05] FEEDBACK  id=  3  SUCCEEDED ✓
[12:00:05] DISPATCH  id=  4  sound_medium()
[12:00:05] FEEDBACK  id=  4  ENABLED
[12:00:05] FEEDBACK  id=  4  ENABLED
[12:01:58] FEEDBACK  id=  4  SUCCEEDED ✓
[12:01:58] DISPATCH  id=  5  check_emotion()
[12:01:58] FEEDBACK  id=  5  ENABLED
[12:02:00] FEEDBACK  id=  5  ENABLED
[12:02:01] FEEDBACK  id=  5  SUCCEEDED ✓
[12:02:01] FEEDBACK  id=  6  ENABLED
[12:02:01] DISPATCH  id=  6  ask_medium()
[12:02:01] FEEDBACK  id=  6  ENABLED
[12:02:42] FEEDBACK  id=  6  SUCCEEDED ✓
[12:02:42] FEEDBACK  id=  7  ENABLED
[12:02:42] DISPATCH  id=  7  check_emotion()
[12:02:44] FEEDBACK  id=  7  ENABLED
[12:02:44] FEEDBACK  id=  7  SUCCEEDED ✓
[12:02:45] DISPATCH  id=  8  image_hard()
[12:02:45] FEEDBACK  id=  8  ENABLED
[12:02:45] FEEDBACK  id=  8  ENABLED
[12:03:24] FEEDBACK  id=  8  FAILED ✗
[12:03:28] FEEDBACK  id=  0  ENABLED
[12:03:28] DISPATCH  id=  0  conclude_game()
[12:03:28] FEEDBACK  id=  0  ENABLED
[12:03:31] FEEDBACK  id=  0  SUCCEEDED ✓
[12:03:31] FEEDBACK  id=  1  ENABLED
[12:03:31] DISPATCH  id=  1  say_goodbye()
[12:03:31] FEEDBACK  id=  1  ENABLED
[12:03:41] FEEDBACK  id=  1  SUCCEEDED ✓
