[12:00:12] [INFO ] Riproduzione suono: QT/sound_medium/sawing_wood
[12:00:22] [INFO ] In ascolto (tentativo 1/2)...
[12:00:22] [INFO ] Mostro immagine: listening_icon
[12:00:40] [INFO ] Riproduzione suono: QT/sound_medium/sawing_wood
[12:00:50] [INFO ] In ascolto (tentativo 1/2)...
[12:00:50] [INFO ] Mostro immagine: listening_icon
[12:00:58] [INFO ] Riconosciuto: Carota.
[12:01:10] [INFO ] Riproduzione suono: QT/sound_medium/sawing_wood
[12:01:20] [INFO ] In ascolto (tentativo 2/2)...
[12:01:20] [INFO ] Mostro immagine: listening_icon
[12:01:38] [INFO ] Riproduzione suono: QT/sound_medium/sawing_wood
[12:01:48] [INFO ] In ascolto (tentativo 2/2)...
[12:01:48] [INFO ] Mostro immagine: listening_icon
[12:01:51] [INFO ] Riconosciuto: Legno.
[12:01:58] [INFO ] KB: Set function 'n_questions' = 3.0
[12:01:58] [INFO ] KB: Set function 'n_medium' = 1.0
[12:01:58] [INFO ] KB: Set function 'sound_uses' = 1.0
[12:01:58] [INFO ] KB: Set function 'right_answers' = 2.0
[12:01:58] [INFO ] KB: Removed predicate 'answered_wrong'
[12:01:58] [INFO ] KB: Removed predicate 'emotion_checked'
[12:01:58] [INFO ] KB: Set function 'robot_e' = 3.44
[12:01:58] [INFO ] KB: Set function 'robot_p' = 2.93
[12:01:58] [INFO ] KB: Set function 'robot_a' = 0.92
[12:01:58] [INFO ] KB: Set function 'robot_e_sq' = 11.8336
[12:01:58] [INFO ] KB: Set function 'robot_p_sq' = 8.5849
[12:01:58] [INFO ] KB: Set function 'robot_a_sq' = 0.8464
[12:01:58] [INFO ] KB: Set function 'human_e' = 3.44
[12:01:58] [INFO ] KB: Set function 'human_p' = 2.93
[12:01:58] [INFO ] KB: Set function 'human_a' = 0.92
[12:01:58] [INFO ] KB: Set function 'human_e_sq' = 11.8336
[12:01:58] [INFO ] KB: Set function 'human_p_sq' = 8.5849
[12:01:58] [INFO ] KB: Set function 'human_a_sq' = 0.8464
