=== Session: p12  started at 2026-09-10 14:55:11.364122 ===
[14:57:39] DISPATCH  id=  0  greet_warmly()
[14:57:39] FEEDBACK  id=  0  ENABLED
[14:57:39] FEEDBACK  id=  0  ENABLED
[14:57:47] FEEDBACK  id=  0  SUCCEEDED ✓
[14:57:48] DISPATCH  id=  1  introduce_game()
[14:57:48] FEEDBACK  id=  1  ENABLED
[14:57:48] FEEDBACK  id=  1  ENABLED
[14:58:11] FEEDBACK  id=  1  SUCCEEDED ✓
[14:58:11] FEEDBACK  id=  2  ENABLED
[14:58:11] DISPATCH  id=  2  ask_easy()
[14:58:11] FEEDBACK  id=  2  ENABLED
[14:58:28] FEEDBACK  id=  2  SUCCEEDED ✓
[14:58:28] DISPATCH  id=  3  mime_easy()
[14:58:28] FEEDBACK  id=  3  ENABLED
[14:58:28] FEEDBACK  id=  3  ENABLED
[15:00:08] FEEDBACK  id=  3  FAILED ✗
[15:00:11] FEEDBACK  id=  0  ENABLED
[15:00:11] DISPATCH  id=  0  comfort()
[15:00:11] FEEDBACK  id=  0  ENABLED
[15:02:30] FEEDBACK  id=  0  SUCCEEDED ✓
[15:02:30] DISPATCH  id=  1  image_medium()
[15:02:30] FEEDBACK  id=  1  ENABLED
[15:02:30] FEEDBACK  id=  1  ENABLED
[15:03:08] FEEDBACK  id=  1  FAILED ✗
[15:03:11] DISPATCH  id=  0  comfort()
[15:03:11] FEEDBACK  id=  0  ENABLED
[15:03:11] FEEDBACK  id=  0  ENABLED
[15:05:17] FEEDBACK  id=  0  SUCCEEDED ✓
[15:05:17] DISPATCH  id=  1  sound_medium()
[15:05:17] FEEDBACK  id=  1  ENABLED
[15:05:17] FEEDBACK  id=  1  ENABLED
[15:05:56] FEEDBACK  id=  1  FAILED ✗
[15:05:59] DISPATCH  id=  0  comfort()
[15:05:59] FEEDBACK  id=  0  ENABLED
[15:05:59] FEEDBACK  id=  0  ENABLED
[15:07:47] FEEDBACK  id=  0  SUCCEEDED ✓
[15:07:47] DISPATCH  id=  1  ask_hard()
[15:07:47] FEEDBACK  id=  1  ENABLED
[15:07:47] FEEDBACK  id=  1  ENABLED
[15:08:48] FEEDBACK  id=  1  FAILED ✗
[15:08:51] DISPATCH  id=  0  conclude_game()
[15:08:51] FEEDBACK  id=  0  ENABLED
[15:08:51] FEEDBACK  id=  0  ENABLED
[15:08:55] FEEDBACK  id=  0  SUCCEEDED ✓
[15:08:55] FEEDBACK  id=  1  ENABLED
[15:08:55] DISPATCH  id=  1  say_goodbye()
[15:08:55] FEEDBACK  id=  1  ENABLED
[15:09:05] FEEDBACK  id=  1  SUCCEEDED ✓
