[16:47:38] [INFO ] QT talking: 'Qual è l'animale che porta la sua casa sulla schiena?'
[16:47:38] [INFO ] In ascolto (tentativo 1/2)...
[16:47:38] [INFO ] Mostro immagine: listening_icon
[16:47:42] [INFO ] Riconosciuto: La tartaruga.
[16:47:51] [INFO ] KB: Set function 'n_questions' = 3.0
[16:47:51] [INFO ] KB: Set function 'n_medium' = 1.0
[16:47:51] [INFO ] KB: Set function 'ask_uses' = 1.0
[16:47:51] [INFO ] KB: Set function 'right_answers' = 3.0
[16:47:51] [INFO ] KB: Removed predicate 'answered_wrong'
[16:47:51] [INFO ] KB: Removed predicate 'emotion_checked'
[16:47:51] [INFO ] KB: Set function 'robot_e' = 3.44
[16:47:51] [INFO ] KB: Set function 'robot_p' = 2.93
[16:47:51] [INFO ] KB: Set function 'robot_a' = 0.92
[16:47:51] [INFO ] KB: Set function 'robot_e_sq' = 11.8336
[16:47:51] [INFO ] KB: Set function 'robot_p_sq' = 8.5849
[16:47:51] [INFO ] KB: Set function 'robot_a_sq' = 0.8464
[16:47:51] [INFO ] KB: Set function 'human_e' = 3.44
[16:47:51] [INFO ] KB: Set function 'human_p' = 2.93
[16:47:51] [INFO ] KB: Set function 'human_a' = 0.92
[16:47:51] [INFO ] KB: Set function 'human_e_sq' = 11.8336
[16:47:51] [INFO ] KB: Set function 'human_p_sq' = 8.5849
[16:47:51] [INFO ] KB: Set function 'human_a_sq' = 0.8464
