[17:59:21] [INFO ] QT talking: 'Qual è il numero che viene dopo il 10?'
[17:59:21] [INFO ] In ascolto (tentativo 1/2)...
[17:59:21] [INFO ] Mostro immagine: listening_icon
[17:59:25] [INFO ] Riconosciuto: L'undici.
[17:59:34] [INFO ] KB: Set function 'n_questions' = 1.0
[17:59:34] [INFO ] KB: Set function 'n_easy' = 1.0
[17:59:34] [INFO ] KB: Set function 'ask_uses' = 1.0
[17:59:34] [INFO ] KB: Set function 'right_answers' = 1.0
[17:59:34] [INFO ] KB: Removed predicate 'answered_wrong'
[17:59:34] [INFO ] KB: Removed predicate 'emotion_checked'
[17:59:34] [INFO ] KB: Set function 'robot_e' = 3.44
[17:59:34] [INFO ] KB: Set function 'robot_p' = 2.93
[17:59:34] [INFO ] KB: Set function 'robot_a' = 0.92
[17:59:34] [INFO ] KB: Set function 'robot_e_sq' = 11.8336
[17:59:34] [INFO ] KB: Set function 'robot_p_sq' = 8.5849
[17:59:34] [INFO ] KB: Set function 'robot_a_sq' = 0.8464
[17:59:34] [INFO ] KB: Set function 'human_e' = 3.44
[17:59:34] [INFO ] KB: Set function 'human_p' = 2.93
[17:59:34] [INFO ] KB: Set function 'human_a' = 0.92
[17:59:34] [INFO ] KB: Set function 'human_e_sq' = 11.8336
[17:59:34] [INFO ] KB: Set function 'human_p_sq' = 8.5849
[17:59:34] [INFO ] KB: Set function 'human_a_sq' = 0.8464
