[18:03:50] [INFO ] QT talking: 'Tutti lo possono aprire, ma nessuno lo sa chiudere. Cos'è?'
[18:03:50] [INFO ] In ascolto (tentativo 1/2)...
[18:03:50] [INFO ] Mostro immagine: listening_icon
[18:04:08] [INFO ] In ascolto (tentativo 1/2)...
[18:04:08] [INFO ] Mostro immagine: listening_icon
[18:04:11] [INFO ] Riconosciuto: Non lo so, mi arrendo.
[18:04:21] [INFO ] In ascolto (tentativo 2/2)...
[18:04:21] [INFO ] Mostro immagine: listening_icon
[18:04:24] [INFO ] Riconosciuto: Il salvadanaio?
[18:04:33] [INFO ] KB: Set function 'n_questions' = 4.0
[18:04:33] [INFO ] KB: Set function 'n_hard' = 4.0
[18:04:33] [INFO ] KB: Set function 'ask_uses' = 2.0
[18:04:33] [INFO ] KB: Set function 'wrong_answers' = 2.0
[18:04:33] [INFO ] KB: Added predicate 'answered_wrong'
[18:04:33] [INFO ] KB: Set function 'robot_e' = 3.44
[18:04:33] [INFO ] KB: Set function 'robot_p' = 2.93
[18:04:33] [INFO ] KB: Set function 'robot_a' = 0.92
[18:04:33] [INFO ] KB: Set function 'robot_e_sq' = 11.8336
[18:04:33] [INFO ] KB: Set function 'robot_p_sq' = 8.5849
[18:04:33] [INFO ] KB: Set function 'robot_a_sq' = 0.8464
[18:04:33] [INFO ] KB: Set function 'human_e' = 3.44
[18:04:33] [INFO ] KB: Set function 'human_p' = 2.93
[18:04:33] [INFO ] KB: Set function 'human_a' = 0.92
[18:04:33] [INFO ] KB: Set function 'human_e_sq' = 11.8336
[18:04:33] [INFO ] KB: Set function 'human_p_sq' = 8.5849
[18:04:33] [INFO ] KB: Set function 'human_a_sq' = 0.8464
