[18:02:12] [INFO ] KB: 'human_e' = -2.37
[18:02:12] [INFO ] KB: 'human_p' = -1.04
[18:02:12] [INFO ] KB: 'human_a' = -0.71
[18:02:12] [INFO ] KB: 'human_e_sq' = 5.6169
[18:02:12] [INFO ] KB: 'human_p_sq' = 1.0816000000000001
[18:02:12] [INFO ] KB: 'human_a_sq' = 0.5041
[18:02:13] [INFO ] KB: 'ask_easy_coeff' = 1.0
[18:02:13] [INFO ] KB: 'ask_medium_coeff' = 1.1
[18:02:13] [INFO ] KB: 'ask_hard_coeff' = 1.2
[18:02:13] [INFO ] KB: 'mime_easy_coeff' = 1.0
[18:02:13] [INFO ] KB: 'mime_medium_coeff' = 1.1
[18:02:13] [INFO ] KB: 'mime_hard_coeff' = 1.2
[18:02:13] [INFO ] KB: 'sound_easy_coeff' = 1.0
[18:02:13] [INFO ] KB: 'sound_medium_coeff' = 1.1
[18:02:13] [INFO ] KB: 'sound_hard_coeff' = 1.2
[18:02:13] [INFO ] KB: 'image_easy_coeff' = 1.0
[18:02:13] [INFO ] KB: 'image_medium_coeff' = 1.1
[18:02:13] [INFO ] KB: 'image_hard_coeff' = 1.2
[18:02:13] [INFO ] KB: 'n_easy' = 0.0
[18:02:13] [INFO ] KB: 'n_medium' = 0.0
[18:02:13] [INFO ] KB: 'n_hard' = 0.0
[18:02:13] [INFO ] KB: 'n_questions' = 3.0
[18:03:12] [INFO ] KB: 'human_e' = -1.85
[18:03:12] [INFO ] KB: 'human_p' = -0.86
[18:03:12] [INFO ] KB: 'human_a' = -2.01
[18:03:12] [INFO ] KB: 'human_e_sq' = 3.4225000000000003
[18:03:12] [INFO ] KB: 'human_p_sq' = 0.7395999999999999
[18:03:12] [INFO ] KB: 'human_a_sq' = 4.040099999999999
[18:03:13] [INFO ] KB: 'ask_easy_coeff' = 1.0
[18:03:13] [INFO ] KB: 'ask_medium_coeff' = 1.1
[18:03:13] [INFO ] KB: 'ask_hard_coeff' = 1.2
[18:03:13] [INFO ] KB: 'mime_easy_coeff' = 1.0
[18:03:13] [INFO ] KB: 'mime_medium_coeff' = 1.1
[18:03:13] [INFO ] KB: 'mime_hard_coeff' = 1.2
[18:03:13] [INFO ] KB: 'sound_easy_coeff' = 1.0
[18:03:13] [INFO ] KB: 'sound_medium_coeff' = 1.1
[18:03:13] [INFO ] KB: 'sound_hard_coeff' = 1.2
[18:03:13] [INFO ] KB: 'image_easy_coeff' = 1.0
[18:03:13] [INFO ] KB: 'image_medium_coeff' = 1.1
[18:03:13] [INFO ] KB: 'image_hard_coeff' = 1.2
[18:03:13] [INFO ] KB: 'n_easy' = 0.0
[18:03:13] [INFO ] KB: 'n_medium' = 0.0
[18:03:13] [INFO ] KB: 'n_hard' = 0.0
[18:03:13] [INFO ] KB: 'n_questions' = 3.0
[18:06:03] [INFO ] KB: 'human_e' = -1.85
[18:06:03] [INFO ] KB: 'human_p' = -0.86
[18:06:03] [INFO ] KB: 'human_a' = -2.01
[18:06:03] [INFO ] KB: 'human_e_sq' = 3.4225000000000003
[18:06:03] [INFO ] KB: 'human_p_sq' = 0.7395999999999999
[18:06:03] [INFO ] KB: 'human_a_sq' = 4.040099999999999
[18:06:04] [INFO ] KB: 'ask_easy_coeff' = 1.0
[18:06:04] [INFO ] KB: 'ask_medium_coeff' = 1.1
[18:06:04] [INFO ] KB: 'ask_hard_coeff' = 1.2
[18:06:04] [INFO ] KB: 'mime_easy_coeff' = 1.0
[18:06:04] [INFO ] KB: 'mime_medium_coeff' = 1.1
[18:06:04] [INFO ] KB: 'mime_hard_coeff' = 1.2
[18:06:04] [INFO ] KB: 'sound_easy_coeff' = 1.0
[18:06:04] [INFO ] KB: 'sound_medium_coeff' = 1.1
[18:06:04] [INFO ] KB: 'sound_hard_coeff' = 1.2
[18:06:04] [INFO ] KB: 'image_easy_coeff' = 1.0
[18:06:04] [INFO ] KB: 'image_medium_coeff' = 1.1
[18:06:04] [INFO ] KB: 'image_hard_coeff' = 1.2
[18:06:04] [INFO ] KB: 'n_easy' = 0.0
[18:06:04] [INFO ] KB: 'n_medium' = 0.0
[18:06:04] [INFO ] KB: 'n_hard' = 4.0
[18:06:04] [INFO ] KB: 'n_questions' = 4.0
