=== Session: user1  started at 2026-09-09 17:51:56.717614 ===
[17:52:06] DISPATCH  id=  0  greet_warmly()
[17:52:06] FEEDBACK  id=  0  ENABLED
[17:52:06] FEEDBACK  id=  0  ENABLED
[17:52:14] FEEDBACK  id=  0  SUCCEEDED ✓
[17:52:14] DISPATCH  id=  1  introduce_game()
[17:52:14] FEEDBACK  id=  1  ENABLED
[17:52:14] FEEDBACK  id=  1  ENABLED
[17:52:29] FEEDBACK  id=  1  SUCCEEDED ✓
[17:52:29] DISPATCH  id=  2  ask_easy()
[17:52:29] FEEDBACK  id=  2  ENABLED
[17:52:29] FEEDBACK  id=  2  ENABLED
[17:52:45] FEEDBACK  id=  2  SUCCEEDED ✓
[17:52:45] FEEDBACK  id=  3  ENABLED
[17:52:45] DISPATCH  id=  3  mime_easy()
[17:52:45] FEEDBACK  id=  3  ENABLED
[17:53:23] FEEDBACK  id=  3  SUCCEEDED ✓
[17:53:23] DISPATCH  id=  4  ask_medium()
[17:53:23] FEEDBACK  id=  4  ENABLED
[17:53:23] FEEDBACK  id=  4  ENABLED
[17:54:02] FEEDBACK  id=  4  FAILED ✗
[17:54:05] FEEDBACK  id=  0  ENABLED
[17:54:05] DISPATCH  id=  0  comfort()
[17:54:05] FEEDBACK  id=  0  ENABLED
[17:55:56] FEEDBACK  id=  0  SUCCEEDED ✓
[17:55:56] DISPATCH  id=  1  image_easy()
[17:55:56] FEEDBACK  id=  1  ENABLED
[17:55:56] FEEDBACK  id=  1  ENABLED
[17:56:14] FEEDBACK  id=  1  SUCCEEDED ✓
[17:56:15] FEEDBACK  id=  2  ENABLED
[17:56:15] DISPATCH  id=  2  sound_easy()
[17:56:15] FEEDBACK  id=  2  ENABLED
[17:56:32] FEEDBACK  id=  2  SUCCEEDED ✓
[17:56:32] DISPATCH  id=  3  conclude_game()
[17:56:32] FEEDBACK  id=  3  ENABLED
[17:56:32] FEEDBACK  id=  3  ENABLED
[17:56:35] FEEDBACK  id=  3  SUCCEEDED ✓
[17:56:36] FEEDBACK  id=  4  ENABLED
[17:56:36] DISPATCH  id=  4  say_goodbye()
[17:56:36] FEEDBACK  id=  4  ENABLED
[17:56:45] FEEDBACK  id=  4  SUCCEEDED ✓
