[16:46:35] [INFO ] In ascolto (tentativo 1/2)...
[16:46:35] [INFO ] Mostro immagine: listening_icon
[16:46:39] [INFO ] Riconosciuto: Stai volando.
[16:46:47] [INFO ] KB: Set function 'n_questions' = 2.0
[16:46:47] [INFO ] KB: Set function 'n_easy' = 2.0
[16:46:47] [INFO ] KB: Set function 'mime_uses' = 1.0
[16:46:48] [INFO ] KB: Set function 'right_answers' = 2.0
[16:46:48] [INFO ] KB: Removed predicate 'answered_wrong'
[16:46:48] [INFO ] KB: Removed predicate 'emotion_checked'
[16:46:48] [INFO ] KB: Set function 'robot_e' = 3.44
[16:46:48] [INFO ] KB: Set function 'robot_p' = 2.93
[16:46:48] [INFO ] KB: Set function 'robot_a' = 0.92
[16:46:48] [INFO ] KB: Set function 'robot_e_sq' = 11.8336
[16:46:48] [INFO ] KB: Set function 'robot_p_sq' = 8.5849
[16:46:48] [INFO ] KB: Set function 'robot_a_sq' = 0.8464
[16:46:48] [INFO ] KB: Set function 'human_e' = 3.44
[16:46:48] [INFO ] KB: Set function 'human_p' = 2.93
[16:46:48] [INFO ] KB: Set function 'human_a' = 0.92
[16:46:48] [INFO ] KB: Set function 'human_e_sq' = 11.8336
[16:46:48] [INFO ] KB: Set function 'human_p_sq' = 8.5849
[16:46:48] [INFO ] KB: Set function 'human_a_sq' = 0.8464
