[16:48:10] [INFO ] Riproduzione suono: QT/sound_medium/harp
[16:48:12] [INFO ] In ascolto (tentativo 1/2)...
[16:48:12] [INFO ] Mostro immagine: listening_icon
[16:48:21] [INFO ] Riconosciuto: Puoi ripetere?
[16:48:27] [INFO ] Riproduzione suono: QT/sound_medium/harp
[16:48:29] [INFO ] In ascolto (tentativo 1/2)...
[16:48:29] [INFO ] Mostro immagine: listening_icon
[16:48:33] [INFO ] Riconosciuto: È un'arpa.
[16:48:41] [INFO ] KB: Set function 'n_questions' = 4.0
[16:48:41] [INFO ] KB: Set function 'n_medium' = 2.0
[16:48:41] [INFO ] KB: Set function 'sound_uses' = 1.0
[16:48:41] [INFO ] KB: Set function 'right_answers' = 4.0
[16:48:41] [INFO ] KB: Removed predicate 'answered_wrong'
[16:48:41] [INFO ] KB: Removed predicate 'emotion_checked'
[16:48:41] [INFO ] KB: Set function 'robot_e' = 3.44
[16:48:41] [INFO ] KB: Set function 'robot_p' = 2.93
[16:48:41] [INFO ] KB: Set function 'robot_a' = 0.92
[16:48:41] [INFO ] KB: Set function 'robot_e_sq' = 11.8336
[16:48:41] [INFO ] KB: Set function 'robot_p_sq' = 8.5849
[16:48:41] [INFO ] KB: Set function 'robot_a_sq' = 0.8464
[16:48:41] [INFO ] KB: Set function 'human_e' = 3.44
[16:48:41] [INFO ] KB: Set function 'human_p' = 2.93
[16:48:41] [INFO ] KB: Set function 'human_a' = 0.92
[16:48:41] [INFO ] KB: Set function 'human_e_sq' = 11.8336
[16:48:41] [INFO ] KB: Set function 'human_p_sq' = 8.5849
[16:48:41] [INFO ] KB: Set function 'human_a_sq' = 0.8464
