=== Session: p30bis  started at 2026-09-11 14:19:13.504535 ===
[14:19:26] FEEDBACK  id=  0  ENABLED
[14:19:26] DISPATCH  id=  0  comfort()
[14:19:26] FEEDBACK  id=  0  ENABLED
[14:20:58] FEEDBACK  id=  0  SUCCEEDED ✓
[14:20:58] DISPATCH  id=  1  ask_easy()
[14:20:58] FEEDBACK  id=  1  ENABLED
[14:20:58] FEEDBACK  id=  1  ENABLED
[14:21:14] FEEDBACK  id=  1  SUCCEEDED ✓
[14:21:14] FEEDBACK  id=  2  ENABLED
[14:21:14] DISPATCH  id=  2  sound_easy()
[14:21:14] FEEDBACK  id=  2  ENABLED
[14:21:34] FEEDBACK  id=  2  SUCCEEDED ✓
[14:21:34] FEEDBACK  id=  3  ENABLED
[14:21:34] DISPATCH  id=  3  ask_medium()
[14:21:34] FEEDBACK  id=  3  ENABLED
[14:22:17] FEEDBACK  id=  3  SUCCEEDED ✓
[14:22:17] DISPATCH  id=  4  conclude_game()
[14:22:17] FEEDBACK  id=  4  ENABLED
[14:22:17] FEEDBACK  id=  4  ENABLED
[14:22:21] FEEDBACK  id=  4  SUCCEEDED ✓
[14:22:21] DISPATCH  id=  5  say_goodbye()
[14:22:21] FEEDBACK  id=  5  ENABLED
[14:22:21] FEEDBACK  id=  5  ENABLED
[14:22:31] FEEDBACK  id=  5  SUCCEEDED ✓
