=== Session: p8  started at 2026-09-10 12:35:00.046759 ===
[12:36:43] DISPATCH  id=  0  greet_warmly()
[12:36:43] FEEDBACK  id=  0  ENABLED
[12:36:43] FEEDBACK  id=  0  ENABLED
[12:36:52] FEEDBACK  id=  0  SUCCEEDED ✓
[12:36:52] FEEDBACK  id=  1  ENABLED
[12:36:52] DISPATCH  id=  1  introduce_game()
[12:36:52] FEEDBACK  id=  1  ENABLED
[12:37:13] FEEDBACK  id=  1  SUCCEEDED ✓
[12:37:13] FEEDBACK  id=  2  ENABLED
[12:37:13] DISPATCH  id=  2  mime_easy()
[12:37:13] FEEDBACK  id=  2  ENABLED
[12:38:05] FEEDBACK  id=  2  FAILED ✗
[12:38:08] FEEDBACK  id=  0  ENABLED
[12:38:08] DISPATCH  id=  0  comfort()
[12:38:08] FEEDBACK  id=  0  ENABLED
[12:39:55] FEEDBACK  id=  0  SUCCEEDED ✓
[12:39:56] DISPATCH  id=  1  sound_easy()
[12:39:56] FEEDBACK  id=  1  ENABLED
[12:39:56] FEEDBACK  id=  1  ENABLED
[12:40:33] FEEDBACK  id=  1  SUCCEEDED ✓
[12:40:33] FEEDBACK  id=  2  ENABLED
[12:40:33] DISPATCH  id=  2  ask_medium()
[12:40:33] FEEDBACK  id=  2  ENABLED
[12:41:20] FEEDBACK  id=  2  SUCCEEDED ✓
[12:41:20] FEEDBACK  id=  3  ENABLED
[12:41:20] DISPATCH  id=  3  ask_medium()
[12:41:20] FEEDBACK  id=  3  ENABLED
[12:42:01] FEEDBACK  id=  3  SUCCEEDED ✓
[12:42:01] FEEDBACK  id=  4  ENABLED
[12:42:01] DISPATCH  id=  4  image_hard()
[12:42:01] FEEDBACK  id=  4  ENABLED
[12:42:27] FEEDBACK  id=  4  SUCCEEDED ✓
[12:42:27] FEEDBACK  id=  5  ENABLED
[12:42:27] DISPATCH  id=  5  conclude_game()
[12:42:27] FEEDBACK  id=  5  ENABLED
[12:42:31] FEEDBACK  id=  5  SUCCEEDED ✓
[12:42:31] DISPATCH  id=  6  say_goodbye()
[12:42:31] FEEDBACK  id=  6  ENABLED
[12:42:31] FEEDBACK  id=  6  ENABLED
[12:42:41] FEEDBACK  id=  6  SUCCEEDED ✓
