[15:31:20] [INFO ] QT talking: 'In quale città si trova la Torre Eiffel?'
[15:31:20] [INFO ] In ascolto (tentativo 1/2)...
[15:31:20] [INFO ] Mostro immagine: listening_icon
[15:31:26] [INFO ] Riconosciuto: In Italia?
[15:31:38] [INFO ] In ascolto (tentativo 2/2)...
[15:31:38] [INFO ] Mostro immagine: listening_icon
[15:31:41] [INFO ] Riconosciuto: Parigi.
[15:31:52] [INFO ] KB: Set function 'n_questions' = 3.0
[15:31:52] [INFO ] KB: Set function 'n_hard' = 1.0
[15:31:52] [INFO ] KB: Set function 'ask_uses' = 2.0
[15:31:52] [INFO ] KB: Set function 'right_answers' = 3.0
[15:31:52] [INFO ] KB: Removed predicate 'answered_wrong'
[15:31:52] [INFO ] KB: Removed predicate 'emotion_checked'
[15:31:52] [INFO ] KB: Set function 'robot_e' = 3.44
[15:31:52] [INFO ] KB: Set function 'robot_p' = 2.93
[15:31:52] [INFO ] KB: Set function 'robot_a' = 0.92
[15:31:52] [INFO ] KB: Set function 'robot_e_sq' = 11.8336
[15:31:52] [INFO ] KB: Set function 'robot_p_sq' = 8.5849
[15:31:52] [INFO ] KB: Set function 'robot_a_sq' = 0.8464
[15:31:52] [INFO ] KB: Set function 'human_e' = 3.44
[15:31:52] [INFO ] KB: Set function 'human_p' = 2.93
[15:31:52] [INFO ] KB: Set function 'human_a' = 0.92
[15:31:52] [INFO ] KB: Set function 'human_e_sq' = 11.8336
[15:31:52] [INFO ] KB: Set function 'human_p_sq' = 8.5849
[15:31:52] [INFO ] KB: Set function 'human_a_sq' = 0.8464
