=== Session: video  started at 2026-09-11 15:29:22.350160 ===
[15:29:33] DISPATCH  id=  0  greet_warmly()
[15:29:33] FEEDBACK  id=  0  ENABLED
[15:29:33] FEEDBACK  id=  0  ENABLED
[15:29:42] FEEDBACK  id=  0  SUCCEEDED ✓
[15:29:42] FEEDBACK  id=  1  ENABLED
[15:29:42] DISPATCH  id=  1  introduce_game()
[15:29:42] FEEDBACK  id=  1  ENABLED
[15:29:55] FEEDBACK  id=  1  SUCCEEDED ✓
[15:29:55] DISPATCH  id=  2  check_emotion()
[15:29:55] FEEDBACK  id=  2  ENABLED
[15:29:56] FEEDBACK  id=  2  ENABLED
[15:29:56] FEEDBACK  id=  2  SUCCEEDED ✓
[15:29:56] DISPATCH  id=  3  mime_easy()
[15:29:56] FEEDBACK  id=  3  ENABLED
[15:29:56] FEEDBACK  id=  3  ENABLED
[15:30:22] FEEDBACK  id=  3  SUCCEEDED ✓
[15:30:22] DISPATCH  id=  4  check_emotion()
[15:30:22] FEEDBACK  id=  4  ENABLED
[15:30:25] FEEDBACK  id=  4  ENABLED
[15:30:26] FEEDBACK  id=  4  SUCCEEDED ✓
[15:30:26] DISPATCH  id=  5  ask_easy()
[15:30:26] FEEDBACK  id=  5  ENABLED
[15:30:26] FEEDBACK  id=  5  ENABLED
[15:30:42] FEEDBACK  id=  5  SUCCEEDED ✓
[15:30:43] DISPATCH  id=  6  check_emotion()
[15:30:43] FEEDBACK  id=  6  ENABLED
[15:30:44] FEEDBACK  id=  6  ENABLED
[15:30:45] FEEDBACK  id=  6  FAILED ✗
[15:30:49] DISPATCH  id=  0  raise_stakes()
[15:30:49] FEEDBACK  id=  0  ENABLED
[15:30:49] FEEDBACK  id=  0  ENABLED
[15:31:15] FEEDBACK  id=  0  SUCCEEDED ✓
[15:31:15] FEEDBACK  id=  1  ENABLED
[15:31:15] DISPATCH  id=  1  check_emotion()
[15:31:17] FEEDBACK  id=  1  ENABLED
[15:31:17] FEEDBACK  id=  1  SUCCEEDED ✓
[15:31:17] FEEDBACK  id=  2  ENABLED
[15:31:17] DISPATCH  id=  2  ask_hard()
[15:31:17] FEEDBACK  id=  2  ENABLED
[15:31:52] FEEDBACK  id=  2  SUCCEEDED ✓
[15:31:52] FEEDBACK  id=  3  ENABLED
[15:31:52] DISPATCH  id=  3  check_emotion()
[15:31:54] FEEDBACK  id=  3  ENABLED
[15:31:54] FEEDBACK  id=  3  SUCCEEDED ✓
[15:31:54] DISPATCH  id=  4  sound_hard()
[15:31:54] FEEDBACK  id=  4  ENABLED
[15:31:54] FEEDBACK  id=  4  ENABLED
[15:32:55] FEEDBACK  id=  4  SUCCEEDED ✓
[15:32:55] FEEDBACK  id=  5  ENABLED
[15:32:55] DISPATCH  id=  5  check_emotion()
[15:32:59] FEEDBACK  id=  5  ENABLED
[15:32:59] FEEDBACK  id=  5  SUCCEEDED ✓
[15:32:59] FEEDBACK  id=  6  ENABLED
[15:32:59] DISPATCH  id=  6  image_hard()
[15:32:59] FEEDBACK  id=  6  ENABLED
[15:33:24] FEEDBACK  id=  6  SUCCEEDED ✓
[15:33:24] FEEDBACK  id=  7  ENABLED
[15:33:24] DISPATCH  id=  7  conclude_game()
[15:33:24] FEEDBACK  id=  7  ENABLED
[15:33:28] FEEDBACK  id=  7  SUCCEEDED ✓
[15:33:28] DISPATCH  id=  8  say_goodbye()
[15:33:28] FEEDBACK  id=  8  ENABLED
[15:33:28] FEEDBACK  id=  8  ENABLED
[15:33:38] FEEDBACK  id=  8  SUCCEEDED ✓
