[15:32:03] [INFO ] Riproduzione suono: QT/sound_hard/siren_doppler
[15:32:14] [INFO ] In ascolto (tentativo 1/2)...
[15:32:14] [INFO ] Mostro immagine: listening_icon
[15:32:18] [INFO ] Riconosciuto: Si sta avvicinando.
[15:32:29] [INFO ] Riproduzione suono: QT/sound_hard/siren_doppler
[15:32:41] [INFO ] In ascolto (tentativo 2/2)...
[15:32:41] [INFO ] Mostro immagine: listening_icon
[15:32:45] [INFO ] Riconosciuto: Prima si avvicina, poi si allontana.
[15:32:55] [INFO ] KB: Set function 'n_questions' = 4.0
[15:32:55] [INFO ] KB: Set function 'n_hard' = 2.0
[15:32:55] [INFO ] KB: Set function 'sound_uses' = 1.0
[15:32:55] [INFO ] KB: Set function 'right_answers' = 4.0
[15:32:55] [INFO ] KB: Removed predicate 'answered_wrong'
[15:32:55] [INFO ] KB: Removed predicate 'emotion_checked'
[15:32:55] [INFO ] KB: Set function 'robot_e' = 3.44
[15:32:55] [INFO ] KB: Set function 'robot_p' = 2.93
[15:32:55] [INFO ] KB: Set function 'robot_a' = 0.92
[15:32:55] [INFO ] KB: Set function 'robot_e_sq' = 11.8336
[15:32:55] [INFO ] KB: Set function 'robot_p_sq' = 8.5849
[15:32:55] [INFO ] KB: Set function 'robot_a_sq' = 0.8464
[15:32:55] [INFO ] KB: Set function 'human_e' = 3.44
[15:32:55] [INFO ] KB: Set function 'human_p' = 2.93
[15:32:55] [INFO ] KB: Set function 'human_a' = 0.92
[15:32:55] [INFO ] KB: Set function 'human_e_sq' = 11.8336
[15:32:55] [INFO ] KB: Set function 'human_p_sq' = 8.5849
[15:32:55] [INFO ] KB: Set function 'human_a_sq' = 0.8464
