=== Session: p20  started at 2026-09-11 10:37:41.374649 ===
[10:37:50] FEEDBACK  id=  0  ENABLED
[10:37:50] DISPATCH  id=  0  greet_warmly()
[10:37:50] FEEDBACK  id=  0  ENABLED
[10:37:59] FEEDBACK  id=  0  SUCCEEDED ✓
[10:37:59] DISPATCH  id=  1  introduce_game()
[10:37:59] FEEDBACK  id=  1  ENABLED
[10:37:59] FEEDBACK  id=  1  ENABLED
[10:38:14] FEEDBACK  id=  1  SUCCEEDED ✓
[10:38:14] DISPATCH  id=  2  ask_easy()
[10:38:14] FEEDBACK  id=  2  ENABLED
[10:38:14] FEEDBACK  id=  2  ENABLED
[10:38:30] FEEDBACK  id=  2  SUCCEEDED ✓
[10:38:30] FEEDBACK  id=  3  ENABLED
[10:38:30] DISPATCH  id=  3  mime_easy()
[10:38:30] FEEDBACK  id=  3  ENABLED
[10:39:36] FEEDBACK  id=  3  FAILED ✗
[10:39:40] DISPATCH  id=  0  comfort()
[10:39:40] FEEDBACK  id=  0  ENABLED
[10:39:40] FEEDBACK  id=  0  ENABLED
[10:41:35] FEEDBACK  id=  0  SUCCEEDED ✓
[10:41:35] FEEDBACK  id=  1  ENABLED
[10:41:35] DISPATCH  id=  1  image_medium()
[10:41:35] FEEDBACK  id=  1  ENABLED
[10:42:35] FEEDBACK  id=  1  FAILED ✗
[10:42:38] DISPATCH  id=  0  comfort()
[10:42:38] FEEDBACK  id=  0  ENABLED
[10:42:38] FEEDBACK  id=  0  ENABLED
[10:44:24] FEEDBACK  id=  0  SUCCEEDED ✓
[10:44:24] FEEDBACK  id=  1  ENABLED
[10:44:24] DISPATCH  id=  1  sound_medium()
[10:44:24] FEEDBACK  id=  1  ENABLED
[10:44:52] FEEDBACK  id=  1  SUCCEEDED ✓
[10:44:52] DISPATCH  id=  2  ask_hard()
[10:44:52] FEEDBACK  id=  2  ENABLED
[10:44:52] FEEDBACK  id=  2  ENABLED
