[15:29:01] [INFO ] QT talking: 'Qual è l'animale che cambia colore per mimetizzarsi?'
[15:29:01] [INFO ] In ascolto (tentativo 1/2)...
[15:29:01] [INFO ] Mostro immagine: listening_icon
[15:29:04] [INFO ] Riconosciuto: La sola, sola, sola, sola, sola camaleonte.
[15:29:16] [INFO ] KB: Set function 'n_questions' = 1.0
[15:29:16] [INFO ] KB: Set function 'n_easy' = 1.0
[15:29:16] [INFO ] KB: Set function 'ask_uses' = 1.0
[15:29:16] [INFO ] KB: Set function 'right_answers' = 1.0
[15:29:16] [INFO ] KB: Removed predicate 'answered_wrong'
[15:29:16] [INFO ] KB: Removed predicate 'emotion_checked'
[15:29:16] [INFO ] KB: Set function 'robot_e' = 3.44
[15:29:16] [INFO ] KB: Set function 'robot_p' = 2.93
[15:29:16] [INFO ] KB: Set function 'robot_a' = 0.92
[15:29:16] [INFO ] KB: Set function 'robot_e_sq' = 11.8336
[15:29:16] [INFO ] KB: Set function 'robot_p_sq' = 8.5849
[15:29:16] [INFO ] KB: Set function 'robot_a_sq' = 0.8464
[15:29:16] [INFO ] KB: Set function 'human_e' = 3.44
[15:29:16] [INFO ] KB: Set function 'human_p' = 2.93
[15:29:16] [INFO ] KB: Set function 'human_a' = 0.92
[15:29:16] [INFO ] KB: Set function 'human_e_sq' = 11.8336
[15:29:16] [INFO ] KB: Set function 'human_p_sq' = 8.5849
[15:29:16] [INFO ] KB: Set function 'human_a_sq' = 0.8464
[15:30:45] [INFO ] QT talking: 'In quale stagione cadono le foglie dagli alberi?'
[15:30:45] [INFO ] In ascolto (tentativo 1/2)...
[15:30:45] [INFO ] Mostro immagine: listening_icon
[15:30:49] [INFO ] Riconosciuto: Autunno.
[15:30:58] [INFO ] KB: Set function 'n_questions' = 2.0
[15:30:58] [INFO ] KB: Set function 'n_easy' = 2.0
[15:30:58] [INFO ] KB: Set function 'ask_uses' = 2.0
[15:30:58] [INFO ] KB: Set function 'right_answers' = 2.0
[15:30:58] [INFO ] KB: Removed predicate 'answered_wrong'
[15:30:58] [INFO ] KB: Removed predicate 'emotion_checked'
[15:30:58] [INFO ] KB: Set function 'robot_e' = 3.44
[15:30:58] [INFO ] KB: Set function 'robot_p' = 2.93
[15:30:58] [INFO ] KB: Set function 'robot_a' = 0.92
[15:30:58] [INFO ] KB: Set function 'robot_e_sq' = 11.8336
[15:30:59] [INFO ] KB: Set function 'robot_p_sq' = 8.5849
[15:30:59] [INFO ] KB: Set function 'robot_a_sq' = 0.8464
[15:30:59] [INFO ] KB: Set function 'human_e' = 3.44
[15:30:59] [INFO ] KB: Set function 'human_p' = 2.93
[15:30:59] [INFO ] KB: Set function 'human_a' = 0.92
[15:30:59] [INFO ] KB: Set function 'human_e_sq' = 11.8336
[15:30:59] [INFO ] KB: Set function 'human_p_sq' = 8.5849
[15:30:59] [INFO ] KB: Set function 'human_a_sq' = 0.8464
