[15:29:19] [INFO ] KB: 'human_e' = -1.77
[15:29:19] [INFO ] KB: 'human_p' = 0.57
[15:29:19] [INFO ] KB: 'human_a' = 1.8
[15:29:19] [INFO ] KB: 'human_e_sq' = 3.1329000000000002
[15:29:19] [INFO ] KB: 'human_p_sq' = 0.32489999999999997
[15:29:19] [INFO ] KB: 'human_a_sq' = 3.24
[15:29:20] [INFO ] KB: 'ask_easy_coeff' = 1.0
[15:29:20] [INFO ] KB: 'ask_medium_coeff' = 1.1
[15:29:20] [INFO ] KB: 'ask_hard_coeff' = 1.2
[15:29:20] [INFO ] KB: 'mime_easy_coeff' = 1.0
[15:29:20] [INFO ] KB: 'mime_medium_coeff' = 1.1
[15:29:20] [INFO ] KB: 'mime_hard_coeff' = 1.2
[15:29:20] [INFO ] KB: 'sound_easy_coeff' = 1.0
[15:29:20] [INFO ] KB: 'sound_medium_coeff' = 1.1
[15:29:20] [INFO ] KB: 'sound_hard_coeff' = 1.2
[15:29:20] [INFO ] KB: 'image_easy_coeff' = 1.0
[15:29:20] [INFO ] KB: 'image_medium_coeff' = 1.1
[15:29:20] [INFO ] KB: 'image_hard_coeff' = 1.2
[15:29:20] [INFO ] KB: 'ask_easy_coeff' = 10.0
[15:29:20] [INFO ] KB: 'ask_medium_coeff' = 11.0
[15:29:20] [INFO ] KB: 'ask_hard_coeff' = 12.0
[15:29:20] [INFO ] KB: 'n_easy' = 1.0
[15:29:20] [INFO ] KB: 'n_medium' = 0.0
[15:29:20] [INFO ] KB: 'n_hard' = 0.0
[15:29:20] [INFO ] KB: 'n_questions' = 1.0
[15:31:21] [INFO ] KB: 'human_e' = -1.85
[15:31:21] [INFO ] KB: 'human_p' = -0.86
[15:31:21] [INFO ] KB: 'human_a' = -2.01
[15:31:21] [INFO ] KB: 'human_e_sq' = 3.4225000000000003
[15:31:21] [INFO ] KB: 'human_p_sq' = 0.7395999999999999
[15:31:21] [INFO ] KB: 'human_a_sq' = 4.040099999999999
[15:31:22] [INFO ] KB: 'ask_easy_coeff' = 1.0
[15:31:22] [INFO ] KB: 'ask_medium_coeff' = 1.1
[15:31:22] [INFO ] KB: 'ask_hard_coeff' = 1.2
[15:31:22] [INFO ] KB: 'mime_easy_coeff' = 1.0
[15:31:22] [INFO ] KB: 'mime_medium_coeff' = 1.1
[15:31:22] [INFO ] KB: 'mime_hard_coeff' = 1.2
[15:31:22] [INFO ] KB: 'sound_easy_coeff' = 1.0
[15:31:22] [INFO ] KB: 'sound_medium_coeff' = 1.1
[15:31:22] [INFO ] KB: 'sound_hard_coeff' = 1.2
[15:31:22] [INFO ] KB: 'image_easy_coeff' = 1.0
[15:31:22] [INFO ] KB: 'image_medium_coeff' = 1.1
[15:31:22] [INFO ] KB: 'image_hard_coeff' = 1.2
[15:31:22] [INFO ] KB: 'image_easy_coeff' = 10.0
[15:31:22] [INFO ] KB: 'image_medium_coeff' = 11.0
[15:31:22] [INFO ] KB: 'image_hard_coeff' = 12.0
[15:31:22] [INFO ] KB: 'n_easy' = 2.0
[15:31:22] [INFO ] KB: 'n_medium' = 1.0
[15:31:22] [INFO ] KB: 'n_hard' = 0.0
[15:31:22] [INFO ] KB: 'n_questions' = 3.0
