=== Session: filo2  started at 2026-09-09 15:37:01.331224 ===
[15:37:10] DISPATCH  id=  0  greet_warmly()
[15:37:10] FEEDBACK  id=  0  ENABLED
[15:37:10] FEEDBACK  id=  0  ENABLED
[15:37:14] FEEDBACK  id=  0  SUCCEEDED ✓
[15:37:14] FEEDBACK  id=  1  ENABLED
[15:37:14] DISPATCH  id=  1  introduce_game()
[15:37:14] FEEDBACK  id=  1  ENABLED
[15:38:44] FEEDBACK  id=  1  SUCCEEDED ✓
[15:38:44] DISPATCH  id=  2  mime_easy()
[15:38:44] FEEDBACK  id=  2  ENABLED
[15:38:44] FEEDBACK  id=  2  ENABLED
[15:39:04] FEEDBACK  id=  2  SUCCEEDED ✓
[15:39:04] DISPATCH  id=  3  ask_easy()
[15:39:04] FEEDBACK  id=  3  ENABLED
[15:39:04] FEEDBACK  id=  3  ENABLED
[15:39:46] FEEDBACK  id=  3  SUCCEEDED ✓
[15:39:46] FEEDBACK  id=  4  ENABLED
[15:39:46] DISPATCH  id=  4  ask_medium()
[15:39:46] FEEDBACK  id=  4  ENABLED
[15:40:21] FEEDBACK  id=  4  SUCCEEDED ✓
[15:40:21] FEEDBACK  id=  5  ENABLED
[15:40:21] DISPATCH  id=  5  image_medium()
[15:40:21] FEEDBACK  id=  5  ENABLED
[15:40:50] FEEDBACK  id=  5  SUCCEEDED ✓
[15:40:50] FEEDBACK  id=  6  ENABLED
[15:40:50] DISPATCH  id=  6  conclude_game()
[15:40:50] FEEDBACK  id=  6  ENABLED
[15:40:54] FEEDBACK  id=  6  SUCCEEDED ✓
[15:40:54] FEEDBACK  id=  7  ENABLED
[15:40:54] DISPATCH  id=  7  say_goodbye()
[15:40:54] FEEDBACK  id=  7  ENABLED
[15:41:04] FEEDBACK  id=  7  SUCCEEDED ✓
