[15:31:59] [INFO ] Riproduzione suono: QT/sound_hard/metronome
[15:32:04] [INFO ] In ascolto (tentativo 1/2)...
[15:32:04] [INFO ] Mostro immagine: listening_icon
[15:32:12] [INFO ] Riconosciuto: Cioè che la domanda sinceramente, col suono è una moschea secondo me.
[15:32:25] [INFO ] Riproduzione suono: QT/sound_hard/metronome
[15:32:30] [INFO ] In ascolto (tentativo 2/2)...
[15:32:30] [INFO ] Mostro immagine: listening_icon
[15:32:38] [INFO ] Riconosciuto: Perché la Chiesa è un metronomo? Ma la domanda e la risposta sono in campagna, Eh, lo vedo.
[15:32:44] [INFO ] Riproduzione suono: QT/sound_hard/metronome
[15:32:49] [INFO ] Riproduzione suono: QT/sound_hard/metronome
[15:32:55] [INFO ] In ascolto (tentativo 2/2)...
[15:32:55] [INFO ] Mostro immagine: listening_icon
[15:32:58] [INFO ] Riconosciuto: Campanine.
[15:33:09] [INFO ] KB: Set function 'n_questions' = 4.0
[15:33:09] [INFO ] KB: Set function 'n_hard' = 4.0
[15:33:09] [INFO ] KB: Set function 'sound_uses' = 1.0
[15:33:09] [INFO ] KB: Set function 'wrong_answers' = 1.0
[15:33:09] [INFO ] KB: Added predicate 'answered_wrong'
[15:33:09] [INFO ] KB: Set function 'robot_e' = 3.44
[15:33:09] [INFO ] KB: Set function 'robot_p' = 2.93
[15:33:09] [INFO ] KB: Set function 'robot_a' = 0.92
[15:33:10] [INFO ] KB: Set function 'robot_e_sq' = 11.8336
[15:33:10] [INFO ] KB: Set function 'robot_p_sq' = 8.5849
[15:33:10] [INFO ] KB: Set function 'robot_a_sq' = 0.8464
[15:33:10] [INFO ] KB: Set function 'human_e' = 3.44
[15:33:10] [INFO ] KB: Set function 'human_p' = 2.93
[15:33:10] [INFO ] KB: Set function 'human_a' = 0.92
[15:33:10] [INFO ] KB: Set function 'human_e_sq' = 11.8336
[15:33:10] [INFO ] KB: Set function 'human_p_sq' = 8.5849
[15:33:10] [INFO ] KB: Set function 'human_a_sq' = 0.8464
