=== Session: p32  started at 2026-09-11 14:33:28.063010 ===
[14:37:37] FEEDBACK  id=  0  ENABLED
[14:37:37] DISPATCH  id=  0  greet_warmly()
[14:37:37] FEEDBACK  id=  0  ENABLED
[14:37:46] FEEDBACK  id=  0  SUCCEEDED ✓
[14:37:46] FEEDBACK  id=  1  ENABLED
[14:37:46] DISPATCH  id=  1  introduce_game()
[14:37:46] FEEDBACK  id=  1  ENABLED
[14:38:06] FEEDBACK  id=  1  SUCCEEDED ✓
[14:38:06] FEEDBACK  id=  2  ENABLED
[14:38:06] FEEDBACK  id=  2  ENABLED
[14:38:06] DISPATCH  id=  2  ask_easy()
[14:38:42] FEEDBACK  id=  2  FAILED ✗
[14:38:45] DISPATCH  id=  0  comfort()
[14:38:45] FEEDBACK  id=  0  ENABLED
[14:38:45] FEEDBACK  id=  0  ENABLED
[14:40:40] FEEDBACK  id=  0  SUCCEEDED ✓
[14:40:40] DISPATCH  id=  1  mime_easy()
[14:40:40] FEEDBACK  id=  1  ENABLED
[14:40:40] FEEDBACK  id=  1  ENABLED
[14:41:02] FEEDBACK  id=  1  SUCCEEDED ✓
[14:41:03] DISPATCH  id=  2  ask_medium()
[14:41:03] FEEDBACK  id=  2  ENABLED
[14:41:03] FEEDBACK  id=  2  ENABLED
[14:41:19] FEEDBACK  id=  2  SUCCEEDED ✓
[14:41:19] DISPATCH  id=  3  sound_medium()
[14:41:19] FEEDBACK  id=  3  ENABLED
[14:41:19] FEEDBACK  id=  3  ENABLED
[14:41:41] FEEDBACK  id=  3  SUCCEEDED ✓
[14:41:41] DISPATCH  id=  4  image_hard()
[14:41:41] FEEDBACK  id=  4  ENABLED
[14:41:41] FEEDBACK  id=  4  ENABLED
[14:41:58] FEEDBACK  id=  4  SUCCEEDED ✓
[14:41:58] DISPATCH  id=  5  conclude_game()
[14:41:58] FEEDBACK  id=  5  ENABLED
[14:41:58] FEEDBACK  id=  5  ENABLED
[14:42:02] FEEDBACK  id=  5  SUCCEEDED ✓
[14:42:02] DISPATCH  id=  6  say_goodbye()
[14:42:02] FEEDBACK  id=  6  ENABLED
[14:42:02] FEEDBACK  id=  6  ENABLED
[14:42:12] FEEDBACK  id=  6  SUCCEEDED ✓
