=== Session: p24  started at 2026-09-11 12:19:43.249307 ===
[12:19:56] FEEDBACK  id=  0  ENABLED
[12:19:56] DISPATCH  id=  0  greet_warmly()
[12:19:56] FEEDBACK  id=  0  ENABLED
[12:20:05] FEEDBACK  id=  0  SUCCEEDED ✓
[12:20:05] FEEDBACK  id=  1  ENABLED
[12:20:05] FEEDBACK  id=  1  ENABLED
[12:20:05] DISPATCH  id=  1  introduce_game()
[12:20:25] FEEDBACK  id=  1  SUCCEEDED ✓
[12:20:25] DISPATCH  id=  2  ask_easy()
[12:20:25] FEEDBACK  id=  2  ENABLED
[12:20:25] FEEDBACK  id=  2  ENABLED
[12:20:40] FEEDBACK  id=  2  SUCCEEDED ✓
[12:20:40] DISPATCH  id=  3  mime_easy()
[12:20:40] FEEDBACK  id=  3  ENABLED
[12:20:40] FEEDBACK  id=  3  ENABLED
[12:21:22] FEEDBACK  id=  3  SUCCEEDED ✓
[12:21:22] DISPATCH  id=  4  image_medium()
[12:21:22] FEEDBACK  id=  4  ENABLED
[12:21:22] FEEDBACK  id=  4  ENABLED
[12:22:01] FEEDBACK  id=  4  FAILED ✗
[12:22:04] DISPATCH  id=  0  comfort()
[12:22:04] FEEDBACK  id=  0  ENABLED
[12:22:04] FEEDBACK  id=  0  ENABLED
[12:23:47] FEEDBACK  id=  0  SUCCEEDED ✓
[12:23:47] FEEDBACK  id=  1  ENABLED
[12:23:47] DISPATCH  id=  1  sound_medium()
[12:23:47] FEEDBACK  id=  1  ENABLED
[12:24:39] FEEDBACK  id=  1  FAILED ✗
[12:24:43] FEEDBACK  id=  0  ENABLED
[12:24:43] DISPATCH  id=  0  comfort()
[12:24:43] FEEDBACK  id=  0  ENABLED
[12:27:10] FEEDBACK  id=  0  SUCCEEDED ✓
[12:27:10] DISPATCH  id=  1  ask_hard()
[12:27:10] FEEDBACK  id=  1  ENABLED
[12:27:10] FEEDBACK  id=  1  ENABLED
[12:27:51] FEEDBACK  id=  1  FAILED ✗
[12:27:54] DISPATCH  id=  0  conclude_game()
[12:27:54] FEEDBACK  id=  0  ENABLED
[12:27:54] FEEDBACK  id=  0  ENABLED
[12:27:58] FEEDBACK  id=  0  SUCCEEDED ✓
[12:27:58] DISPATCH  id=  1  say_goodbye()
[12:27:58] FEEDBACK  id=  1  ENABLED
[12:27:58] FEEDBACK  id=  1  ENABLED
[12:28:08] FEEDBACK  id=  1  SUCCEEDED ✓
