=== Session: p14  started at 2026-09-10 15:28:14.807067 ===
[15:31:39] DISPATCH  id=  0  greet_warmly()
[15:31:39] FEEDBACK  id=  0  ENABLED
[15:31:39] FEEDBACK  id=  0  ENABLED
[15:31:48] FEEDBACK  id=  0  SUCCEEDED ✓
[15:31:48] DISPATCH  id=  1  introduce_game()
[15:31:48] FEEDBACK  id=  1  ENABLED
[15:31:48] FEEDBACK  id=  1  ENABLED
[15:32:00] FEEDBACK  id=  1  SUCCEEDED ✓
[15:32:00] FEEDBACK  id=  2  ENABLED
[15:32:00] DISPATCH  id=  2  mime_easy()
[15:32:00] FEEDBACK  id=  2  ENABLED
[15:32:42] FEEDBACK  id=  2  SUCCEEDED ✓
[15:32:42] FEEDBACK  id=  3  ENABLED
[15:32:42] DISPATCH  id=  3  ask_easy()
[15:32:42] FEEDBACK  id=  3  ENABLED
[15:32:57] FEEDBACK  id=  3  SUCCEEDED ✓
[15:32:58] FEEDBACK  id=  4  ENABLED
[15:32:58] DISPATCH  id=  4  ask_medium()
[15:32:58] FEEDBACK  id=  4  ENABLED
[15:33:15] FEEDBACK  id=  4  SUCCEEDED ✓
[15:33:15] DISPATCH  id=  5  sound_medium()
[15:33:15] FEEDBACK  id=  5  ENABLED
[15:33:15] FEEDBACK  id=  5  ENABLED
[15:33:36] FEEDBACK  id=  5  SUCCEEDED ✓
[15:33:36] DISPATCH  id=  6  image_hard()
[15:33:36] FEEDBACK  id=  6  ENABLED
[15:33:36] FEEDBACK  id=  6  ENABLED
[15:34:08] FEEDBACK  id=  6  SUCCEEDED ✓
[15:34:09] DISPATCH  id=  7  conclude_game()
[15:34:09] FEEDBACK  id=  7  ENABLED
[15:34:09] FEEDBACK  id=  7  ENABLED
[15:34:12] FEEDBACK  id=  7  SUCCEEDED ✓
[15:34:12] DISPATCH  id=  8  say_goodbye()
[15:34:12] FEEDBACK  id=  8  ENABLED
[15:34:12] FEEDBACK  id=  8  ENABLED
[15:34:22] FEEDBACK  id=  8  SUCCEEDED ✓
