=== Session: p1  started at 2026-09-10 11:03:46.183289 ===
[11:03:54] DISPATCH  id=  0  greet_warmly()
[11:03:54] FEEDBACK  id=  0  ENABLED
[11:03:54] FEEDBACK  id=  0  ENABLED
[11:04:02] FEEDBACK  id=  0  SUCCEEDED ✓
[11:04:02] FEEDBACK  id=  1  ENABLED
[11:04:02] DISPATCH  id=  1  introduce_game()
[11:04:02] FEEDBACK  id=  1  ENABLED
[11:04:24] FEEDBACK  id=  1  SUCCEEDED ✓
[11:04:25] FEEDBACK  id=  2  ENABLED
[11:04:25] DISPATCH  id=  2  check_emotion()
[11:04:27] FEEDBACK  id=  2  ENABLED
[11:04:27] FEEDBACK  id=  2  SUCCEEDED ✓
[11:04:28] FEEDBACK  id=  3  ENABLED
[11:04:28] FEEDBACK  id=  3  ENABLED
[11:04:28] DISPATCH  id=  3  ask_easy()
[11:04:44] FEEDBACK  id=  3  SUCCEEDED ✓
[11:04:44] DISPATCH  id=  4  check_emotion()
[11:04:44] FEEDBACK  id=  4  ENABLED
[11:04:45] FEEDBACK  id=  4  ENABLED
[11:04:46] FEEDBACK  id=  4  SUCCEEDED ✓
[11:04:46] DISPATCH  id=  5  mime_easy()
[11:04:46] FEEDBACK  id=  5  ENABLED
[11:04:46] FEEDBACK  id=  5  ENABLED
[11:05:36] FEEDBACK  id=  5  SUCCEEDED ✓
[11:05:36] FEEDBACK  id=  6  ENABLED
[11:05:36] DISPATCH  id=  6  check_emotion()
[11:05:37] FEEDBACK  id=  6  ENABLED
[11:05:38] FEEDBACK  id=  6  SUCCEEDED ✓
[11:05:38] DISPATCH  id=  7  ask_medium()
[11:05:38] FEEDBACK  id=  7  ENABLED
[11:05:38] FEEDBACK  id=  7  ENABLED
[11:05:59] FEEDBACK  id=  7  SUCCEEDED ✓
[11:05:59] DISPATCH  id=  8  check_emotion()
[11:05:59] FEEDBACK  id=  8  ENABLED
[11:06:00] FEEDBACK  id=  8  ENABLED
[11:06:01] FEEDBACK  id=  8  SUCCEEDED ✓
[11:06:01] FEEDBACK  id=  9  ENABLED
[11:06:01] DISPATCH  id=  9  image_medium()
[11:06:01] FEEDBACK  id=  9  ENABLED
[11:06:27] FEEDBACK  id=  9  SUCCEEDED ✓
[11:06:27] FEEDBACK  id= 10  ENABLED
[11:06:27] DISPATCH  id= 10  check_emotion()
[11:06:28] FEEDBACK  id= 10  ENABLED
[11:06:29] FEEDBACK  id= 10  SUCCEEDED ✓
[11:06:29] DISPATCH  id= 11  sound_hard()
[11:06:29] FEEDBACK  id= 11  ENABLED
[11:06:29] FEEDBACK  id= 11  ENABLED
[11:07:21] FEEDBACK  id= 11  SUCCEEDED ✓
[11:07:22] DISPATCH  id= 12  conclude_game()
[11:07:22] FEEDBACK  id= 12  ENABLED
[11:07:22] FEEDBACK  id= 12  ENABLED
[11:07:25] FEEDBACK  id= 12  SUCCEEDED ✓
[11:07:25] DISPATCH  id= 13  say_goodbye()
[11:07:25] FEEDBACK  id= 13  ENABLED
[11:07:25] FEEDBACK  id= 13  ENABLED
[11:07:35] FEEDBACK  id= 13  SUCCEEDED ✓
