[11:06:04] [INFO ] Mostro immagine: bussola_icon
[11:06:04] [INFO ] In ascolto (tentativo 1/2)...
[11:06:14] [INFO ] Riconosciuto: È una bussola.
[11:06:27] [INFO ] KB: Set function 'n_questions' = 4.0
[11:06:27] [INFO ] KB: Set function 'n_medium' = 2.0
[11:06:27] [INFO ] KB: Set function 'image_uses' = 1.0
[11:06:27] [INFO ] KB: Set function 'right_answers' = 4.0
[11:06:27] [INFO ] KB: Removed predicate 'answered_wrong'
[11:06:27] [INFO ] KB: Removed predicate 'emotion_checked'
[11:06:27] [INFO ] KB: Set function 'robot_e' = 3.44
[11:06:27] [INFO ] KB: Set function 'robot_p' = 2.93
[11:06:27] [INFO ] KB: Set function 'robot_a' = 0.92
[11:06:27] [INFO ] KB: Set function 'robot_e_sq' = 11.8336
[11:06:27] [INFO ] KB: Set function 'robot_p_sq' = 8.5849
[11:06:27] [INFO ] KB: Set function 'robot_a_sq' = 0.8464
[11:06:27] [INFO ] KB: Set function 'human_e' = 3.44
[11:06:27] [INFO ] KB: Set function 'human_p' = 2.93
[11:06:27] [INFO ] KB: Set function 'human_a' = 0.92
[11:06:27] [INFO ] KB: Set function 'human_e_sq' = 11.8336
[11:06:27] [INFO ] KB: Set function 'human_p_sq' = 8.5849
[11:06:27] [INFO ] KB: Set function 'human_a_sq' = 0.8464
