[11:05:01] [INFO ] In ascolto (tentativo 1/2)...
[11:05:01] [INFO ] Mostro immagine: listening_icon
[11:05:10] [INFO ] Riconosciuto: Non lo so.
[11:05:20] [INFO ] In ascolto (tentativo 2/2)...
[11:05:20] [INFO ] Mostro immagine: listening_icon
[11:05:24] [INFO ] Riconosciuto: La scimmia.
[11:05:36] [INFO ] KB: Set function 'n_questions' = 2.0
[11:05:36] [INFO ] KB: Set function 'n_easy' = 2.0
[11:05:36] [INFO ] KB: Set function 'mime_uses' = 1.0
[11:05:36] [INFO ] KB: Set function 'right_answers' = 2.0
[11:05:36] [INFO ] KB: Removed predicate 'answered_wrong'
[11:05:36] [INFO ] KB: Removed predicate 'emotion_checked'
[11:05:36] [INFO ] KB: Set function 'robot_e' = 3.44
[11:05:36] [INFO ] KB: Set function 'robot_p' = 2.93
[11:05:36] [INFO ] KB: Set function 'robot_a' = 0.92
[11:05:36] [INFO ] KB: Set function 'robot_e_sq' = 11.8336
[11:05:36] [INFO ] KB: Set function 'robot_p_sq' = 8.5849
[11:05:36] [INFO ] KB: Set function 'robot_a_sq' = 0.8464
[11:05:36] [INFO ] KB: Set function 'human_e' = 3.44
[11:05:36] [INFO ] KB: Set function 'human_p' = 2.93
[11:05:36] [INFO ] KB: Set function 'human_a' = 0.92
[11:05:36] [INFO ] KB: Set function 'human_e_sq' = 11.8336
[11:05:36] [INFO ] KB: Set function 'human_p_sq' = 8.5849
[11:05:36] [INFO ] KB: Set function 'human_a_sq' = 0.8464
