[11:06:35] [INFO ] Riproduzione suono: QT/sound_hard/popcorn_popping
[11:06:46] [INFO ] In ascolto (tentativo 1/2)...
[11:06:46] [INFO ] Mostro immagine: listening_icon
[11:06:50] [INFO ] Riconosciuto: Non lo so.
[11:07:00] [INFO ] Riproduzione suono: QT/sound_hard/popcorn_popping
[11:07:10] [INFO ] In ascolto (tentativo 2/2)...
[11:07:10] [INFO ] Mostro immagine: listening_icon
[11:07:14] [INFO ] Riconosciuto: I popcorn?
[11:07:21] [INFO ] KB: Set function 'n_questions' = 5.0
[11:07:21] [INFO ] KB: Set function 'n_hard' = 1.0
[11:07:21] [INFO ] KB: Set function 'sound_uses' = 1.0
[11:07:21] [INFO ] KB: Set function 'right_answers' = 5.0
[11:07:21] [INFO ] KB: Removed predicate 'answered_wrong'
[11:07:21] [INFO ] KB: Removed predicate 'emotion_checked'
[11:07:21] [INFO ] KB: Set function 'robot_e' = 3.44
[11:07:21] [INFO ] KB: Set function 'robot_p' = 2.93
[11:07:21] [INFO ] KB: Set function 'robot_a' = 0.92
[11:07:21] [INFO ] KB: Set function 'robot_e_sq' = 11.8336
[11:07:21] [INFO ] KB: Set function 'robot_p_sq' = 8.5849
[11:07:21] [INFO ] KB: Set function 'robot_a_sq' = 0.8464
[11:07:21] [INFO ] KB: Set function 'human_e' = 3.44
[11:07:21] [INFO ] KB: Set function 'human_p' = 2.93
[11:07:21] [INFO ] KB: Set function 'human_a' = 0.92
[11:07:21] [INFO ] KB: Set function 'human_e_sq' = 11.8336
[11:07:21] [INFO ] KB: Set function 'human_p_sq' = 8.5849
[11:07:21] [INFO ] KB: Set function 'human_a_sq' = 0.8464
