=== Session: p10  started at 2026-09-10 14:29:08.871155 ===
[14:33:16] DISPATCH  id=  0  greet_warmly()
[14:33:16] FEEDBACK  id=  0  ENABLED
[14:33:16] FEEDBACK  id=  0  ENABLED
[14:33:25] FEEDBACK  id=  0  SUCCEEDED ✓
[14:33:25] DISPATCH  id=  1  introduce_game()
[14:33:25] FEEDBACK  id=  1  ENABLED
[14:33:25] FEEDBACK  id=  1  ENABLED
[14:33:39] FEEDBACK  id=  1  SUCCEEDED ✓
[14:33:39] DISPATCH  id=  2  ask_easy()
[14:33:39] FEEDBACK  id=  2  ENABLED
[14:33:39] FEEDBACK  id=  2  ENABLED
[14:33:54] FEEDBACK  id=  2  SUCCEEDED ✓
[14:33:54] DISPATCH  id=  3  mime_easy()
[14:33:54] FEEDBACK  id=  3  ENABLED
[14:33:54] FEEDBACK  id=  3  ENABLED
[14:35:06] FEEDBACK  id=  3  FAILED ✗
[14:35:09] DISPATCH  id=  0  comfort()
[14:35:09] FEEDBACK  id=  0  ENABLED
[14:35:09] FEEDBACK  id=  0  ENABLED
[14:36:48] FEEDBACK  id=  0  SUCCEEDED ✓
[14:36:48] FEEDBACK  id=  1  ENABLED
[14:36:48] DISPATCH  id=  1  image_medium()
[14:36:48] FEEDBACK  id=  1  ENABLED
[14:37:46] FEEDBACK  id=  1  SUCCEEDED ✓
[14:37:46] DISPATCH  id=  2  ask_medium()
[14:37:46] FEEDBACK  id=  2  ENABLED
[14:37:46] FEEDBACK  id=  2  ENABLED
[14:38:01] FEEDBACK  id=  2  SUCCEEDED ✓
[14:38:01] DISPATCH  id=  3  sound_hard()
[14:38:01] FEEDBACK  id=  3  ENABLED
[14:38:01] FEEDBACK  id=  3  ENABLED
[14:38:48] FEEDBACK  id=  3  FAILED ✗
[14:38:51] DISPATCH  id=  0  conclude_game()
[14:38:51] FEEDBACK  id=  0  ENABLED
[14:38:51] FEEDBACK  id=  0  ENABLED
[14:38:55] FEEDBACK  id=  0  SUCCEEDED ✓
[14:38:55] DISPATCH  id=  1  say_goodbye()
[14:38:55] FEEDBACK  id=  1  ENABLED
[14:38:55] FEEDBACK  id=  1  ENABLED
[14:39:05] FEEDBACK  id=  1  SUCCEEDED ✓
