✓ Domain backup saved to: /home/qtrobot/catkin_ws/src/thesis_qt/pddl/domain_try_backup.pddl
Waiting for ROSPlan services...
ROSPlan services ready!

=== Clearing Knowledge Base ===
✓ Knowledge Base cleared.

=== Adding robot functions ===
  ✓ Function: robot_e = 3.44
  ✓ Function: robot_p = 2.93
  ✓ Function: robot_a = 0.92
  ✓ Function: robot_e_sq = 11.8336
  ✓ Function: robot_p_sq = 8.5849
  ✓ Function: robot_a_sq = 0.8464

=== Adding human functions ===
  ✓ Function: human_e = 3.44
  ✓ Function: human_p = 2.93
  ✓ Function: human_a = 0.92
  ✓ Function: human_e_sq = 11.8336
  ✓ Function: human_p_sq = 8.5849
  ✓ Function: human_a_sq = 0.8464

=== Adding weights ===
  ✓ Function: alpha = 1.0
  ✓ Function: beta = 1.0
  ✓ Function: gamma = 1.0
  ✓ Function: total-cost = 0.0

=== Adding quiz state ===
  ✓ Function: difficulty_limit = 1.0
  ✓ Function: category_limit = 1.0
  ✓ Function: category_limit_bonus = 2.0
  ✓ Function: right_answers = 0.0
  ✓ Function: wrong_answers = 0.0
  ✓ Function: n_questions = 0.0
  ✓ Function: n_easy = 0.0
  ✓ Function: n_medium = 0.0
  ✓ Function: n_hard = 0.0
  ✓ Function: ask_uses = 0.0
  ✓ Function: mime_uses = 0.0
  ✓ Function: sound_uses = 0.0
  ✓ Function: image_uses = 0.0

=== Adding modality coefficients ===
  ✓ Function: ask_coeff = 1.0
  ✓ Function: image_coeff = 20.0
  ✓ Function: sound_coeff = 40.0
  ✓ Function: mime_coeff = 60.0

=== Adding difficulty-level coefficients ===
  ✓ Function: sound_easy_coeff = 1.0
  ✓ Function: sound_medium_coeff = 1.0
  ✓ Function: sound_hard_coeff = 1.0
  ✓ Function: image_easy_coeff = 1.0
  ✓ Function: image_medium_coeff = 1.0
  ✓ Function: image_hard_coeff = 1.0
  ✓ Function: ask_easy_coeff = 1.0
  ✓ Function: ask_medium_coeff = 1.0
  ✓ Function: ask_hard_coeff = 1.0
  ✓ Function: mime_easy_coeff = 1.0

=== Adding goal ===
  ✓ Goal: interaction_finished

=== Generating problem ===

=== Restoring domain ===
✓ Domain restored from backup.

=== Patching problem metric ===
✓ Metric added to problem file.

=== Planning (ENHSP) ===

=== Parsing plan ===

=== Plan ready! ===

✓ Planning pipeline executed!
To dispatch: rosservice call /rosplan_plan_dispatcher/dispatch_plan
Waiting for ROSPlan services...
✓ Check Emotion Action Interface ready!
✓ Last completed action updated: greet_warmly
✓ Last completed action updated: introduce_game

[CheckEmotion] Inserisci emozione (H, F, A, SA, SU, D, N, B): [WARN] [1788882470.350864]: [CheckEmotion] Manual emotion mode ENABLED.
