[14:46:38] [INFO ] Publishing emotion: QT/showing_smile
[14:46:39] [INFO ] Playing gesture: QT/Show-face
[14:46:53] [INFO ] Mostro immagine: listening_icon
[14:47:05] [INFO ] Riconosciuto: Felice.
[14:47:15] [INFO ] Publishing emotion: QT/happy
[14:47:16] [INFO ] Playing gesture: QT/emotions/hoora
[14:47:28] [INFO ] KB: Removed predicate 'answered_wrong'
[14:47:28] [INFO ] KB: Removed predicate 'emotion_checked'
[14:47:28] [INFO ] KB: Set function 'robot_e' = 3.44
[14:47:28] [INFO ] KB: Set function 'robot_e_sq' = 11.8336
[14:47:28] [INFO ] KB: Set function 'robot_p' = 2.93
[14:47:28] [INFO ] KB: Set function 'robot_p_sq' = 8.5849
[14:47:28] [INFO ] KB: Set function 'robot_a' = 0.92
[14:47:28] [INFO ] KB: Set function 'robot_a_sq' = 0.8464
[14:47:28] [INFO ] KB: Set function 'human_e' = 3.44
[14:47:28] [INFO ] KB: Set function 'human_e_sq' = 11.8336
[14:47:28] [INFO ] KB: Set function 'human_p' = 2.93
[14:47:28] [INFO ] KB: Set function 'human_p_sq' = 8.5849
[14:47:28] [INFO ] KB: Set function 'human_a' = 0.92
[14:47:28] [INFO ] KB: Set function 'human_a_sq' = 0.8464
[14:50:07] [INFO ] Publishing emotion: QT/showing_smile
[14:50:08] [INFO ] Playing gesture: QT/Show-face
[14:50:22] [INFO ] Mostro immagine: listening_icon
[14:50:25] [INFO ] Riconosciuto: Felice.
[14:50:31] [INFO ] Publishing emotion: QT/happy
[14:50:33] [INFO ] Playing gesture: QT/emotions/hoora
[14:50:45] [INFO ] KB: Removed predicate 'answered_wrong'
[14:50:45] [INFO ] KB: Removed predicate 'emotion_checked'
[14:50:45] [INFO ] KB: Set function 'robot_e' = 3.44
[14:50:45] [INFO ] KB: Set function 'robot_e_sq' = 11.8336
[14:50:45] [INFO ] KB: Set function 'robot_p' = 2.93
[14:50:45] [INFO ] KB: Set function 'robot_p_sq' = 8.5849
[14:50:45] [INFO ] KB: Set function 'robot_a' = 0.92
[14:50:45] [INFO ] KB: Set function 'robot_a_sq' = 0.8464
[14:50:45] [INFO ] KB: Set function 'human_e' = 3.44
[14:50:45] [INFO ] KB: Set function 'human_e_sq' = 11.8336
[14:50:45] [INFO ] KB: Set function 'human_p' = 2.93
[14:50:45] [INFO ] KB: Set function 'human_p_sq' = 8.5849
[14:50:45] [INFO ] KB: Set function 'human_a' = 0.92
[14:50:45] [INFO ] KB: Set function 'human_a_sq' = 0.8464
