=== Session: p11  started at 2026-09-10 14:40:14.223122 ===
[14:44:33] FEEDBACK  id=  0  ENABLED
[14:44:33] DISPATCH  id=  0  greet_warmly()
[14:44:33] FEEDBACK  id=  0  ENABLED
[14:44:41] FEEDBACK  id=  0  SUCCEEDED ✓
[14:44:42] DISPATCH  id=  1  introduce_game()
[14:44:42] FEEDBACK  id=  1  ENABLED
[14:44:42] FEEDBACK  id=  1  ENABLED
[14:44:55] FEEDBACK  id=  1  SUCCEEDED ✓
[14:44:56] DISPATCH  id=  2  check_emotion()
[14:44:56] FEEDBACK  id=  2  ENABLED
[14:44:56] FEEDBACK  id=  2  ENABLED
[14:44:57] FEEDBACK  id=  2  SUCCEEDED ✓
[14:44:57] DISPATCH  id=  3  mime_easy()
[14:44:57] FEEDBACK  id=  3  ENABLED
[14:44:57] FEEDBACK  id=  3  ENABLED
[14:46:26] FEEDBACK  id=  3  FAILED ✗
[14:46:30] DISPATCH  id=  0  comfort()
[14:46:30] FEEDBACK  id=  0  ENABLED
[14:46:30] FEEDBACK  id=  0  ENABLED
[14:47:28] FEEDBACK  id=  0  SUCCEEDED ✓
[14:47:29] FEEDBACK  id=  1  ENABLED
[14:47:29] DISPATCH  id=  1  check_emotion()
[14:47:32] FEEDBACK  id=  1  ENABLED
[14:47:33] FEEDBACK  id=  1  FAILED ✗
[14:47:37] DISPATCH  id=  0  tell_a_joke()
[14:47:37] FEEDBACK  id=  0  ENABLED
[14:47:37] FEEDBACK  id=  0  ENABLED
[14:48:28] FEEDBACK  id=  0  SUCCEEDED ✓
[14:48:28] DISPATCH  id=  1  check_emotion()
[14:48:28] FEEDBACK  id=  1  ENABLED
[14:48:29] FEEDBACK  id=  1  ENABLED
[14:48:29] FEEDBACK  id=  1  SUCCEEDED ✓
[14:48:29] DISPATCH  id=  2  ask_easy()
[14:48:29] FEEDBACK  id=  2  ENABLED
[14:48:29] FEEDBACK  id=  2  ENABLED
[14:48:52] FEEDBACK  id=  2  SUCCEEDED ✓
[14:48:52] DISPATCH  id=  3  check_emotion()
[14:48:52] FEEDBACK  id=  3  ENABLED
[14:48:54] FEEDBACK  id=  3  ENABLED
[14:48:54] FEEDBACK  id=  3  SUCCEEDED ✓
[14:48:54] FEEDBACK  id=  4  ENABLED
[14:48:54] DISPATCH  id=  4  ask_medium()
[14:48:54] FEEDBACK  id=  4  ENABLED
[14:49:14] FEEDBACK  id=  4  SUCCEEDED ✓
[14:49:14] DISPATCH  id=  5  check_emotion()
[14:49:14] FEEDBACK  id=  5  ENABLED
[14:49:16] FEEDBACK  id=  5  ENABLED
[14:49:16] FEEDBACK  id=  5  SUCCEEDED ✓
[14:49:16] DISPATCH  id=  6  image_medium()
[14:49:16] FEEDBACK  id=  6  ENABLED
[14:49:16] FEEDBACK  id=  6  ENABLED
[14:49:56] FEEDBACK  id=  6  FAILED ✗
[14:50:00] DISPATCH  id=  0  comfort()
[14:50:00] FEEDBACK  id=  0  ENABLED
[14:50:00] FEEDBACK  id=  0  ENABLED
[14:50:45] FEEDBACK  id=  0  SUCCEEDED ✓
[14:50:45] DISPATCH  id=  1  check_emotion()
[14:50:45] FEEDBACK  id=  1  ENABLED
[14:50:46] FEEDBACK  id=  1  ENABLED
[14:50:46] FEEDBACK  id=  1  SUCCEEDED ✓
[14:50:46] DISPATCH  id=  2  sound_hard()
[14:50:46] FEEDBACK  id=  2  ENABLED
[14:50:46] FEEDBACK  id=  2  ENABLED
[14:51:18] FEEDBACK  id=  2  SUCCEEDED ✓
[14:51:18] DISPATCH  id=  3  conclude_game()
[14:51:18] FEEDBACK  id=  3  ENABLED
[14:51:18] FEEDBACK  id=  3  ENABLED
[14:51:22] FEEDBACK  id=  3  SUCCEEDED ✓
[14:51:22] FEEDBACK  id=  4  ENABLED
[14:51:22] DISPATCH  id=  4  say_goodbye()
[14:51:22] FEEDBACK  id=  4  ENABLED
[14:51:32] FEEDBACK  id=  4  SUCCEEDED ✓
