[14:49:19] [INFO ] Mostro immagine: rugiada_icon
[14:49:19] [INFO ] In ascolto (tentativo 1/2)...
[14:49:23] [INFO ] Riconosciuto: La pioggia?
[14:49:32] [INFO ] Mostro immagine: rugiada_icon
[14:49:32] [INFO ] In ascolto (tentativo 2/2)...
[14:49:47] [INFO ] Riconosciuto: Non so la risposta.
[14:49:56] [INFO ] KB: Set function 'n_questions' = 4.0
[14:49:56] [INFO ] KB: Set function 'n_medium' = 2.0
[14:49:56] [INFO ] KB: Set function 'image_uses' = 1.0
[14:49:56] [INFO ] KB: Set function 'wrong_answers' = 2.0
[14:49:56] [INFO ] KB: Added predicate 'answered_wrong'
[14:49:56] [INFO ] KB: Set function 'robot_e' = 3.44
[14:49:56] [INFO ] KB: Set function 'robot_p' = 2.93
[14:49:56] [INFO ] KB: Set function 'robot_a' = 0.92
[14:49:56] [INFO ] KB: Set function 'robot_e_sq' = 11.8336
[14:49:56] [INFO ] KB: Set function 'robot_p_sq' = 8.5849
[14:49:56] [INFO ] KB: Set function 'robot_a_sq' = 0.8464
[14:49:56] [INFO ] KB: Set function 'human_e' = 3.44
[14:49:56] [INFO ] KB: Set function 'human_p' = 2.93
[14:49:56] [INFO ] KB: Set function 'human_a' = 0.92
[14:49:56] [INFO ] KB: Set function 'human_e_sq' = 11.8336
[14:49:56] [INFO ] KB: Set function 'human_p_sq' = 8.5849
[14:49:56] [INFO ] KB: Set function 'human_a_sq' = 0.8464
