[14:45:10] [INFO ] In ascolto (tentativo 1/2)...
[14:45:10] [INFO ] Mostro immagine: listening_icon
[14:45:23] [INFO ] Riconosciuto: Cos'è che stai facendo?
[14:45:35] [INFO ] In ascolto (tentativo 2/2)...
[14:45:35] [INFO ] Mostro immagine: listening_icon
[14:45:54] [INFO ] In ascolto (tentativo 2/2)...
[14:45:54] [INFO ] Mostro immagine: listening_icon
[14:46:12] [INFO ] In ascolto (tentativo 2/2)...
[14:46:12] [INFO ] Mostro immagine: listening_icon
[14:46:16] [INFO ] Riconosciuto: Non la so.
[14:46:26] [INFO ] KB: Set function 'n_questions' = 1.0
[14:46:26] [INFO ] KB: Set function 'n_easy' = 1.0
[14:46:26] [INFO ] KB: Set function 'mime_uses' = 1.0
[14:46:26] [INFO ] KB: Set function 'wrong_answers' = 1.0
[14:46:26] [INFO ] KB: Added predicate 'answered_wrong'
[14:46:26] [INFO ] KB: Set function 'robot_e' = 3.44
[14:46:26] [INFO ] KB: Set function 'robot_p' = 2.93
[14:46:26] [INFO ] KB: Set function 'robot_a' = 0.92
[14:46:26] [INFO ] KB: Set function 'robot_e_sq' = 11.8336
[14:46:26] [INFO ] KB: Set function 'robot_p_sq' = 8.5849
[14:46:26] [INFO ] KB: Set function 'robot_a_sq' = 0.8464
[14:46:26] [INFO ] KB: Set function 'human_e' = 3.44
[14:46:26] [INFO ] KB: Set function 'human_p' = 2.93
[14:46:26] [INFO ] KB: Set function 'human_a' = 0.92
[14:46:26] [INFO ] KB: Set function 'human_e_sq' = 11.8336
[14:46:26] [INFO ] KB: Set function 'human_p_sq' = 8.5849
[14:46:26] [INFO ] KB: Set function 'human_a_sq' = 0.8464
