[14:31:19] [INFO ] QT talking: 'Chi ha dipinto la Gioconda?'
[14:31:19] [INFO ] In ascolto (tentativo 1/2)...
[14:31:19] [INFO ] Mostro immagine: listening_icon
[14:31:26] [INFO ] Riconosciuto: Non lo so.
[14:31:38] [INFO ] In ascolto (tentativo 2/2)...
[14:31:38] [INFO ] Mostro immagine: listening_icon
[14:31:56] [INFO ] In ascolto (tentativo 2/2)...
[14:31:56] [INFO ] Mostro immagine: listening_icon
[14:32:00] [INFO ] Riconosciuto: Non lo so.
[14:32:10] [INFO ] KB: Set function 'n_questions' = 5.0
[14:32:10] [INFO ] KB: Set function 'n_hard' = 1.0
[14:32:10] [INFO ] KB: Set function 'ask_uses' = 2.0
[14:32:10] [INFO ] KB: Set function 'wrong_answers' = 2.0
[14:32:10] [INFO ] KB: Added predicate 'answered_wrong'
[14:32:10] [INFO ] KB: Set function 'robot_e' = 3.44
[14:32:10] [INFO ] KB: Set function 'robot_p' = 2.93
[14:32:10] [INFO ] KB: Set function 'robot_a' = 0.92
[14:32:10] [INFO ] KB: Set function 'robot_e_sq' = 11.8336
[14:32:10] [INFO ] KB: Set function 'robot_p_sq' = 8.5849
[14:32:11] [INFO ] KB: Set function 'robot_a_sq' = 0.8464
[14:32:11] [INFO ] KB: Set function 'human_e' = 3.44
[14:32:11] [INFO ] KB: Set function 'human_p' = 2.93
[14:32:11] [INFO ] KB: Set function 'human_a' = 0.92
[14:32:11] [INFO ] KB: Set function 'human_e_sq' = 11.8336
[14:32:11] [INFO ] KB: Set function 'human_p_sq' = 8.5849
[14:32:11] [INFO ] KB: Set function 'human_a_sq' = 0.8464
