[14:29:56] [INFO ] QT talking: 'Come si chiama il pianeta su cui viviamo?'
[14:29:56] [INFO ] In ascolto (tentativo 1/2)...
[14:29:56] [INFO ] Mostro immagine: listening_icon
[14:29:59] [INFO ] Riconosciuto: Terra.
[14:30:10] [INFO ] KB: Set function 'n_questions' = 3.0
[14:30:10] [INFO ] KB: Set function 'n_medium' = 1.0
[14:30:10] [INFO ] KB: Set function 'ask_uses' = 1.0
[14:30:10] [INFO ] KB: Set function 'right_answers' = 2.0
[14:30:10] [INFO ] KB: Removed predicate 'answered_wrong'
[14:30:10] [INFO ] KB: Removed predicate 'emotion_checked'
[14:30:10] [INFO ] KB: Set function 'robot_e' = 3.44
[14:30:10] [INFO ] KB: Set function 'robot_p' = 2.93
[14:30:10] [INFO ] KB: Set function 'robot_a' = 0.92
[14:30:10] [INFO ] KB: Set function 'robot_e_sq' = 11.8336
[14:30:10] [INFO ] KB: Set function 'robot_p_sq' = 8.5849
[14:30:10] [INFO ] KB: Set function 'robot_a_sq' = 0.8464
[14:30:10] [INFO ] KB: Set function 'human_e' = 3.44
[14:30:10] [INFO ] KB: Set function 'human_p' = 2.93
[14:30:10] [INFO ] KB: Set function 'human_a' = 0.92
[14:30:10] [INFO ] KB: Set function 'human_e_sq' = 11.8336
[14:30:10] [INFO ] KB: Set function 'human_p_sq' = 8.5849
[14:30:10] [INFO ] KB: Set function 'human_a_sq' = 0.8464
