[14:29:08] [INFO ] Publishing emotion: QT/showing_smile
[14:29:09] [INFO ] Playing gesture: QT/emotions/calm
[14:29:26] [INFO ] Mostro immagine: listening_icon
[14:29:31] [INFO ] Riconosciuto: Felice.
[14:29:38] [INFO ] Publishing emotion: QT/happy
[14:29:39] [INFO ] Playing gesture: QT/emotions/hoora
[14:29:51] [INFO ] KB: Removed predicate 'answered_wrong'
[14:29:51] [INFO ] KB: Removed predicate 'emotion_checked'
[14:29:51] [INFO ] KB: Set function 'robot_e' = 3.44
[14:29:51] [INFO ] KB: Set function 'robot_e_sq' = 11.8336
[14:29:51] [INFO ] KB: Set function 'robot_p' = 2.93
[14:29:51] [INFO ] KB: Set function 'robot_p_sq' = 8.5849
[14:29:51] [INFO ] KB: Set function 'robot_a' = 0.92
[14:29:51] [INFO ] KB: Set function 'robot_a_sq' = 0.8464
[14:29:51] [INFO ] KB: Set function 'human_e' = 3.44
[14:29:51] [INFO ] KB: Set function 'human_e_sq' = 11.8336
[14:29:51] [INFO ] KB: Set function 'human_p' = 2.93
[14:29:51] [INFO ] KB: Set function 'human_p_sq' = 8.5849
[14:29:51] [INFO ] KB: Set function 'human_a' = 0.92
[14:29:51] [INFO ] KB: Set function 'human_a_sq' = 0.8464
