=== Session: p31  started at 2026-09-11 14:23:50.597999 ===
[14:27:09] DISPATCH  id=  0  greet_warmly()
[14:27:09] FEEDBACK  id=  0  ENABLED
[14:27:09] FEEDBACK  id=  0  ENABLED
[14:27:18] FEEDBACK  id=  0  SUCCEEDED ✓
[14:27:18] DISPATCH  id=  1  introduce_game()
[14:27:18] FEEDBACK  id=  1  ENABLED
[14:27:18] FEEDBACK  id=  1  ENABLED
[14:27:32] FEEDBACK  id=  1  SUCCEEDED ✓
[14:27:32] DISPATCH  id=  2  check_emotion()
[14:27:32] FEEDBACK  id=  2  ENABLED
[14:27:33] FEEDBACK  id=  2  ENABLED
[14:27:33] FEEDBACK  id=  2  SUCCEEDED ✓
[14:27:34] FEEDBACK  id=  3  ENABLED
[14:27:34] DISPATCH  id=  3  image_easy()
[14:27:34] FEEDBACK  id=  3  ENABLED
[14:27:50] FEEDBACK  id=  3  SUCCEEDED ✓
[14:27:50] DISPATCH  id=  4  check_emotion()
[14:27:50] FEEDBACK  id=  4  ENABLED
[14:27:51] FEEDBACK  id=  4  ENABLED
[14:27:51] FEEDBACK  id=  4  SUCCEEDED ✓
[14:27:51] DISPATCH  id=  5  mime_easy()
[14:27:51] FEEDBACK  id=  5  ENABLED
[14:27:51] FEEDBACK  id=  5  ENABLED
[14:28:58] FEEDBACK  id=  5  FAILED ✗
[14:29:01] FEEDBACK  id=  0  ENABLED
[14:29:01] DISPATCH  id=  0  comfort()
[14:29:01] FEEDBACK  id=  0  ENABLED
[14:29:51] FEEDBACK  id=  0  SUCCEEDED ✓
[14:29:51] FEEDBACK  id=  1  ENABLED
[14:29:51] DISPATCH  id=  1  check_emotion()
[14:29:52] FEEDBACK  id=  1  ENABLED
[14:29:53] FEEDBACK  id=  1  SUCCEEDED ✓
[14:29:53] DISPATCH  id=  2  ask_medium()
[14:29:53] FEEDBACK  id=  2  ENABLED
[14:29:53] FEEDBACK  id=  2  ENABLED
[14:30:10] FEEDBACK  id=  2  SUCCEEDED ✓
[14:30:10] DISPATCH  id=  3  check_emotion()
[14:30:10] FEEDBACK  id=  3  ENABLED
[14:30:11] FEEDBACK  id=  3  ENABLED
[14:30:11] FEEDBACK  id=  3  SUCCEEDED ✓
[14:30:12] FEEDBACK  id=  4  ENABLED
[14:30:12] FEEDBACK  id=  4  ENABLED
[14:30:12] DISPATCH  id=  4  sound_medium()
[14:31:15] FEEDBACK  id=  4  SUCCEEDED ✓
[14:31:15] DISPATCH  id=  5  check_emotion()
[14:31:15] FEEDBACK  id=  5  ENABLED
[14:31:17] FEEDBACK  id=  5  ENABLED
[14:31:17] FEEDBACK  id=  5  SUCCEEDED ✓
[14:31:17] DISPATCH  id=  6  ask_hard()
[14:31:17] FEEDBACK  id=  6  ENABLED
[14:31:17] FEEDBACK  id=  6  ENABLED
[14:32:11] FEEDBACK  id=  6  FAILED ✗
[14:32:14] DISPATCH  id=  0  conclude_game()
[14:32:14] FEEDBACK  id=  0  ENABLED
[14:32:14] FEEDBACK  id=  0  ENABLED
[14:32:18] FEEDBACK  id=  0  SUCCEEDED ✓
[14:32:18] DISPATCH  id=  1  say_goodbye()
[14:32:18] FEEDBACK  id=  1  ENABLED
[14:32:18] FEEDBACK  id=  1  ENABLED
[14:32:28] FEEDBACK  id=  1  SUCCEEDED ✓
