[14:28:03] [INFO ] In ascolto (tentativo 1/2)...
[14:28:03] [INFO ] Mostro immagine: listening_icon
[14:28:09] [INFO ] Riconosciuto: Non lo so.
[14:28:21] [INFO ] In ascolto (tentativo 2/2)...
[14:28:21] [INFO ] Mostro immagine: listening_icon
[14:28:39] [INFO ] In ascolto (tentativo 2/2)...
[14:28:39] [INFO ] Mostro immagine: listening_icon
[14:28:49] [INFO ] Riconosciuto: Non lo so.
[14:28:57] [INFO ] KB: Set function 'n_questions' = 2.0
[14:28:57] [INFO ] KB: Set function 'n_easy' = 2.0
[14:28:57] [INFO ] KB: Set function 'mime_uses' = 1.0
[14:28:57] [INFO ] KB: Set function 'wrong_answers' = 1.0
[14:28:57] [INFO ] KB: Added predicate 'answered_wrong'
[14:28:57] [INFO ] KB: Set function 'robot_e' = 3.44
[14:28:57] [INFO ] KB: Set function 'robot_p' = 2.93
[14:28:57] [INFO ] KB: Set function 'robot_a' = 0.92
[14:28:57] [INFO ] KB: Set function 'robot_e_sq' = 11.8336
[14:28:57] [INFO ] KB: Set function 'robot_p_sq' = 8.5849
[14:28:57] [INFO ] KB: Set function 'robot_a_sq' = 0.8464
[14:28:57] [INFO ] KB: Set function 'human_e' = 3.44
[14:28:57] [INFO ] KB: Set function 'human_p' = 2.93
[14:28:57] [INFO ] KB: Set function 'human_a' = 0.92
[14:28:57] [INFO ] KB: Set function 'human_e_sq' = 11.8336
[14:28:57] [INFO ] KB: Set function 'human_p_sq' = 8.5849
[14:28:57] [INFO ] KB: Set function 'human_a_sq' = 0.8464
