[14:30:18] [INFO ] Riproduzione suono: QT/sound_medium/heartbeat
[14:30:27] [INFO ] In ascolto (tentativo 1/2)...
[14:30:27] [INFO ] Mostro immagine: listening_icon
[14:30:40] [INFO ] Riconosciuto: Non lo so.
[14:30:51] [INFO ] Riproduzione suono: QT/sound_medium/heartbeat
[14:30:59] [INFO ] In ascolto (tentativo 2/2)...
[14:30:59] [INFO ] Mostro immagine: listening_icon
[14:31:04] [INFO ] Riconosciuto: Il cuore?
[14:31:14] [INFO ] KB: Set function 'n_questions' = 4.0
[14:31:14] [INFO ] KB: Set function 'n_medium' = 2.0
[14:31:14] [INFO ] KB: Set function 'sound_uses' = 1.0
[14:31:14] [INFO ] KB: Set function 'right_answers' = 3.0
[14:31:14] [INFO ] KB: Removed predicate 'answered_wrong'
[14:31:14] [INFO ] KB: Removed predicate 'emotion_checked'
[14:31:15] [INFO ] KB: Set function 'robot_e' = 3.44
[14:31:15] [INFO ] KB: Set function 'robot_p' = 2.93
[14:31:15] [INFO ] KB: Set function 'robot_a' = 0.92
[14:31:15] [INFO ] KB: Set function 'robot_e_sq' = 11.8336
[14:31:15] [INFO ] KB: Set function 'robot_p_sq' = 8.5849
[14:31:15] [INFO ] KB: Set function 'robot_a_sq' = 0.8464
[14:31:15] [INFO ] KB: Set function 'human_e' = 3.44
[14:31:15] [INFO ] KB: Set function 'human_p' = 2.93
[14:31:15] [INFO ] KB: Set function 'human_a' = 0.92
[14:31:15] [INFO ] KB: Set function 'human_e_sq' = 11.8336
[14:31:15] [INFO ] KB: Set function 'human_p_sq' = 8.5849
[14:31:15] [INFO ] KB: Set function 'human_a_sq' = 0.8464
