=== Session: p4  started at 2026-09-10 11:45:23.625158 ===
[11:46:13] DISPATCH  id=  0  greet_warmly()
[11:46:13] FEEDBACK  id=  0  ENABLED
[11:46:13] FEEDBACK  id=  0  ENABLED
[11:46:21] FEEDBACK  id=  0  SUCCEEDED ✓
[11:46:22] DISPATCH  id=  1  introduce_game()
[11:46:22] FEEDBACK  id=  1  ENABLED
[11:46:22] FEEDBACK  id=  1  ENABLED
[11:46:48] FEEDBACK  id=  1  SUCCEEDED ✓
[11:46:48] DISPATCH  id=  2  mime_easy()
[11:46:48] FEEDBACK  id=  2  ENABLED
[11:46:48] FEEDBACK  id=  2  ENABLED
[11:48:05] FEEDBACK  id=  2  FAILED ✗
[11:48:09] FEEDBACK  id=  0  ENABLED
[11:48:09] DISPATCH  id=  0  comfort()
[11:48:09] FEEDBACK  id=  0  ENABLED
[11:49:52] FEEDBACK  id=  0  SUCCEEDED ✓
[11:49:52] DISPATCH  id=  1  sound_easy()
[11:49:52] FEEDBACK  id=  1  ENABLED
[11:49:52] FEEDBACK  id=  1  ENABLED
[11:51:02] FEEDBACK  id=  1  SUCCEEDED ✓
[11:51:02] DISPATCH  id=  2  ask_medium()
[11:51:02] FEEDBACK  id=  2  ENABLED
[11:51:02] FEEDBACK  id=  2  ENABLED
[11:51:21] FEEDBACK  id=  2  SUCCEEDED ✓
[11:51:21] DISPATCH  id=  3  ask_medium()
[11:51:21] FEEDBACK  id=  3  ENABLED
[11:51:21] FEEDBACK  id=  3  ENABLED
[11:51:36] FEEDBACK  id=  3  SUCCEEDED ✓
[11:51:36] DISPATCH  id=  4  image_hard()
[11:51:36] FEEDBACK  id=  4  ENABLED
[11:51:36] FEEDBACK  id=  4  ENABLED
[11:51:55] FEEDBACK  id=  4  SUCCEEDED ✓
[11:51:55] DISPATCH  id=  5  conclude_game()
[11:51:55] FEEDBACK  id=  5  ENABLED
[11:51:55] FEEDBACK  id=  5  ENABLED
[11:51:58] FEEDBACK  id=  5  SUCCEEDED ✓
[11:51:58] DISPATCH  id=  6  say_goodbye()
[11:51:58] FEEDBACK  id=  6  ENABLED
[11:51:58] FEEDBACK  id=  6  ENABLED
[11:52:08] FEEDBACK  id=  6  SUCCEEDED ✓
