[15:14:55] [INFO ] QT talking: 'Dove crescono le mele?'
[15:14:55] [INFO ] In ascolto (tentativo 1/2)...
[15:14:55] [INFO ] Mostro immagine: listening_icon
[15:14:58] [INFO ] Riconosciuto: Sugli alberi.
[15:15:07] [INFO ] KB: Set function 'n_questions' = 1.0
[15:15:07] [INFO ] KB: Set function 'n_easy' = 1.0
[15:15:07] [INFO ] KB: Set function 'ask_uses' = 1.0
[15:15:07] [INFO ] KB: Set function 'right_answers' = 1.0
[15:15:07] [INFO ] KB: Removed predicate 'answered_wrong'
[15:15:07] [INFO ] KB: Removed predicate 'emotion_checked'
[15:15:07] [INFO ] KB: Set function 'robot_e' = 3.44
[15:15:07] [INFO ] KB: Set function 'robot_p' = 2.93
[15:15:07] [INFO ] KB: Set function 'robot_a' = 0.92
[15:15:07] [INFO ] KB: Set function 'robot_e_sq' = 11.8336
[15:15:07] [INFO ] KB: Set function 'robot_p_sq' = 8.5849
[15:15:07] [INFO ] KB: Set function 'robot_a_sq' = 0.8464
[15:15:07] [INFO ] KB: Set function 'human_e' = 3.44
[15:15:07] [INFO ] KB: Set function 'human_p' = 2.93
[15:15:07] [INFO ] KB: Set function 'human_a' = 0.92
[15:15:08] [INFO ] KB: Set function 'human_e_sq' = 11.8336
[15:15:08] [INFO ] KB: Set function 'human_p_sq' = 8.5849
[15:15:08] [INFO ] KB: Set function 'human_a_sq' = 0.8464
