[15:16:52] [INFO ] Publishing emotion: QT/showing_smile
[15:16:53] [INFO ] Playing gesture: QT/Show-face
[15:17:09] [INFO ] Mostro immagine: listening_icon
[15:17:14] [INFO ] Riconosciuto: Bene.
[15:17:21] [INFO ] Publishing emotion: QT/happy
[15:17:23] [INFO ] Playing gesture: QT/emotions/hoora
[15:17:35] [INFO ] KB: Removed predicate 'answered_wrong'
[15:17:35] [INFO ] KB: Removed predicate 'emotion_checked'
[15:17:35] [INFO ] KB: Set function 'robot_e' = 3.44
[15:17:35] [INFO ] KB: Set function 'robot_e_sq' = 11.8336
[15:17:35] [INFO ] KB: Set function 'robot_p' = 2.93
[15:17:35] [INFO ] KB: Set function 'robot_p_sq' = 8.5849
[15:17:35] [INFO ] KB: Set function 'robot_a' = 0.92
[15:17:35] [INFO ] KB: Set function 'robot_a_sq' = 0.8464
[15:17:35] [INFO ] KB: Set function 'human_e' = 3.44
[15:17:35] [INFO ] KB: Set function 'human_e_sq' = 11.8336
[15:17:35] [INFO ] KB: Set function 'human_p' = 2.93
[15:17:35] [INFO ] KB: Set function 'human_p_sq' = 8.5849
[15:17:35] [INFO ] KB: Set function 'human_a' = 0.92
[15:17:35] [INFO ] KB: Set function 'human_a_sq' = 0.8464
