=== Session: p33  started at 2026-09-11 15:14:13.729942 ===
[15:14:29] DISPATCH  id=  0  greet_warmly()
[15:14:29] FEEDBACK  id=  0  ENABLED
[15:14:29] FEEDBACK  id=  0  ENABLED
[15:14:38] FEEDBACK  id=  0  SUCCEEDED ✓
[15:14:38] DISPATCH  id=  1  introduce_game()
[15:14:38] FEEDBACK  id=  1  ENABLED
[15:14:38] FEEDBACK  id=  1  ENABLED
[15:14:51] FEEDBACK  id=  1  SUCCEEDED ✓
[15:14:51] DISPATCH  id=  2  check_emotion()
[15:14:51] FEEDBACK  id=  2  ENABLED
[15:14:52] FEEDBACK  id=  2  ENABLED
[15:14:52] FEEDBACK  id=  2  SUCCEEDED ✓
[15:14:53] FEEDBACK  id=  3  ENABLED
[15:14:53] DISPATCH  id=  3  ask_easy()
[15:14:53] FEEDBACK  id=  3  ENABLED
[15:15:08] FEEDBACK  id=  3  SUCCEEDED ✓
[15:15:08] FEEDBACK  id=  4  ENABLED
[15:15:08] DISPATCH  id=  4  check_emotion()
[15:15:10] FEEDBACK  id=  4  ENABLED
[15:15:10] FEEDBACK  id=  4  SUCCEEDED ✓
[15:15:10] FEEDBACK  id=  5  ENABLED
[15:15:10] DISPATCH  id=  5  mime_easy()
[15:15:10] FEEDBACK  id=  5  ENABLED
[15:15:45] FEEDBACK  id=  5  SUCCEEDED ✓
[15:15:45] DISPATCH  id=  6  check_emotion()
[15:15:45] FEEDBACK  id=  6  ENABLED
[15:15:46] FEEDBACK  id=  6  ENABLED
[15:15:47] FEEDBACK  id=  6  SUCCEEDED ✓
[15:15:47] DISPATCH  id=  7  image_medium()
[15:15:47] FEEDBACK  id=  7  ENABLED
[15:15:47] FEEDBACK  id=  7  ENABLED
[15:16:01] FEEDBACK  id=  7  SUCCEEDED ✓
[15:16:01] FEEDBACK  id=  8  ENABLED
[15:16:01] DISPATCH  id=  8  check_emotion()
[15:16:02] FEEDBACK  id=  8  ENABLED
[15:16:02] FEEDBACK  id=  8  SUCCEEDED ✓
[15:16:02] FEEDBACK  id=  9  ENABLED
[15:16:02] DISPATCH  id=  9  ask_medium()
[15:16:02] FEEDBACK  id=  9  ENABLED
[15:16:41] FEEDBACK  id=  9  FAILED ✗
[15:16:45] FEEDBACK  id=  0  ENABLED
[15:16:45] DISPATCH  id=  0  comfort()
[15:16:45] FEEDBACK  id=  0  ENABLED
[15:17:35] FEEDBACK  id=  0  SUCCEEDED ✓
[15:17:35] DISPATCH  id=  1  check_emotion()
[15:17:35] FEEDBACK  id=  1  ENABLED
[15:17:36] FEEDBACK  id=  1  ENABLED
[15:17:36] FEEDBACK  id=  1  SUCCEEDED ✓
[15:17:36] DISPATCH  id=  2  sound_hard()
[15:17:36] FEEDBACK  id=  2  ENABLED
[15:17:36] FEEDBACK  id=  2  ENABLED
[15:18:35] FEEDBACK  id=  2  SUCCEEDED ✓
[15:18:35] DISPATCH  id=  3  conclude_game()
[15:18:35] FEEDBACK  id=  3  ENABLED
[15:18:35] FEEDBACK  id=  3  ENABLED
[15:18:38] FEEDBACK  id=  3  SUCCEEDED ✓
[15:18:39] FEEDBACK  id=  4  ENABLED
[15:18:39] DISPATCH  id=  4  say_goodbye()
[15:18:39] FEEDBACK  id=  4  ENABLED
[15:18:48] FEEDBACK  id=  4  SUCCEEDED ✓
