[15:15:21] [INFO ] In ascolto (tentativo 1/2)...
[15:15:21] [INFO ] Mostro immagine: listening_icon
[15:15:25] [INFO ] Riconosciuto: Ballando.
[15:15:34] [INFO ] In ascolto (tentativo 2/2)...
[15:15:34] [INFO ] Mostro immagine: listening_icon
[15:15:38] [INFO ] Riconosciuto: Guidi.
[15:15:45] [INFO ] KB: Set function 'n_questions' = 2.0
[15:15:45] [INFO ] KB: Set function 'n_easy' = 2.0
[15:15:45] [INFO ] KB: Set function 'mime_uses' = 1.0
[15:15:45] [INFO ] KB: Set function 'right_answers' = 2.0
[15:15:45] [INFO ] KB: Removed predicate 'answered_wrong'
[15:15:45] [INFO ] KB: Removed predicate 'emotion_checked'
[15:15:45] [INFO ] KB: Set function 'robot_e' = 3.44
[15:15:45] [INFO ] KB: Set function 'robot_p' = 2.93
[15:15:45] [INFO ] KB: Set function 'robot_a' = 0.92
[15:15:45] [INFO ] KB: Set function 'robot_e_sq' = 11.8336
[15:15:45] [INFO ] KB: Set function 'robot_p_sq' = 8.5849
[15:15:45] [INFO ] KB: Set function 'robot_a_sq' = 0.8464
[15:15:45] [INFO ] KB: Set function 'human_e' = 3.44
[15:15:45] [INFO ] KB: Set function 'human_p' = 2.93
[15:15:45] [INFO ] KB: Set function 'human_a' = 0.92
[15:15:45] [INFO ] KB: Set function 'human_e_sq' = 11.8336
[15:15:45] [INFO ] KB: Set function 'human_p_sq' = 8.5849
[15:15:45] [INFO ] KB: Set function 'human_a_sq' = 0.8464
