[15:46:15] [INFO ] QT talking: 'Ha i denti, ma non morde mai. Cos'è?'
[15:46:15] [INFO ] In ascolto (tentativo 1/2)...
[15:46:15] [INFO ] Mostro immagine: listening_icon
[15:46:34] [INFO ] In ascolto (tentativo 1/2)...
[15:46:34] [INFO ] Mostro immagine: listening_icon
[15:46:37] [INFO ] Riconosciuto: Non lo so.
[15:46:47] [INFO ] In ascolto (tentativo 2/2)...
[15:46:47] [INFO ] Mostro immagine: listening_icon
[15:47:05] [INFO ] In ascolto (tentativo 2/2)...
[15:47:05] [INFO ] Mostro immagine: listening_icon
[15:47:12] [INFO ] Riconosciuto: Non lo so, non voglio dire niente.
[15:47:21] [INFO ] KB: Set function 'n_questions' = 5.0
[15:47:21] [INFO ] KB: Set function 'n_hard' = 1.0
[15:47:21] [INFO ] KB: Set function 'ask_uses' = 2.0
[15:47:21] [INFO ] KB: Set function 'wrong_answers' = 3.0
[15:47:21] [INFO ] KB: Added predicate 'answered_wrong'
[15:47:21] [INFO ] KB: Set function 'robot_e' = 3.44
[15:47:21] [INFO ] KB: Set function 'robot_p' = 2.93
[15:47:21] [INFO ] KB: Set function 'robot_a' = 0.92
[15:47:21] [INFO ] KB: Set function 'robot_e_sq' = 11.8336
[15:47:21] [INFO ] KB: Set function 'robot_p_sq' = 8.5849
[15:47:21] [INFO ] KB: Set function 'robot_a_sq' = 0.8464
[15:47:21] [INFO ] KB: Set function 'human_e' = 3.44
[15:47:21] [INFO ] KB: Set function 'human_p' = 2.93
[15:47:21] [INFO ] KB: Set function 'human_a' = 0.92
[15:47:21] [INFO ] KB: Set function 'human_e_sq' = 11.8336
[15:47:21] [INFO ] KB: Set function 'human_p_sq' = 8.5849
[15:47:21] [INFO ] KB: Set function 'human_a_sq' = 0.8464
