[15:44:08] [INFO ] QT talking: 'Quanto fa 5 per 5?'
[15:44:08] [INFO ] In ascolto (tentativo 1/2)...
[15:44:08] [INFO ] Mostro immagine: listening_icon
[15:44:13] [INFO ] Riconosciuto: Non lo so.
[15:44:24] [INFO ] In ascolto (tentativo 2/2)...
[15:44:24] [INFO ] Mostro immagine: listening_icon
[15:44:38] [INFO ] Riconosciuto: A 15.
[15:44:46] [INFO ] KB: Set function 'n_questions' = 3.0
[15:44:46] [INFO ] KB: Set function 'n_medium' = 1.0
[15:44:46] [INFO ] KB: Set function 'ask_uses' = 1.0
[15:44:46] [INFO ] KB: Set function 'wrong_answers' = 2.0
[15:44:46] [INFO ] KB: Added predicate 'answered_wrong'
[15:44:46] [INFO ] KB: Set function 'robot_e' = 3.44
[15:44:46] [INFO ] KB: Set function 'robot_p' = 2.93
[15:44:47] [INFO ] KB: Set function 'robot_a' = 0.92
[15:44:47] [INFO ] KB: Set function 'robot_e_sq' = 11.8336
[15:44:47] [INFO ] KB: Set function 'robot_p_sq' = 8.5849
[15:44:47] [INFO ] KB: Set function 'robot_a_sq' = 0.8464
[15:44:47] [INFO ] KB: Set function 'human_e' = 3.44
[15:44:47] [INFO ] KB: Set function 'human_p' = 2.93
[15:44:47] [INFO ] KB: Set function 'human_a' = 0.92
[15:44:47] [INFO ] KB: Set function 'human_e_sq' = 11.8336
[15:44:47] [INFO ] KB: Set function 'human_p_sq' = 8.5849
[15:44:47] [INFO ] KB: Set function 'human_a_sq' = 0.8464
