[15:41:08] [INFO ] KB: 'human_e' = -2.37
[15:41:08] [INFO ] KB: 'human_p' = -1.04
[15:41:08] [INFO ] KB: 'human_a' = -0.71
[15:41:08] [INFO ] KB: 'human_e_sq' = 5.6169
[15:41:08] [INFO ] KB: 'human_p_sq' = 1.0816000000000001
[15:41:08] [INFO ] KB: 'human_a_sq' = 0.5041
[15:41:09] [INFO ] KB: 'ask_easy_coeff' = 1.0
[15:41:09] [INFO ] KB: 'ask_medium_coeff' = 1.1
[15:41:09] [INFO ] KB: 'ask_hard_coeff' = 1.2
[15:41:09] [INFO ] KB: 'mime_easy_coeff' = 1.0
[15:41:09] [INFO ] KB: 'mime_medium_coeff' = 1.1
[15:41:09] [INFO ] KB: 'mime_hard_coeff' = 1.2
[15:41:09] [INFO ] KB: 'sound_easy_coeff' = 1.0
[15:41:09] [INFO ] KB: 'sound_medium_coeff' = 1.1
[15:41:09] [INFO ] KB: 'sound_hard_coeff' = 1.2
[15:41:09] [INFO ] KB: 'image_easy_coeff' = 1.0
[15:41:09] [INFO ] KB: 'image_medium_coeff' = 1.1
[15:41:09] [INFO ] KB: 'image_hard_coeff' = 1.2
[15:41:09] [INFO ] KB: 'sound_easy_coeff' = 10.0
[15:41:09] [INFO ] KB: 'sound_medium_coeff' = 11.0
[15:41:09] [INFO ] KB: 'sound_hard_coeff' = 12.0
[15:41:09] [INFO ] KB: 'n_easy' = 1.0
[15:41:09] [INFO ] KB: 'n_medium' = 0.0
[15:41:09] [INFO ] KB: 'n_hard' = 0.0
[15:41:09] [INFO ] KB: 'n_questions' = 1.0
