=== Session: p15  started at 2026-09-10 15:35:19.715176 ===
[15:40:11] FEEDBACK  id=  0  ENABLED
[15:40:11] DISPATCH  id=  0  greet_warmly()
[15:40:11] FEEDBACK  id=  0  ENABLED
[15:40:20] FEEDBACK  id=  0  SUCCEEDED ✓
[15:40:20] FEEDBACK  id=  1  ENABLED
[15:40:20] DISPATCH  id=  1  introduce_game()
[15:40:20] FEEDBACK  id=  1  ENABLED
[15:40:34] FEEDBACK  id=  1  SUCCEEDED ✓
[15:40:34] DISPATCH  id=  2  check_emotion()
[15:40:34] FEEDBACK  id=  2  ENABLED
[15:40:35] FEEDBACK  id=  2  ENABLED
[15:40:35] FEEDBACK  id=  2  SUCCEEDED ✓
[15:40:36] DISPATCH  id=  3  sound_easy()
[15:40:36] FEEDBACK  id=  3  ENABLED
[15:40:36] FEEDBACK  id=  3  ENABLED
[15:41:05] FEEDBACK  id=  3  SUCCEEDED ✓
[15:41:05] DISPATCH  id=  4  check_emotion()
[15:41:05] FEEDBACK  id=  4  ENABLED
[15:41:07] FEEDBACK  id=  4  ENABLED
[15:41:08] FEEDBACK  id=  4  FAILED ✗
[15:41:12] FEEDBACK  id=  0  ENABLED
[15:41:12] DISPATCH  id=  0  tell_a_joke()
[15:41:12] FEEDBACK  id=  0  ENABLED
[15:42:08] FEEDBACK  id=  0  SUCCEEDED ✓
[15:42:08] FEEDBACK  id=  1  ENABLED
[15:42:08] DISPATCH  id=  1  check_emotion()
[15:42:09] FEEDBACK  id=  1  ENABLED
[15:42:09] FEEDBACK  id=  1  SUCCEEDED ✓
[15:42:09] DISPATCH  id=  2  mime_easy()
[15:42:09] FEEDBACK  id=  2  ENABLED
[15:42:09] FEEDBACK  id=  2  ENABLED
[15:43:13] FEEDBACK  id=  2  FAILED ✗
[15:43:16] FEEDBACK  id=  0  ENABLED
[15:43:16] DISPATCH  id=  0  comfort()
[15:43:16] FEEDBACK  id=  0  ENABLED
[15:44:04] FEEDBACK  id=  0  SUCCEEDED ✓
[15:44:04] DISPATCH  id=  1  check_emotion()
[15:44:04] FEEDBACK  id=  1  ENABLED
[15:44:05] FEEDBACK  id=  1  ENABLED
[15:44:06] FEEDBACK  id=  1  SUCCEEDED ✓
[15:44:06] FEEDBACK  id=  2  ENABLED
[15:44:06] DISPATCH  id=  2  ask_medium()
[15:44:06] FEEDBACK  id=  2  ENABLED
[15:44:47] FEEDBACK  id=  2  FAILED ✗
[15:44:50] DISPATCH  id=  0  comfort()
[15:44:50] FEEDBACK  id=  0  ENABLED
[15:44:50] FEEDBACK  id=  0  ENABLED
[15:45:35] FEEDBACK  id=  0  SUCCEEDED ✓
[15:45:35] DISPATCH  id=  1  check_emotion()
[15:45:35] FEEDBACK  id=  1  ENABLED
[15:45:36] FEEDBACK  id=  1  ENABLED
[15:45:36] FEEDBACK  id=  1  SUCCEEDED ✓
[15:45:37] FEEDBACK  id=  2  ENABLED
[15:45:37] DISPATCH  id=  2  image_medium()
[15:45:37] FEEDBACK  id=  2  ENABLED
[15:46:08] FEEDBACK  id=  2  SUCCEEDED ✓
[15:46:09] DISPATCH  id=  3  check_emotion()
[15:46:09] FEEDBACK  id=  3  ENABLED
[15:46:10] FEEDBACK  id=  3  ENABLED
[15:46:11] FEEDBACK  id=  3  SUCCEEDED ✓
[15:46:11] DISPATCH  id=  4  ask_hard()
[15:46:11] FEEDBACK  id=  4  ENABLED
[15:46:11] FEEDBACK  id=  4  ENABLED
[15:47:21] FEEDBACK  id=  4  FAILED ✗
[15:47:25] DISPATCH  id=  0  conclude_game()
[15:47:25] FEEDBACK  id=  0  ENABLED
[15:47:25] FEEDBACK  id=  0  ENABLED
[15:47:28] FEEDBACK  id=  0  SUCCEEDED ✓
[15:47:29] DISPATCH  id=  1  say_goodbye()
[15:47:29] FEEDBACK  id=  1  ENABLED
[15:47:29] FEEDBACK  id=  1  ENABLED
[15:47:38] FEEDBACK  id=  1  SUCCEEDED ✓
