[15:45:40] [INFO ] Mostro immagine: eiffel_icon
[15:45:40] [INFO ] In ascolto (tentativo 1/2)...
[15:45:45] [INFO ] Riconosciuto: Cantami una canzone.
[15:45:57] [INFO ] Mostro immagine: eiffel_icon
[15:45:57] [INFO ] In ascolto (tentativo 2/2)...
[15:46:01] [INFO ] Riconosciuto: Torre Eiffel.
[15:46:08] [INFO ] KB: Set function 'n_questions' = 4.0
[15:46:08] [INFO ] KB: Set function 'n_medium' = 2.0
[15:46:08] [INFO ] KB: Set function 'image_uses' = 1.0
[15:46:08] [INFO ] KB: Set function 'right_answers' = 2.0
[15:46:08] [INFO ] KB: Removed predicate 'answered_wrong'
[15:46:08] [INFO ] KB: Removed predicate 'emotion_checked'
[15:46:08] [INFO ] KB: Set function 'robot_e' = 3.44
[15:46:08] [INFO ] KB: Set function 'robot_p' = 2.93
[15:46:08] [INFO ] KB: Set function 'robot_a' = 0.92
[15:46:08] [INFO ] KB: Set function 'robot_e_sq' = 11.8336
[15:46:08] [INFO ] KB: Set function 'robot_p_sq' = 8.5849
[15:46:08] [INFO ] KB: Set function 'robot_a_sq' = 0.8464
[15:46:08] [INFO ] KB: Set function 'human_e' = 3.44
[15:46:08] [INFO ] KB: Set function 'human_p' = 2.93
[15:46:08] [INFO ] KB: Set function 'human_a' = 0.92
[15:46:08] [INFO ] KB: Set function 'human_e_sq' = 11.8336
[15:46:08] [INFO ] KB: Set function 'human_p_sq' = 8.5849
[15:46:08] [INFO ] KB: Set function 'human_a_sq' = 0.8464
