[11:37:08] [INFO ] QT talking: 'Quanti giorni formano un anno?'
[11:37:08] [INFO ] In ascolto (tentativo 1/2)...
[11:37:08] [INFO ] Mostro immagine: listening_icon
[11:37:18] [INFO ] Riconosciuto: E leggo Tre.
[11:37:28] [INFO ] In ascolto (tentativo 2/2)...
[11:37:28] [INFO ] Mostro immagine: listening_icon
[11:37:33] [INFO ] Riconosciuto: 365.
[11:37:43] [INFO ] KB: Set function 'n_questions' = 5.0
[11:37:43] [INFO ] KB: Set function 'n_hard' = 1.0
[11:37:43] [INFO ] KB: Set function 'ask_uses' = 2.0
[11:37:43] [INFO ] KB: Set function 'right_answers' = 4.0
[11:37:43] [INFO ] KB: Removed predicate 'answered_wrong'
[11:37:43] [INFO ] KB: Removed predicate 'emotion_checked'
[11:37:43] [INFO ] KB: Set function 'robot_e' = 3.44
[11:37:43] [INFO ] KB: Set function 'robot_p' = 2.93
[11:37:43] [INFO ] KB: Set function 'robot_a' = 0.92
[11:37:43] [INFO ] KB: Set function 'robot_e_sq' = 11.8336
[11:37:43] [INFO ] KB: Set function 'robot_p_sq' = 8.5849
[11:37:43] [INFO ] KB: Set function 'robot_a_sq' = 0.8464
[11:37:43] [INFO ] KB: Set function 'human_e' = 3.44
[11:37:43] [INFO ] KB: Set function 'human_p' = 2.93
[11:37:43] [INFO ] KB: Set function 'human_a' = 0.92
[11:37:43] [INFO ] KB: Set function 'human_e_sq' = 11.8336
[11:37:43] [INFO ] KB: Set function 'human_p_sq' = 8.5849
[11:37:43] [INFO ] KB: Set function 'human_a_sq' = 0.8464
