=== Session: prova  started at 2026-09-11 13:47:09.799313 ===
[13:47:21] DISPATCH  id=  0  greet_warmly()
[13:47:21] FEEDBACK  id=  0  ENABLED
[13:47:21] FEEDBACK  id=  0  ENABLED
[13:47:34] FEEDBACK  id=  0  SUCCEEDED ✓
[13:47:35] DISPATCH  id=  1  introduce_game()
[13:47:35] FEEDBACK  id=  1  ENABLED
[13:47:35] FEEDBACK  id=  1  ENABLED
[13:47:50] FEEDBACK  id=  1  SUCCEEDED ✓
[13:47:51] FEEDBACK  id=  2  ENABLED
[13:47:51] DISPATCH  id=  2  ask_easy()
[13:47:51] FEEDBACK  id=  2  ENABLED
[13:48:22] FEEDBACK  id=  2  FAILED ✗
[13:48:25] DISPATCH  id=  0  comfort()
[13:48:25] FEEDBACK  id=  0  ENABLED
[13:48:25] FEEDBACK  id=  0  ENABLED
[13:50:16] FEEDBACK  id=  0  SUCCEEDED ✓
[13:50:16] DISPATCH  id=  1  mime_easy()
[13:50:16] FEEDBACK  id=  1  ENABLED
[13:50:16] FEEDBACK  id=  1  ENABLED
[13:50:44] FEEDBACK  id=  1  SUCCEEDED ✓
[13:50:44] DISPATCH  id=  2  ask_medium()
[13:50:44] FEEDBACK  id=  2  ENABLED
[13:50:44] FEEDBACK  id=  2  ENABLED
[13:51:04] FEEDBACK  id=  2  SUCCEEDED ✓
[13:51:04] DISPATCH  id=  3  sound_medium()
[13:51:04] FEEDBACK  id=  3  ENABLED
[13:51:04] FEEDBACK  id=  3  ENABLED
[13:51:35] FEEDBACK  id=  3  SUCCEEDED ✓
[13:51:35] DISPATCH  id=  4  image_hard()
[13:51:35] FEEDBACK  id=  4  ENABLED
[13:51:35] FEEDBACK  id=  4  ENABLED
[13:52:29] FEEDBACK  id=  4  FAILED ✗
[13:52:33] DISPATCH  id=  0  conclude_game()
[13:52:33] FEEDBACK  id=  0  ENABLED
[13:52:33] FEEDBACK  id=  0  ENABLED
[13:52:36] FEEDBACK  id=  0  SUCCEEDED ✓
[13:52:36] FEEDBACK  id=  1  ENABLED
[13:52:36] DISPATCH  id=  1  say_goodbye()
[13:52:36] FEEDBACK  id=  1  ENABLED
[13:52:46] FEEDBACK  id=  1  SUCCEEDED ✓
