[11:35:40] [INFO ] Mostro immagine: kiwi_icon
[11:35:40] [INFO ] In ascolto (tentativo 1/2)...
[11:35:44] [INFO ] Riconosciuto: Non lo so.
[11:35:58] [INFO ] Mostro immagine: kiwi_icon
[11:35:58] [INFO ] In ascolto (tentativo 2/2)...
[11:36:03] [INFO ] Riconosciuto: Lo vedo, però non lo so.
[11:36:11] [INFO ] KB: Set function 'n_questions' = 4.0
[11:36:11] [INFO ] KB: Set function 'n_medium' = 2.0
[11:36:12] [INFO ] KB: Set function 'image_uses' = 1.0
[11:36:12] [INFO ] KB: Set function 'wrong_answers' = 1.0
[11:36:12] [INFO ] KB: Added predicate 'answered_wrong'
[11:36:12] [INFO ] KB: Set function 'robot_e' = 3.44
[11:36:12] [INFO ] KB: Set function 'robot_p' = 2.93
[11:36:12] [INFO ] KB: Set function 'robot_a' = 0.92
[11:36:12] [INFO ] KB: Set function 'robot_e_sq' = 11.8336
[11:36:12] [INFO ] KB: Set function 'robot_p_sq' = 8.5849
[11:36:12] [INFO ] KB: Set function 'robot_a_sq' = 0.8464
[11:36:12] [INFO ] KB: Set function 'human_e' = 3.44
[11:36:12] [INFO ] KB: Set function 'human_p' = 2.93
[11:36:12] [INFO ] KB: Set function 'human_a' = 0.92
[11:36:12] [INFO ] KB: Set function 'human_e_sq' = 11.8336
[11:36:12] [INFO ] KB: Set function 'human_p_sq' = 8.5849
[11:36:12] [INFO ] KB: Set function 'human_a_sq' = 0.8464
