[11:34:47] [INFO ] Riproduzione suono: QT/sound_medium/sawing_wood
[11:34:57] [INFO ] In ascolto (tentativo 1/2)...
[11:34:57] [INFO ] Mostro immagine: listening_icon
[11:35:02] [INFO ] Riconosciuto: Paglia, il legno, però volevo sentire un'altro suono.
[11:35:14] [INFO ] Riproduzione suono: QT/sound_medium/sawing_wood
[11:35:24] [INFO ] In ascolto (tentativo 2/2)...
[11:35:24] [INFO ] Mostro immagine: listening_icon
[11:35:27] [INFO ] Riconosciuto: Il legno?
[11:35:34] [INFO ] KB: Set function 'n_questions' = 3.0
[11:35:34] [INFO ] KB: Set function 'n_medium' = 1.0
[11:35:34] [INFO ] KB: Set function 'sound_uses' = 1.0
[11:35:34] [INFO ] KB: Set function 'right_answers' = 3.0
[11:35:34] [INFO ] KB: Removed predicate 'answered_wrong'
[11:35:34] [INFO ] KB: Removed predicate 'emotion_checked'
[11:35:34] [INFO ] KB: Set function 'robot_e' = 3.44
[11:35:34] [INFO ] KB: Set function 'robot_p' = 2.93
[11:35:34] [INFO ] KB: Set function 'robot_a' = 0.92
[11:35:34] [INFO ] KB: Set function 'robot_e_sq' = 11.8336
[11:35:34] [INFO ] KB: Set function 'robot_p_sq' = 8.5849
[11:35:34] [INFO ] KB: Set function 'robot_a_sq' = 0.8464
[11:35:34] [INFO ] KB: Set function 'human_e' = 3.44
[11:35:34] [INFO ] KB: Set function 'human_p' = 2.93
[11:35:34] [INFO ] KB: Set function 'human_a' = 0.92
[11:35:34] [INFO ] KB: Set function 'human_e_sq' = 11.8336
[11:35:34] [INFO ] KB: Set function 'human_p_sq' = 8.5849
[11:35:34] [INFO ] KB: Set function 'human_a_sq' = 0.8464
