[15:22:24] [INFO ] QT talking: 'Di che colore è il cielo al tramonto?'
[15:22:24] [INFO ] In ascolto (tentativo 1/2)...
[15:22:24] [INFO ] Mostro immagine: listening_icon
[15:22:28] [INFO ] Riconosciuto: Arancione.
[15:22:37] [INFO ] KB: Set function 'n_questions' = 1.0
[15:22:37] [INFO ] KB: Set function 'n_easy' = 1.0
[15:22:37] [INFO ] KB: Set function 'ask_uses' = 1.0
[15:22:37] [INFO ] KB: Set function 'right_answers' = 1.0
[15:22:38] [INFO ] KB: Removed predicate 'answered_wrong'
[15:22:38] [INFO ] KB: Removed predicate 'emotion_checked'
[15:22:38] [INFO ] KB: Set function 'robot_e' = 3.44
[15:22:38] [INFO ] KB: Set function 'robot_p' = 2.93
[15:22:38] [INFO ] KB: Set function 'robot_a' = 0.92
[15:22:38] [INFO ] KB: Set function 'robot_e_sq' = 11.8336
[15:22:38] [INFO ] KB: Set function 'robot_p_sq' = 8.5849
[15:22:38] [INFO ] KB: Set function 'robot_a_sq' = 0.8464
[15:22:38] [INFO ] KB: Set function 'human_e' = 3.44
[15:22:38] [INFO ] KB: Set function 'human_p' = 2.93
[15:22:38] [INFO ] KB: Set function 'human_a' = 0.92
[15:22:38] [INFO ] KB: Set function 'human_e_sq' = 11.8336
[15:22:38] [INFO ] KB: Set function 'human_p_sq' = 8.5849
[15:22:38] [INFO ] KB: Set function 'human_a_sq' = 0.8464
[15:22:41] [INFO ] QT talking: 'Quante dita ha una mano?'
[15:22:41] [INFO ] In ascolto (tentativo 1/2)...
[15:22:41] [INFO ] Mostro immagine: listening_icon
[15:22:45] [INFO ] Riconosciuto: Per questi motivi.
[15:22:55] [INFO ] In ascolto (tentativo 2/2)...
[15:22:55] [INFO ] Mostro immagine: listening_icon
[15:22:57] [INFO ] Riconosciuto: La mente.
[15:23:06] [INFO ] KB: Set function 'n_questions' = 2.0
[15:23:06] [INFO ] KB: Set function 'n_easy' = 2.0
[15:23:06] [INFO ] KB: Set function 'ask_uses' = 2.0
[15:23:06] [INFO ] KB: Set function 'wrong_answers' = 1.0
[15:23:06] [INFO ] KB: Added predicate 'answered_wrong'
[15:23:06] [INFO ] KB: Set function 'robot_e' = 3.44
[15:23:06] [INFO ] KB: Set function 'robot_p' = 2.93
[15:23:06] [INFO ] KB: Set function 'robot_a' = 0.92
[15:23:06] [INFO ] KB: Set function 'robot_e_sq' = 11.8336
[15:23:06] [INFO ] KB: Set function 'robot_p_sq' = 8.5849
[15:23:06] [INFO ] KB: Set function 'robot_a_sq' = 0.8464
[15:23:06] [INFO ] KB: Set function 'human_e' = 3.44
[15:23:06] [INFO ] KB: Set function 'human_p' = 2.93
[15:23:06] [INFO ] KB: Set function 'human_a' = 0.92
[15:23:06] [INFO ] KB: Set function 'human_e_sq' = 11.8336
[15:23:06] [INFO ] KB: Set function 'human_p_sq' = 8.5849
[15:23:06] [INFO ] KB: Set function 'human_a_sq' = 0.8464
