[15:23:16] [INFO ] Publishing emotion: QT/showing_smile
[15:23:17] [INFO ] Playing gesture: QT/Show-face
[15:23:30] [INFO ] Mostro immagine: listening_icon
[15:23:35] [INFO ] Riconosciuto: Eh, non lo so, mi sento un po' sciopero perché sbaglia una domanda così semplice?
[15:23:39] [INFO ] Publishing emotion: QT/neutral
[15:23:40] [INFO ] Playing gesture: QT/hand-front-hold
[15:24:00] [INFO ] Mostro immagine: listening_icon
[15:24:06] [INFO ] Riconosciuto: Mi piace fare una passeggiata oppure suonare.
[15:24:12] [INFO ] Publishing emotion: QT/happy
[15:24:13] [INFO ] Playing gesture: QT/emotions/hoora
[15:24:25] [INFO ] KB: Removed predicate 'answered_wrong'
[15:24:25] [INFO ] KB: Removed predicate 'emotion_checked'
[15:24:25] [INFO ] KB: Set function 'robot_e' = 3.44
[15:24:25] [INFO ] KB: Set function 'robot_e_sq' = 11.8336
[15:24:25] [INFO ] KB: Set function 'robot_p' = 2.93
[15:24:25] [INFO ] KB: Set function 'robot_p_sq' = 8.5849
[15:24:25] [INFO ] KB: Set function 'robot_a' = 0.92
[15:24:25] [INFO ] KB: Set function 'robot_a_sq' = 0.8464
[15:24:25] [INFO ] KB: Set function 'human_e' = 3.44
[15:24:25] [INFO ] KB: Set function 'human_e_sq' = 11.8336
[15:24:25] [INFO ] KB: Set function 'human_p' = 2.93
[15:24:25] [INFO ] KB: Set function 'human_p_sq' = 8.5849
[15:24:25] [INFO ] KB: Set function 'human_a' = 0.92
[15:24:25] [INFO ] KB: Set function 'human_a_sq' = 0.8464
