=== Session: filo  started at 2026-09-09 15:21:48.944036 ===
[15:21:56] DISPATCH  id=  0  greet_warmly()
[15:21:56] FEEDBACK  id=  0  ENABLED
[15:21:56] FEEDBACK  id=  0  ENABLED
[15:22:04] FEEDBACK  id=  0  SUCCEEDED ✓
[15:22:04] FEEDBACK  id=  1  ENABLED
[15:22:04] DISPATCH  id=  1  introduce_game()
[15:22:04] FEEDBACK  id=  1  ENABLED
[15:22:17] FEEDBACK  id=  1  SUCCEEDED ✓
[15:22:17] FEEDBACK  id=  2  ENABLED
[15:22:17] DISPATCH  id=  2  check_emotion()
[15:22:20] FEEDBACK  id=  2  ENABLED
[15:22:21] FEEDBACK  id=  2  SUCCEEDED ✓
[15:22:21] FEEDBACK  id=  3  ENABLED
[15:22:21] DISPATCH  id=  3  ask_easy()
[15:22:21] FEEDBACK  id=  3  ENABLED
[15:22:38] FEEDBACK  id=  3  SUCCEEDED ✓
[15:22:38] DISPATCH  id=  4  check_emotion()
[15:22:38] FEEDBACK  id=  4  ENABLED
[15:22:39] FEEDBACK  id=  4  ENABLED
[15:22:39] FEEDBACK  id=  4  SUCCEEDED ✓
[15:22:39] DISPATCH  id=  5  ask_easy()
[15:22:39] FEEDBACK  id=  5  ENABLED
[15:22:39] FEEDBACK  id=  5  ENABLED
[15:23:06] FEEDBACK  id=  5  FAILED ✗
[15:23:10] DISPATCH  id=  0  comfort()
[15:23:10] FEEDBACK  id=  0  ENABLED
[15:23:10] FEEDBACK  id=  0  ENABLED
[15:24:25] FEEDBACK  id=  0  SUCCEEDED ✓
[15:24:26] DISPATCH  id=  1  check_emotion()
[15:24:26] FEEDBACK  id=  1  ENABLED
[15:24:32] FEEDBACK  id=  1  ENABLED
[15:24:32] FEEDBACK  id=  1  SUCCEEDED ✓
[15:24:32] DISPATCH  id=  2  image_medium()
[15:24:32] FEEDBACK  id=  2  ENABLED
[15:24:32] FEEDBACK  id=  2  ENABLED
[15:24:48] FEEDBACK  id=  2  SUCCEEDED ✓
[15:24:48] FEEDBACK  id=  3  ENABLED
[15:24:48] DISPATCH  id=  3  check_emotion()
[15:24:50] FEEDBACK  id=  3  ENABLED
[15:24:51] FEEDBACK  id=  3  SUCCEEDED ✓
[15:24:51] DISPATCH  id=  4  sound_medium()
[15:24:51] FEEDBACK  id=  4  ENABLED
[15:24:51] FEEDBACK  id=  4  ENABLED
[15:25:44] FEEDBACK  id=  4  SUCCEEDED ✓
[15:25:44] FEEDBACK  id=  5  ENABLED
[15:25:44] DISPATCH  id=  5  conclude_game()
[15:25:44] FEEDBACK  id=  5  ENABLED
[15:25:48] FEEDBACK  id=  5  SUCCEEDED ✓
[15:25:48] FEEDBACK  id=  6  ENABLED
[15:25:48] DISPATCH  id=  6  say_goodbye()
[15:25:48] FEEDBACK  id=  6  ENABLED
[15:25:58] FEEDBACK  id=  6  SUCCEEDED ✓
