[15:24:57] [INFO ] Riproduzione suono: QT/sound_medium/sawing_wood
[15:25:07] [INFO ] In ascolto (tentativo 1/2)...
[15:25:07] [INFO ] Mostro immagine: listening_icon
[15:25:13] [INFO ] Riconosciuto: Allora o il pane, oppure un corpo umano.
[15:25:24] [INFO ] Riproduzione suono: QT/sound_medium/sawing_wood
[15:25:34] [INFO ] In ascolto (tentativo 2/2)...
[15:25:34] [INFO ] Mostro immagine: listening_icon
[15:25:36] [INFO ] Riconosciuto: Adesso lo so, è legno.
[15:25:44] [INFO ] KB: Set function 'n_questions' = 4.0
[15:25:44] [INFO ] KB: Set function 'n_medium' = 2.0
[15:25:44] [INFO ] KB: Set function 'sound_uses' = 1.0
[15:25:44] [INFO ] KB: Set function 'right_answers' = 3.0
[15:25:44] [INFO ] KB: Removed predicate 'answered_wrong'
[15:25:44] [INFO ] KB: Removed predicate 'emotion_checked'
[15:25:44] [INFO ] KB: Set function 'robot_e' = 3.44
[15:25:44] [INFO ] KB: Set function 'robot_p' = 2.93
[15:25:44] [INFO ] KB: Set function 'robot_a' = 0.92
[15:25:44] [INFO ] KB: Set function 'robot_e_sq' = 11.8336
[15:25:44] [INFO ] KB: Set function 'robot_p_sq' = 8.5849
[15:25:44] [INFO ] KB: Set function 'robot_a_sq' = 0.8464
[15:25:44] [INFO ] KB: Set function 'human_e' = 3.44
[15:25:44] [INFO ] KB: Set function 'human_p' = 2.93
[15:25:44] [INFO ] KB: Set function 'human_a' = 0.92
[15:25:44] [INFO ] KB: Set function 'human_e_sq' = 11.8336
[15:25:44] [INFO ] KB: Set function 'human_p_sq' = 8.5849
[15:25:44] [INFO ] KB: Set function 'human_a_sq' = 0.8464
