[12:38:37] [INFO ] QT talking: 'Chi ha dipinto la Gioconda?'
[12:38:37] [INFO ] In ascolto (tentativo 1/2)...
[12:38:37] [INFO ] Mostro immagine: listening_icon
[12:38:40] [INFO ] Riconosciuto: Leonardo da Vinci.
[12:38:51] [INFO ] KB: Set function 'n_questions' = 5.0
[12:38:52] [INFO ] KB: Set function 'n_hard' = 1.0
[12:38:52] [INFO ] KB: Set function 'ask_uses' = 2.0
[12:38:52] [INFO ] KB: Set function 'right_answers' = 4.0
[12:38:52] [INFO ] KB: Removed predicate 'answered_wrong'
[12:38:52] [INFO ] KB: Removed predicate 'emotion_checked'
[12:38:52] [INFO ] KB: Set function 'robot_e' = 3.44
[12:38:52] [INFO ] KB: Set function 'robot_p' = 2.93
[12:38:52] [INFO ] KB: Set function 'robot_a' = 0.92
[12:38:52] [INFO ] KB: Set function 'robot_e_sq' = 11.8336
[12:38:52] [INFO ] KB: Set function 'robot_p_sq' = 8.5849
[12:38:52] [INFO ] KB: Set function 'robot_a_sq' = 0.8464
[12:38:52] [INFO ] KB: Set function 'human_e' = 3.44
[12:38:52] [INFO ] KB: Set function 'human_p' = 2.93
[12:38:52] [INFO ] KB: Set function 'human_a' = 0.92
[12:38:52] [INFO ] KB: Set function 'human_e_sq' = 11.8336
[12:38:52] [INFO ] KB: Set function 'human_p_sq' = 8.5849
[12:38:52] [INFO ] KB: Set function 'human_a_sq' = 0.8464
