[12:34:55] [INFO ] QT talking: 'Qual è il numero che viene dopo il 10?'
[12:34:55] [INFO ] In ascolto (tentativo 1/2)...
[12:34:55] [INFO ] Mostro immagine: listening_icon
[12:34:58] [INFO ] Riconosciuto: 11.
[12:35:08] [INFO ] KB: Set function 'n_questions' = 1.0
[12:35:08] [INFO ] KB: Set function 'n_easy' = 1.0
[12:35:08] [INFO ] KB: Set function 'ask_uses' = 1.0
[12:35:08] [INFO ] KB: Set function 'right_answers' = 1.0
[12:35:08] [INFO ] KB: Removed predicate 'answered_wrong'
[12:35:08] [INFO ] KB: Removed predicate 'emotion_checked'
[12:35:08] [INFO ] KB: Set function 'robot_e' = 3.44
[12:35:08] [INFO ] KB: Set function 'robot_p' = 2.93
[12:35:08] [INFO ] KB: Set function 'robot_a' = 0.92
[12:35:08] [INFO ] KB: Set function 'robot_e_sq' = 11.8336
[12:35:08] [INFO ] KB: Set function 'robot_p_sq' = 8.5849
[12:35:08] [INFO ] KB: Set function 'robot_a_sq' = 0.8464
[12:35:08] [INFO ] KB: Set function 'human_e' = 3.44
[12:35:08] [INFO ] KB: Set function 'human_p' = 2.93
[12:35:08] [INFO ] KB: Set function 'human_a' = 0.92
[12:35:08] [INFO ] KB: Set function 'human_e_sq' = 11.8336
[12:35:08] [INFO ] KB: Set function 'human_p_sq' = 8.5849
[12:35:08] [INFO ] KB: Set function 'human_a_sq' = 0.8464
