=== Session: p25  started at 2026-09-11 12:29:20.417350 ===
[12:34:29] DISPATCH  id=  0  greet_warmly()
[12:34:29] FEEDBACK  id=  0  ENABLED
[12:34:29] FEEDBACK  id=  0  ENABLED
[12:34:38] FEEDBACK  id=  0  SUCCEEDED ✓
[12:34:38] DISPATCH  id=  1  introduce_game()
[12:34:38] FEEDBACK  id=  1  ENABLED
[12:34:38] FEEDBACK  id=  1  ENABLED
[12:34:52] FEEDBACK  id=  1  SUCCEEDED ✓
[12:34:52] DISPATCH  id=  2  check_emotion()
[12:34:52] FEEDBACK  id=  2  ENABLED
[12:34:52] FEEDBACK  id=  2  ENABLED
[12:34:52] FEEDBACK  id=  2  SUCCEEDED ✓
[12:34:52] DISPATCH  id=  3  ask_easy()
[12:34:52] FEEDBACK  id=  3  ENABLED
[12:34:52] FEEDBACK  id=  3  ENABLED
[12:35:08] FEEDBACK  id=  3  SUCCEEDED ✓
[12:35:08] DISPATCH  id=  4  check_emotion()
[12:35:08] FEEDBACK  id=  4  ENABLED
[12:35:09] FEEDBACK  id=  4  ENABLED
[12:35:09] FEEDBACK  id=  4  SUCCEEDED ✓
[12:35:10] DISPATCH  id=  5  mime_easy()
[12:35:10] FEEDBACK  id=  5  ENABLED
[12:35:10] FEEDBACK  id=  5  ENABLED
[12:35:35] FEEDBACK  id=  5  SUCCEEDED ✓
[12:35:36] DISPATCH  id=  6  check_emotion()
[12:35:36] FEEDBACK  id=  6  ENABLED
[12:35:36] FEEDBACK  id=  6  ENABLED
[12:35:37] FEEDBACK  id=  6  SUCCEEDED ✓
[12:35:37] DISPATCH  id=  7  sound_medium()
[12:35:37] FEEDBACK  id=  7  ENABLED
[12:35:37] FEEDBACK  id=  7  ENABLED
[12:36:15] FEEDBACK  id=  7  SUCCEEDED ✓
[12:36:15] FEEDBACK  id=  8  ENABLED
[12:36:15] DISPATCH  id=  8  check_emotion()
[12:36:16] FEEDBACK  id=  8  ENABLED
[12:36:16] FEEDBACK  id=  8  SUCCEEDED ✓
[12:36:16] FEEDBACK  id=  9  ENABLED
[12:36:16] DISPATCH  id=  9  image_medium()
[12:36:16] FEEDBACK  id=  9  ENABLED
[12:37:33] FEEDBACK  id=  9  FAILED ✗
[12:37:36] FEEDBACK  id=  0  ENABLED
[12:37:36] DISPATCH  id=  0  comfort()
[12:37:36] FEEDBACK  id=  0  ENABLED
[12:38:33] FEEDBACK  id=  0  SUCCEEDED ✓
[12:38:33] DISPATCH  id=  1  check_emotion()
[12:38:33] FEEDBACK  id=  1  ENABLED
[12:38:34] FEEDBACK  id=  1  ENABLED
[12:38:34] FEEDBACK  id=  1  SUCCEEDED ✓
[12:38:34] DISPATCH  id=  2  ask_hard()
[12:38:34] FEEDBACK  id=  2  ENABLED
[12:38:34] FEEDBACK  id=  2  ENABLED
[12:38:52] FEEDBACK  id=  2  SUCCEEDED ✓
[12:38:52] DISPATCH  id=  3  conclude_game()
[12:38:52] FEEDBACK  id=  3  ENABLED
[12:38:52] FEEDBACK  id=  3  ENABLED
[12:38:55] FEEDBACK  id=  3  SUCCEEDED ✓
[12:38:56] DISPATCH  id=  4  say_goodbye()
[12:38:56] FEEDBACK  id=  4  ENABLED
[12:38:56] FEEDBACK  id=  4  ENABLED
[12:39:05] FEEDBACK  id=  4  SUCCEEDED ✓
