[12:35:42] [INFO ] Riproduzione suono: QT/sound_medium/flipping_book_page
[12:35:44] [INFO ] In ascolto (tentativo 1/2)...
[12:35:44] [INFO ] Mostro immagine: listening_icon
[12:35:50] [INFO ] Riconosciuto: Non lo so.
[12:35:59] [INFO ] Riproduzione suono: QT/sound_medium/flipping_book_page
[12:36:01] [INFO ] In ascolto (tentativo 2/2)...
[12:36:01] [INFO ] Mostro immagine: listening_icon
[12:36:05] [INFO ] Riconosciuto: Hai girato una pagina?
[12:36:15] [INFO ] KB: Set function 'n_questions' = 3.0
[12:36:15] [INFO ] KB: Set function 'n_medium' = 1.0
[12:36:15] [INFO ] KB: Set function 'sound_uses' = 1.0
[12:36:15] [INFO ] KB: Set function 'right_answers' = 3.0
[12:36:15] [INFO ] KB: Removed predicate 'answered_wrong'
[12:36:15] [INFO ] KB: Removed predicate 'emotion_checked'
[12:36:15] [INFO ] KB: Set function 'robot_e' = 3.44
[12:36:15] [INFO ] KB: Set function 'robot_p' = 2.93
[12:36:15] [INFO ] KB: Set function 'robot_a' = 0.92
[12:36:15] [INFO ] KB: Set function 'robot_e_sq' = 11.8336
[12:36:15] [INFO ] KB: Set function 'robot_p_sq' = 8.5849
[12:36:15] [INFO ] KB: Set function 'robot_a_sq' = 0.8464
[12:36:15] [INFO ] KB: Set function 'human_e' = 3.44
[12:36:15] [INFO ] KB: Set function 'human_p' = 2.93
[12:36:15] [INFO ] KB: Set function 'human_a' = 0.92
[12:36:15] [INFO ] KB: Set function 'human_e_sq' = 11.8336
[12:36:15] [INFO ] KB: Set function 'human_p_sq' = 8.5849
[12:36:15] [INFO ] KB: Set function 'human_a_sq' = 0.8464
