=== Session: p18  started at 2026-09-11 10:08:11.544414 ===
[10:08:20] DISPATCH  id=  0  greet_warmly()
[10:08:20] FEEDBACK  id=  0  ENABLED
[10:08:20] FEEDBACK  id=  0  ENABLED
[10:08:29] FEEDBACK  id=  0  SUCCEEDED ✓
[10:08:29] DISPATCH  id=  1  introduce_game()
[10:08:29] FEEDBACK  id=  1  ENABLED
[10:08:29] FEEDBACK  id=  1  ENABLED
[10:08:42] FEEDBACK  id=  1  SUCCEEDED ✓
[10:08:42] FEEDBACK  id=  2  ENABLED
[10:08:42] DISPATCH  id=  2  ask_easy()
[10:08:42] FEEDBACK  id=  2  ENABLED
[10:09:02] FEEDBACK  id=  2  SUCCEEDED ✓
[10:09:02] FEEDBACK  id=  3  ENABLED
[10:09:02] DISPATCH  id=  3  mime_easy()
[10:09:02] FEEDBACK  id=  3  ENABLED
[10:09:53] FEEDBACK  id=  3  FAILED ✗
[10:09:57] DISPATCH  id=  0  comfort()
[10:09:57] FEEDBACK  id=  0  ENABLED
[10:09:57] FEEDBACK  id=  0  ENABLED
[10:11:41] FEEDBACK  id=  0  SUCCEEDED ✓
[10:11:41] DISPATCH  id=  1  image_medium()
[10:11:41] FEEDBACK  id=  1  ENABLED
[10:11:41] FEEDBACK  id=  1  ENABLED
[10:12:41] FEEDBACK  id=  1  SUCCEEDED ✓
[10:12:41] DISPATCH  id=  2  ask_medium()
[10:12:41] FEEDBACK  id=  2  ENABLED
[10:12:41] FEEDBACK  id=  2  ENABLED
[10:13:15] FEEDBACK  id=  2  SUCCEEDED ✓
[10:13:15] FEEDBACK  id=  3  ENABLED
[10:13:15] DISPATCH  id=  3  sound_hard()
[10:13:15] FEEDBACK  id=  3  ENABLED
[10:14:52] FEEDBACK  id=  3  FAILED ✗
[10:14:55] DISPATCH  id=  0  conclude_game()
[10:14:55] FEEDBACK  id=  0  ENABLED
[10:14:55] FEEDBACK  id=  0  ENABLED
[10:14:59] FEEDBACK  id=  0  SUCCEEDED ✓
[10:14:59] DISPATCH  id=  1  say_goodbye()
[10:14:59] FEEDBACK  id=  1  ENABLED
[10:14:59] FEEDBACK  id=  1  ENABLED
[10:15:09] FEEDBACK  id=  1  SUCCEEDED ✓
