=== Session: p6  started at 2026-09-10 12:05:04.521125 ===
[12:10:18] FEEDBACK  id=  0  ENABLED
[12:10:18] DISPATCH  id=  0  greet_warmly()
[12:10:18] FEEDBACK  id=  0  ENABLED
[12:10:27] FEEDBACK  id=  0  SUCCEEDED ✓
[12:10:27] FEEDBACK  id=  1  ENABLED
[12:10:27] FEEDBACK  id=  1  ENABLED
[12:10:27] DISPATCH  id=  1  introduce_game()
[12:10:41] FEEDBACK  id=  1  SUCCEEDED ✓
[12:10:41] DISPATCH  id=  2  mime_easy()
[12:10:41] FEEDBACK  id=  2  ENABLED
[12:10:41] FEEDBACK  id=  2  ENABLED
[12:11:18] FEEDBACK  id=  2  FAILED ✗
[12:11:22] FEEDBACK  id=  0  ENABLED
[12:11:22] DISPATCH  id=  0  comfort()
[12:11:22] FEEDBACK  id=  0  ENABLED
[12:13:11] FEEDBACK  id=  0  SUCCEEDED ✓
[12:13:11] DISPATCH  id=  1  sound_easy()
[12:13:11] FEEDBACK  id=  1  ENABLED
[12:13:11] FEEDBACK  id=  1  ENABLED
[12:13:38] FEEDBACK  id=  1  SUCCEEDED ✓
[12:13:38] FEEDBACK  id=  2  ENABLED
[12:13:38] DISPATCH  id=  2  ask_medium()
[12:13:38] FEEDBACK  id=  2  ENABLED
[12:14:10] FEEDBACK  id=  2  FAILED ✗
[12:14:14] DISPATCH  id=  0  comfort()
[12:14:14] FEEDBACK  id=  0  ENABLED
[12:14:14] FEEDBACK  id=  0  ENABLED
[12:16:00] FEEDBACK  id=  0  SUCCEEDED ✓
[12:16:00] DISPATCH  id=  1  image_medium()
[12:16:00] FEEDBACK  id=  1  ENABLED
[12:16:00] FEEDBACK  id=  1  ENABLED
[12:16:40] FEEDBACK  id=  1  FAILED ✗
[12:16:43] FEEDBACK  id=  0  ENABLED
[12:16:43] DISPATCH  id=  0  comfort()
[12:16:43] FEEDBACK  id=  0  ENABLED
[12:19:00] FEEDBACK  id=  0  SUCCEEDED ✓
[12:19:00] FEEDBACK  id=  1  ENABLED
[12:19:00] DISPATCH  id=  1  ask_hard()
[12:19:00] FEEDBACK  id=  1  ENABLED
[12:19:34] FEEDBACK  id=  1  FAILED ✗
[12:19:38] FEEDBACK  id=  0  ENABLED
[12:19:38] DISPATCH  id=  0  conclude_game()
[12:19:38] FEEDBACK  id=  0  ENABLED
[12:19:41] FEEDBACK  id=  0  SUCCEEDED ✓
[12:19:41] FEEDBACK  id=  1  ENABLED
[12:19:41] DISPATCH  id=  1  say_goodbye()
[12:19:41] FEEDBACK  id=  1  ENABLED
[12:19:51] FEEDBACK  id=  1  SUCCEEDED ✓
