[12:08:00] [INFO ] KB: 'human_e' = -2.27
[12:08:00] [INFO ] KB: 'human_p' = 0.22
[12:08:00] [INFO ] KB: 'human_a' = 0.43
[12:08:00] [INFO ] KB: 'human_e_sq' = 5.1529
[12:08:00] [INFO ] KB: 'human_p_sq' = 0.0484
[12:08:00] [INFO ] KB: 'human_a_sq' = 0.18489999999999998
[12:08:01] [INFO ] KB: 'ask_easy_coeff' = 1.0
[12:08:01] [INFO ] KB: 'ask_medium_coeff' = 1.1
[12:08:01] [INFO ] KB: 'ask_hard_coeff' = 1.2
[12:08:01] [INFO ] KB: 'mime_easy_coeff' = 1.0
[12:08:01] [INFO ] KB: 'mime_medium_coeff' = 1.1
[12:08:01] [INFO ] KB: 'mime_hard_coeff' = 1.2
[12:08:01] [INFO ] KB: 'sound_easy_coeff' = 1.0
[12:08:01] [INFO ] KB: 'sound_medium_coeff' = 1.1
[12:08:01] [INFO ] KB: 'sound_hard_coeff' = 1.2
[12:08:01] [INFO ] KB: 'image_easy_coeff' = 1.0
[12:08:01] [INFO ] KB: 'image_medium_coeff' = 1.1
[12:08:01] [INFO ] KB: 'image_hard_coeff' = 1.2
[12:08:01] [INFO ] KB: 'n_easy' = 2.0
[12:08:01] [INFO ] KB: 'n_medium' = 0.0
[12:08:01] [INFO ] KB: 'n_hard' = 0.0
[12:08:01] [INFO ] KB: 'n_questions' = 2.0
[12:09:15] [INFO ] KB: 'human_e' = -1.85
[12:09:15] [INFO ] KB: 'human_p' = -0.86
[12:09:15] [INFO ] KB: 'human_a' = -2.01
[12:09:15] [INFO ] KB: 'human_e_sq' = 3.4225000000000003
[12:09:15] [INFO ] KB: 'human_p_sq' = 0.7395999999999999
[12:09:15] [INFO ] KB: 'human_a_sq' = 4.040099999999999
[12:09:17] [INFO ] KB: 'ask_easy_coeff' = 1.0
[12:09:17] [INFO ] KB: 'ask_medium_coeff' = 1.1
[12:09:17] [INFO ] KB: 'ask_hard_coeff' = 1.2
[12:09:17] [INFO ] KB: 'mime_easy_coeff' = 1.0
[12:09:17] [INFO ] KB: 'mime_medium_coeff' = 1.1
[12:09:17] [INFO ] KB: 'mime_hard_coeff' = 1.2
[12:09:17] [INFO ] KB: 'sound_easy_coeff' = 1.0
[12:09:17] [INFO ] KB: 'sound_medium_coeff' = 1.1
[12:09:17] [INFO ] KB: 'sound_hard_coeff' = 1.2
[12:09:17] [INFO ] KB: 'image_easy_coeff' = 1.0
[12:09:17] [INFO ] KB: 'image_medium_coeff' = 1.1
[12:09:17] [INFO ] KB: 'image_hard_coeff' = 1.2
[12:09:17] [INFO ] KB: 'image_easy_coeff' = 10.0
[12:09:17] [INFO ] KB: 'image_medium_coeff' = 11.0
[12:09:17] [INFO ] KB: 'image_hard_coeff' = 12.0
[12:09:17] [INFO ] KB: 'n_easy' = 2.0
[12:09:17] [INFO ] KB: 'n_medium' = 2.0
[12:09:17] [INFO ] KB: 'n_hard' = 0.0
[12:09:17] [INFO ] KB: 'n_questions' = 4.0
