=== Session: p23  started at 2026-09-11 12:05:31.673372 ===
[12:05:43] DISPATCH  id=  0  greet_warmly()
[12:05:43] FEEDBACK  id=  0  ENABLED
[12:05:43] FEEDBACK  id=  0  ENABLED
[12:05:52] FEEDBACK  id=  0  SUCCEEDED ✓
[12:05:52] FEEDBACK  id=  1  ENABLED
[12:05:52] DISPATCH  id=  1  introduce_game()
[12:05:52] FEEDBACK  id=  1  ENABLED
[12:06:05] FEEDBACK  id=  1  SUCCEEDED ✓
[12:06:05] DISPATCH  id=  2  check_emotion()
[12:06:05] FEEDBACK  id=  2  ENABLED
[12:06:07] FEEDBACK  id=  2  ENABLED
[12:06:07] FEEDBACK  id=  2  SUCCEEDED ✓
[12:06:07] FEEDBACK  id=  3  ENABLED
[12:06:07] DISPATCH  id=  3  ask_easy()
[12:06:07] FEEDBACK  id=  3  ENABLED
[12:06:22] FEEDBACK  id=  3  SUCCEEDED ✓
[12:06:22] DISPATCH  id=  4  check_emotion()
[12:06:22] FEEDBACK  id=  4  ENABLED
[12:06:23] FEEDBACK  id=  4  ENABLED
[12:06:24] FEEDBACK  id=  4  SUCCEEDED ✓
[12:06:24] FEEDBACK  id=  5  ENABLED
[12:06:24] DISPATCH  id=  5  mime_easy()
[12:06:24] FEEDBACK  id=  5  ENABLED
[12:07:09] FEEDBACK  id=  5  FAILED ✗
[12:07:12] DISPATCH  id=  0  comfort()
[12:07:12] FEEDBACK  id=  0  ENABLED
[12:07:12] FEEDBACK  id=  0  ENABLED
[12:07:57] FEEDBACK  id=  0  SUCCEEDED ✓
[12:07:57] DISPATCH  id=  1  check_emotion()
[12:07:57] FEEDBACK  id=  1  ENABLED
[12:07:59] FEEDBACK  id=  1  ENABLED
[12:08:00] FEEDBACK  id=  1  FAILED ✗
[12:08:04] DISPATCH  id=  0  spark_curiosity()
[12:08:04] FEEDBACK  id=  0  ENABLED
[12:08:04] FEEDBACK  id=  0  ENABLED
[12:08:36] FEEDBACK  id=  0  SUCCEEDED ✓
[12:08:36] FEEDBACK  id=  1  ENABLED
[12:08:36] DISPATCH  id=  1  check_emotion()
[12:08:37] FEEDBACK  id=  1  ENABLED
[12:08:37] FEEDBACK  id=  1  SUCCEEDED ✓
[12:08:38] FEEDBACK  id=  2  ENABLED
[12:08:38] DISPATCH  id=  2  ask_medium()
[12:08:38] FEEDBACK  id=  2  ENABLED
[12:08:51] FEEDBACK  id=  2  SUCCEEDED ✓
[12:08:52] DISPATCH  id=  3  check_emotion()
[12:08:52] FEEDBACK  id=  3  ENABLED
[12:08:53] FEEDBACK  id=  3  ENABLED
[12:08:53] FEEDBACK  id=  3  SUCCEEDED ✓
[12:08:53] DISPATCH  id=  4  image_medium()
[12:08:53] FEEDBACK  id=  4  ENABLED
[12:08:53] FEEDBACK  id=  4  ENABLED
[12:09:13] FEEDBACK  id=  4  SUCCEEDED ✓
[12:09:14] DISPATCH  id=  5  check_emotion()
[12:09:14] FEEDBACK  id=  5  ENABLED
[12:09:15] FEEDBACK  id=  5  ENABLED
[12:09:15] FEEDBACK  id=  5  FAILED ✗
[12:09:19] DISPATCH  id=  0  raise_stakes()
[12:09:19] FEEDBACK  id=  0  ENABLED
[12:09:19] FEEDBACK  id=  0  ENABLED
[12:09:46] FEEDBACK  id=  0  SUCCEEDED ✓
[12:09:46] DISPATCH  id=  1  check_emotion()
[12:09:46] FEEDBACK  id=  1  ENABLED
[12:09:48] FEEDBACK  id=  1  ENABLED
[12:09:48] FEEDBACK  id=  1  SUCCEEDED ✓
[12:09:48] DISPATCH  id=  2  sound_hard()
[12:09:48] FEEDBACK  id=  2  ENABLED
[12:09:48] FEEDBACK  id=  2  ENABLED
[12:10:35] FEEDBACK  id=  2  SUCCEEDED ✓
[12:10:35] DISPATCH  id=  3  conclude_game()
[12:10:35] FEEDBACK  id=  3  ENABLED
[12:10:35] FEEDBACK  id=  3  ENABLED
[12:10:38] FEEDBACK  id=  3  SUCCEEDED ✓
[12:10:39] FEEDBACK  id=  4  ENABLED
[12:10:39] DISPATCH  id=  4  say_goodbye()
[12:10:39] FEEDBACK  id=  4  ENABLED
[12:10:48] FEEDBACK  id=  4  SUCCEEDED ✓
