[12:09:57] [INFO ] Riproduzione suono: QT/sound_hard/pouring_water_in_glass
[12:10:02] [INFO ] In ascolto (tentativo 1/2)...
[12:10:02] [INFO ] Mostro immagine: listening_icon
[12:10:05] [INFO ] Riconosciuto: Siliente.
[12:10:17] [INFO ] Riproduzione suono: QT/sound_hard/pouring_water_in_glass
[12:10:22] [INFO ] In ascolto (tentativo 2/2)...
[12:10:22] [INFO ] Mostro immagine: listening_icon
[12:10:26] [INFO ] Riconosciuto: Si riempie.
[12:10:34] [INFO ] KB: Set function 'n_questions' = 5.0
[12:10:34] [INFO ] KB: Set function 'n_hard' = 1.0
[12:10:34] [INFO ] KB: Set function 'sound_uses' = 1.0
[12:10:34] [INFO ] KB: Set function 'right_answers' = 4.0
[12:10:34] [INFO ] KB: Removed predicate 'answered_wrong'
[12:10:34] [INFO ] KB: Removed predicate 'emotion_checked'
[12:10:34] [INFO ] KB: Set function 'robot_e' = 3.44
[12:10:34] [INFO ] KB: Set function 'robot_p' = 2.93
[12:10:34] [INFO ] KB: Set function 'robot_a' = 0.92
[12:10:34] [INFO ] KB: Set function 'robot_e_sq' = 11.8336
[12:10:34] [INFO ] KB: Set function 'robot_p_sq' = 8.5849
[12:10:34] [INFO ] KB: Set function 'robot_a_sq' = 0.8464
[12:10:34] [INFO ] KB: Set function 'human_e' = 3.44
[12:10:34] [INFO ] KB: Set function 'human_p' = 2.93
[12:10:34] [INFO ] KB: Set function 'human_a' = 0.92
[12:10:34] [INFO ] KB: Set function 'human_e_sq' = 11.8336
[12:10:34] [INFO ] KB: Set function 'human_p_sq' = 8.5849
[12:10:35] [INFO ] KB: Set function 'human_a_sq' = 0.8464
