[09:59:32] [INFO ] QT talking: 'Dove vivono i pesci?'
[09:59:32] [INFO ] In ascolto (tentativo 1/2)...
[09:59:32] [INFO ] Mostro immagine: listening_icon
[09:59:36] [INFO ] Riconosciuto: Non ho capito.
[09:59:38] [INFO ] In ascolto (tentativo 1/2)...
[09:59:38] [INFO ] Mostro immagine: listening_icon
[09:59:45] [INFO ] Riconosciuto: I miei scegli i pesci ai pesci i pesci vivono in acqua, al mare.
[09:59:54] [INFO ] KB: Set function 'n_questions' = 1.0
[09:59:54] [INFO ] KB: Set function 'n_easy' = 1.0
[09:59:54] [INFO ] KB: Set function 'ask_uses' = 1.0
[09:59:54] [INFO ] KB: Set function 'right_answers' = 1.0
[09:59:54] [INFO ] KB: Removed predicate 'answered_wrong'
[09:59:54] [INFO ] KB: Removed predicate 'emotion_checked'
[09:59:54] [INFO ] KB: Set function 'robot_e' = 3.44
[09:59:54] [INFO ] KB: Set function 'robot_p' = 2.93
[09:59:54] [INFO ] KB: Set function 'robot_a' = 0.92
[09:59:54] [INFO ] KB: Set function 'robot_e_sq' = 11.8336
[09:59:54] [INFO ] KB: Set function 'robot_p_sq' = 8.5849
[09:59:54] [INFO ] KB: Set function 'robot_a_sq' = 0.8464
[09:59:54] [INFO ] KB: Set function 'human_e' = 3.44
[09:59:54] [INFO ] KB: Set function 'human_p' = 2.93
[09:59:54] [INFO ] KB: Set function 'human_a' = 0.92
[09:59:54] [INFO ] KB: Set function 'human_e_sq' = 11.8336
[09:59:54] [INFO ] KB: Set function 'human_p_sq' = 8.5849
[09:59:54] [INFO ] KB: Set function 'human_a_sq' = 0.8464
