=== Session: p17  started at 2026-09-11 09:58:23.631260 ===
[09:59:08] DISPATCH  id=  0  greet_warmly()
[09:59:08] FEEDBACK  id=  0  ENABLED
[09:59:08] FEEDBACK  id=  0  ENABLED
[09:59:16] FEEDBACK  id=  0  SUCCEEDED ✓
[09:59:17] DISPATCH  id=  1  introduce_game()
[09:59:17] FEEDBACK  id=  1  ENABLED
[09:59:17] FEEDBACK  id=  1  ENABLED
[09:59:28] FEEDBACK  id=  1  SUCCEEDED ✓
[09:59:29] FEEDBACK  id=  2  ENABLED
[09:59:29] DISPATCH  id=  2  check_emotion()
[09:59:30] FEEDBACK  id=  2  ENABLED
[09:59:30] FEEDBACK  id=  2  SUCCEEDED ✓
[09:59:30] FEEDBACK  id=  3  ENABLED
[09:59:30] DISPATCH  id=  3  ask_easy()
[09:59:30] FEEDBACK  id=  3  ENABLED
[09:59:54] FEEDBACK  id=  3  SUCCEEDED ✓
[09:59:54] DISPATCH  id=  4  check_emotion()
[09:59:54] FEEDBACK  id=  4  ENABLED
[09:59:55] FEEDBACK  id=  4  ENABLED
[09:59:55] FEEDBACK  id=  4  SUCCEEDED ✓
[09:59:55] FEEDBACK  id=  5  ENABLED
[09:59:55] DISPATCH  id=  5  mime_easy()
[09:59:55] FEEDBACK  id=  5  ENABLED
[10:00:35] FEEDBACK  id=  5  SUCCEEDED ✓
[10:00:35] DISPATCH  id=  6  check_emotion()
[10:00:35] FEEDBACK  id=  6  ENABLED
[10:00:36] FEEDBACK  id=  6  ENABLED
[10:00:36] FEEDBACK  id=  6  SUCCEEDED ✓
[10:00:36] DISPATCH  id=  7  sound_medium()
[10:00:36] FEEDBACK  id=  7  ENABLED
[10:00:36] FEEDBACK  id=  7  ENABLED
[10:00:58] FEEDBACK  id=  7  SUCCEEDED ✓
[10:00:58] FEEDBACK  id=  8  ENABLED
[10:00:58] DISPATCH  id=  8  check_emotion()
[10:00:59] FEEDBACK  id=  8  ENABLED
[10:00:59] FEEDBACK  id=  8  SUCCEEDED ✓
[10:00:59] FEEDBACK  id=  9  ENABLED
[10:00:59] FEEDBACK  id=  9  ENABLED
[10:00:59] DISPATCH  id=  9  image_medium()
[10:01:32] FEEDBACK  id=  9  SUCCEEDED ✓
[10:01:32] DISPATCH  id= 10  check_emotion()
[10:01:32] FEEDBACK  id= 10  ENABLED
[10:01:32] FEEDBACK  id= 10  ENABLED
[10:01:33] FEEDBACK  id= 10  SUCCEEDED ✓
[10:01:33] DISPATCH  id= 11  ask_hard()
[10:01:33] FEEDBACK  id= 11  ENABLED
[10:01:33] FEEDBACK  id= 11  ENABLED
[10:01:49] FEEDBACK  id= 11  SUCCEEDED ✓
[10:01:49] FEEDBACK  id= 12  ENABLED
[10:01:49] DISPATCH  id= 12  conclude_game()
[10:01:49] FEEDBACK  id= 12  ENABLED
[10:01:52] FEEDBACK  id= 12  SUCCEEDED ✓
[10:01:53] FEEDBACK  id= 13  ENABLED
[10:01:53] DISPATCH  id= 13  say_goodbye()
[10:01:53] FEEDBACK  id= 13  ENABLED
[10:02:02] FEEDBACK  id= 13  SUCCEEDED ✓
