[10:00:06] [INFO ] In ascolto (tentativo 1/2)...
[10:00:06] [INFO ] Mostro immagine: listening_icon
[10:00:10] [INFO ] Riconosciuto: Stai Ballando?
[10:00:21] [INFO ] In ascolto (tentativo 2/2)...
[10:00:21] [INFO ] Mostro immagine: listening_icon
[10:00:26] [INFO ] Riconosciuto: Stai suonando il clacson.
[10:00:34] [INFO ] KB: Set function 'n_questions' = 2.0
[10:00:34] [INFO ] KB: Set function 'n_easy' = 2.0
[10:00:34] [INFO ] KB: Set function 'mime_uses' = 1.0
[10:00:35] [INFO ] KB: Set function 'right_answers' = 2.0
[10:00:35] [INFO ] KB: Removed predicate 'answered_wrong'
[10:00:35] [INFO ] KB: Removed predicate 'emotion_checked'
[10:00:35] [INFO ] KB: Set function 'robot_e' = 3.44
[10:00:35] [INFO ] KB: Set function 'robot_p' = 2.93
[10:00:35] [INFO ] KB: Set function 'robot_a' = 0.92
[10:00:35] [INFO ] KB: Set function 'robot_e_sq' = 11.8336
[10:00:35] [INFO ] KB: Set function 'robot_p_sq' = 8.5849
[10:00:35] [INFO ] KB: Set function 'robot_a_sq' = 0.8464
[10:00:35] [INFO ] KB: Set function 'human_e' = 3.44
[10:00:35] [INFO ] KB: Set function 'human_p' = 2.93
[10:00:35] [INFO ] KB: Set function 'human_a' = 0.92
[10:00:35] [INFO ] KB: Set function 'human_e_sq' = 11.8336
[10:00:35] [INFO ] KB: Set function 'human_p_sq' = 8.5849
[10:00:35] [INFO ] KB: Set function 'human_a_sq' = 0.8464
