[10:00:42] [INFO ] Riproduzione suono: QT/sound_medium/mosquito
[10:00:47] [INFO ] In ascolto (tentativo 1/2)...
[10:00:47] [INFO ] Mostro immagine: listening_icon
[10:00:50] [INFO ] Riconosciuto: È una è una Mosca.
[10:00:58] [INFO ] KB: Set function 'n_questions' = 3.0
[10:00:58] [INFO ] KB: Set function 'n_medium' = 1.0
[10:00:58] [INFO ] KB: Set function 'sound_uses' = 1.0
[10:00:58] [INFO ] KB: Set function 'right_answers' = 3.0
[10:00:58] [INFO ] KB: Removed predicate 'answered_wrong'
[10:00:58] [INFO ] KB: Removed predicate 'emotion_checked'
[10:00:58] [INFO ] KB: Set function 'robot_e' = 3.44
[10:00:58] [INFO ] KB: Set function 'robot_p' = 2.93
[10:00:58] [INFO ] KB: Set function 'robot_a' = 0.92
[10:00:58] [INFO ] KB: Set function 'robot_e_sq' = 11.8336
[10:00:58] [INFO ] KB: Set function 'robot_p_sq' = 8.5849
[10:00:58] [INFO ] KB: Set function 'robot_a_sq' = 0.8464
[10:00:58] [INFO ] KB: Set function 'human_e' = 3.44
[10:00:58] [INFO ] KB: Set function 'human_p' = 2.93
[10:00:58] [INFO ] KB: Set function 'human_a' = 0.92
[10:00:58] [INFO ] KB: Set function 'human_e_sq' = 11.8336
[10:00:58] [INFO ] KB: Set function 'human_p_sq' = 8.5849
[10:00:58] [INFO ] KB: Set function 'human_a_sq' = 0.8464
