[15:41:37] [INFO ] QT talking: 'Quanti secondi ci sono in un minuto?'
[15:41:37] [INFO ] In ascolto (tentativo 1/2)...
[15:41:37] [INFO ] Mostro immagine: listening_icon
[15:41:40] [INFO ] Riconosciuto: 60.
[15:41:52] [INFO ] KB: Set function 'n_questions' = 3.0
[15:41:52] [INFO ] KB: Set function 'n_medium' = 1.0
[15:41:52] [INFO ] KB: Set function 'ask_uses' = 1.0
[15:41:52] [INFO ] KB: Set function 'right_answers' = 1.0
[15:41:53] [INFO ] KB: Removed predicate 'answered_wrong'
[15:41:53] [INFO ] KB: Removed predicate 'emotion_checked'
[15:41:53] [INFO ] KB: Set function 'robot_e' = 3.44
[15:41:53] [INFO ] KB: Set function 'robot_p' = 2.93
[15:41:53] [INFO ] KB: Set function 'robot_a' = 0.92
[15:41:53] [INFO ] KB: Set function 'robot_e_sq' = 11.8336
[15:41:53] [INFO ] KB: Set function 'robot_p_sq' = 8.5849
[15:41:53] [INFO ] KB: Set function 'robot_a_sq' = 0.8464
[15:41:53] [INFO ] KB: Set function 'human_e' = 3.44
[15:41:53] [INFO ] KB: Set function 'human_p' = 2.93
[15:41:53] [INFO ] KB: Set function 'human_a' = 0.92
[15:41:53] [INFO ] KB: Set function 'human_e_sq' = 11.8336
[15:41:53] [INFO ] KB: Set function 'human_p_sq' = 8.5849
[15:41:53] [INFO ] KB: Set function 'human_a_sq' = 0.8464
[15:42:37] [INFO ] QT talking: 'Quale senso usiamo per ascoltare la musica?'
[15:42:37] [INFO ] In ascolto (tentativo 1/2)...
[15:42:37] [INFO ] Mostro immagine: listening_icon
[15:42:41] [INFO ] Riconosciuto: Lo dico.
[15:42:52] [INFO ] In ascolto (tentativo 2/2)...
[15:42:52] [INFO ] Mostro immagine: listening_icon
[15:42:55] [INFO ] Riconosciuto: L'orecchio.
[15:43:06] [INFO ] KB: Set function 'n_questions' = 4.0
[15:43:06] [INFO ] KB: Set function 'n_medium' = 2.0
[15:43:06] [INFO ] KB: Set function 'ask_uses' = 2.0
[15:43:06] [INFO ] KB: Set function 'right_answers' = 2.0
[15:43:06] [INFO ] KB: Removed predicate 'answered_wrong'
[15:43:06] [INFO ] KB: Removed predicate 'emotion_checked'
[15:43:06] [INFO ] KB: Set function 'robot_e' = 3.44
[15:43:06] [INFO ] KB: Set function 'robot_p' = 2.93
[15:43:06] [INFO ] KB: Set function 'robot_a' = 0.92
[15:43:06] [INFO ] KB: Set function 'robot_e_sq' = 11.8336
[15:43:06] [INFO ] KB: Set function 'robot_p_sq' = 8.5849
[15:43:06] [INFO ] KB: Set function 'robot_a_sq' = 0.8464
[15:43:06] [INFO ] KB: Set function 'human_e' = 3.44
[15:43:06] [INFO ] KB: Set function 'human_p' = 2.93
[15:43:06] [INFO ] KB: Set function 'human_a' = 0.92
[15:43:06] [INFO ] KB: Set function 'human_e_sq' = 11.8336
[15:43:06] [INFO ] KB: Set function 'human_p_sq' = 8.5849
[15:43:06] [INFO ] KB: Set function 'human_a_sq' = 0.8464
