[15:41:55] [INFO ] KB: 'human_e' = -2.27
[15:41:55] [INFO ] KB: 'human_p' = 0.22
[15:41:55] [INFO ] KB: 'human_a' = 0.43
[15:41:55] [INFO ] KB: 'human_e_sq' = 5.1529
[15:41:55] [INFO ] KB: 'human_p_sq' = 0.0484
[15:41:55] [INFO ] KB: 'human_a_sq' = 0.18489999999999998
[15:41:56] [INFO ] KB: 'ask_easy_coeff' = 1.0
[15:41:56] [INFO ] KB: 'ask_medium_coeff' = 1.1
[15:41:56] [INFO ] KB: 'ask_hard_coeff' = 1.2
[15:41:56] [INFO ] KB: 'mime_easy_coeff' = 1.0
[15:41:56] [INFO ] KB: 'mime_medium_coeff' = 1.1
[15:41:56] [INFO ] KB: 'mime_hard_coeff' = 1.2
[15:41:56] [INFO ] KB: 'sound_easy_coeff' = 1.0
[15:41:56] [INFO ] KB: 'sound_medium_coeff' = 1.1
[15:41:56] [INFO ] KB: 'sound_hard_coeff' = 1.2
[15:41:56] [INFO ] KB: 'image_easy_coeff' = 1.0
[15:41:56] [INFO ] KB: 'image_medium_coeff' = 1.1
[15:41:56] [INFO ] KB: 'image_hard_coeff' = 1.2
[15:41:56] [INFO ] KB: 'ask_easy_coeff' = 10.0
[15:41:56] [INFO ] KB: 'ask_medium_coeff' = 11.0
[15:41:56] [INFO ] KB: 'ask_hard_coeff' = 12.0
[15:41:56] [INFO ] KB: 'n_easy' = 2.0
[15:41:56] [INFO ] KB: 'n_medium' = 1.0
[15:41:56] [INFO ] KB: 'n_hard' = 0.0
[15:41:56] [INFO ] KB: 'n_questions' = 3.0
