=== Session: video2  started at 2026-09-11 15:36:32.331394 ===
[15:36:48] DISPATCH  id=  0  greet_warmly()
[15:36:48] FEEDBACK  id=  0  ENABLED
[15:36:48] FEEDBACK  id=  0  ENABLED
[15:36:57] FEEDBACK  id=  0  SUCCEEDED ✓
[15:36:57] DISPATCH  id=  1  introduce_game()
[15:36:57] FEEDBACK  id=  1  ENABLED
[15:36:57] FEEDBACK  id=  1  ENABLED
[15:37:10] FEEDBACK  id=  1  SUCCEEDED ✓
[15:37:11] FEEDBACK  id=  2  ENABLED
[15:37:11] DISPATCH  id=  2  check_emotion()
[15:37:12] FEEDBACK  id=  2  ENABLED
[15:37:12] FEEDBACK  id=  2  SUCCEEDED ✓
[15:37:12] DISPATCH  id=  3  sound_easy()
[15:37:12] FEEDBACK  id=  3  ENABLED
[15:37:12] FEEDBACK  id=  3  ENABLED
[15:37:55] FEEDBACK  id=  3  FAILED ✗
[15:37:59] DISPATCH  id=  0  comfort()
[15:37:59] FEEDBACK  id=  0  ENABLED
[15:37:59] FEEDBACK  id=  0  ENABLED
[15:38:44] FEEDBACK  id=  0  SUCCEEDED ✓
[15:38:45] DISPATCH  id=  1  check_emotion()
[15:38:45] FEEDBACK  id=  1  ENABLED
[15:38:46] FEEDBACK  id=  1  ENABLED
[15:38:46] FEEDBACK  id=  1  SUCCEEDED ✓
[15:38:46] FEEDBACK  id=  2  ENABLED
[15:38:46] DISPATCH  id=  2  mime_easy()
[15:38:46] FEEDBACK  id=  2  ENABLED
[15:39:30] FEEDBACK  id=  2  FAILED ✗
[15:39:33] FEEDBACK  id=  0  ENABLED
[15:39:33] DISPATCH  id=  0  comfort()
[15:39:33] FEEDBACK  id=  0  ENABLED
[15:41:31] FEEDBACK  id=  0  SUCCEEDED ✓
[15:41:31] FEEDBACK  id=  1  ENABLED
[15:41:31] DISPATCH  id=  1  check_emotion()
[15:41:33] FEEDBACK  id=  1  ENABLED
[15:41:34] FEEDBACK  id=  1  SUCCEEDED ✓
[15:41:34] DISPATCH  id=  2  ask_medium()
[15:41:34] FEEDBACK  id=  2  ENABLED
[15:41:34] FEEDBACK  id=  2  ENABLED
[15:41:53] FEEDBACK  id=  2  SUCCEEDED ✓
[15:41:53] DISPATCH  id=  3  check_emotion()
[15:41:53] FEEDBACK  id=  3  ENABLED
[15:41:55] FEEDBACK  id=  3  ENABLED
[15:41:55] FEEDBACK  id=  3  FAILED ✗
[15:41:59] DISPATCH  id=  0  spark_curiosity()
[15:41:59] FEEDBACK  id=  0  ENABLED
[15:41:59] FEEDBACK  id=  0  ENABLED
[15:42:32] FEEDBACK  id=  0  SUCCEEDED ✓
[15:42:32] FEEDBACK  id=  1  ENABLED
[15:42:32] DISPATCH  id=  1  check_emotion()
[15:42:34] FEEDBACK  id=  1  ENABLED
[15:42:34] FEEDBACK  id=  1  SUCCEEDED ✓
[15:42:34] FEEDBACK  id=  2  ENABLED
[15:42:34] FEEDBACK  id=  2  ENABLED
[15:42:34] DISPATCH  id=  2  ask_medium()
[15:43:06] FEEDBACK  id=  2  SUCCEEDED ✓
[15:43:06] DISPATCH  id=  3  check_emotion()
[15:43:06] FEEDBACK  id=  3  ENABLED
[15:43:08] FEEDBACK  id=  3  ENABLED
[15:43:08] FEEDBACK  id=  3  SUCCEEDED ✓
[15:43:08] FEEDBACK  id=  4  ENABLED
[15:43:08] DISPATCH  id=  4  image_hard()
[15:43:08] FEEDBACK  id=  4  ENABLED
[15:43:28] FEEDBACK  id=  4  SUCCEEDED ✓
[15:43:28] FEEDBACK  id=  5  ENABLED
[15:43:28] DISPATCH  id=  5  conclude_game()
[15:43:28] FEEDBACK  id=  5  ENABLED
[15:43:32] FEEDBACK  id=  5  SUCCEEDED ✓
[15:43:32] FEEDBACK  id=  6  ENABLED
[15:43:32] FEEDBACK  id=  6  ENABLED
[15:43:32] DISPATCH  id=  6  say_goodbye()
[15:43:42] FEEDBACK  id=  6  SUCCEEDED ✓
