[15:39:02] [INFO ] In ascolto (tentativo 1/2)...
[15:39:02] [INFO ] Mostro immagine: listening_icon
[15:39:06] [INFO ] Riconosciuto: Non lo so.
[15:39:15] [INFO ] In ascolto (tentativo 2/2)...
[15:39:15] [INFO ] Mostro immagine: listening_icon
[15:39:20] [INFO ] Riconosciuto: Dammi un disco.
[15:39:29] [INFO ] KB: Set function 'n_questions' = 2.0
[15:39:29] [INFO ] KB: Set function 'n_easy' = 2.0
[15:39:29] [INFO ] KB: Set function 'mime_uses' = 1.0
[15:39:29] [INFO ] KB: Set function 'wrong_answers' = 2.0
[15:39:29] [INFO ] KB: Added predicate 'answered_wrong'
[15:39:29] [INFO ] KB: Set function 'robot_e' = 3.44
[15:39:29] [INFO ] KB: Set function 'robot_p' = 2.93
[15:39:29] [INFO ] KB: Set function 'robot_a' = 0.92
[15:39:29] [INFO ] KB: Set function 'robot_e_sq' = 11.8336
[15:39:29] [INFO ] KB: Set function 'robot_p_sq' = 8.5849
[15:39:29] [INFO ] KB: Set function 'robot_a_sq' = 0.8464
[15:39:29] [INFO ] KB: Set function 'human_e' = 3.44
[15:39:29] [INFO ] KB: Set function 'human_p' = 2.93
[15:39:29] [INFO ] KB: Set function 'human_a' = 0.92
[15:39:29] [INFO ] KB: Set function 'human_e_sq' = 11.8336
[15:39:29] [INFO ] KB: Set function 'human_p_sq' = 8.5849
[15:39:30] [INFO ] KB: Set function 'human_a_sq' = 0.8464
