=== Session: p2  started at 2026-09-10 11:09:48.161254 ===
[11:13:23] DISPATCH  id=  0  greet_warmly()
[11:13:23] FEEDBACK  id=  0  ENABLED
[11:13:23] FEEDBACK  id=  0  ENABLED
[11:13:31] FEEDBACK  id=  0  SUCCEEDED ✓
[11:13:32] DISPATCH  id=  1  introduce_game()
[11:13:32] FEEDBACK  id=  1  ENABLED
[11:13:32] FEEDBACK  id=  1  ENABLED
[11:13:44] FEEDBACK  id=  1  SUCCEEDED ✓
[11:13:44] DISPATCH  id=  2  ask_easy()
[11:13:44] FEEDBACK  id=  2  ENABLED
[11:13:44] FEEDBACK  id=  2  ENABLED
[11:14:00] FEEDBACK  id=  2  SUCCEEDED ✓
[11:14:00] FEEDBACK  id=  3  ENABLED
[11:14:00] DISPATCH  id=  3  mime_easy()
[11:14:00] FEEDBACK  id=  3  ENABLED
[11:15:43] FEEDBACK  id=  3  FAILED ✗
[11:15:47] DISPATCH  id=  0  comfort()
[11:15:47] FEEDBACK  id=  0  ENABLED
[11:15:47] FEEDBACK  id=  0  ENABLED
[11:17:23] FEEDBACK  id=  0  SUCCEEDED ✓
[11:17:23] DISPATCH  id=  1  image_medium()
[11:17:23] FEEDBACK  id=  1  ENABLED
[11:17:23] FEEDBACK  id=  1  ENABLED
[11:17:58] FEEDBACK  id=  1  SUCCEEDED ✓
[11:17:58] FEEDBACK  id=  2  ENABLED
[11:17:58] DISPATCH  id=  2  ask_medium()
[11:17:58] FEEDBACK  id=  2  ENABLED
[11:18:41] FEEDBACK  id=  2  SUCCEEDED ✓
[11:18:42] DISPATCH  id=  3  sound_hard()
[11:18:42] FEEDBACK  id=  3  ENABLED
[11:18:42] FEEDBACK  id=  3  ENABLED
[11:19:50] FEEDBACK  id=  3  SUCCEEDED ✓
[11:19:50] DISPATCH  id=  4  conclude_game()
[11:19:50] FEEDBACK  id=  4  ENABLED
[11:19:50] FEEDBACK  id=  4  ENABLED
[11:19:54] FEEDBACK  id=  4  SUCCEEDED ✓
[11:19:54] DISPATCH  id=  5  say_goodbye()
[11:19:54] FEEDBACK  id=  5  ENABLED
[11:19:54] FEEDBACK  id=  5  ENABLED
[11:20:04] FEEDBACK  id=  5  SUCCEEDED ✓
