=== Session: p7  started at 2026-09-10 12:25:44.881323 ===
[12:26:15] DISPATCH  id=  0  greet_warmly()
[12:26:15] FEEDBACK  id=  0  ENABLED
[12:26:15] FEEDBACK  id=  0  ENABLED
[12:26:24] FEEDBACK  id=  0  SUCCEEDED ✓
[12:26:24] DISPATCH  id=  1  introduce_game()
[12:26:24] FEEDBACK  id=  1  ENABLED
[12:26:24] FEEDBACK  id=  1  ENABLED
[12:26:38] FEEDBACK  id=  1  SUCCEEDED ✓
[12:26:38] DISPATCH  id=  2  check_emotion()
[12:26:38] FEEDBACK  id=  2  ENABLED
[12:26:39] FEEDBACK  id=  2  ENABLED
[12:26:39] FEEDBACK  id=  2  SUCCEEDED ✓
[12:26:40] FEEDBACK  id=  3  ENABLED
[12:26:40] DISPATCH  id=  3  ask_easy()
[12:26:40] FEEDBACK  id=  3  ENABLED
[12:26:56] FEEDBACK  id=  3  SUCCEEDED ✓
[12:26:56] FEEDBACK  id=  4  ENABLED
[12:26:56] DISPATCH  id=  4  check_emotion()
[12:26:57] FEEDBACK  id=  4  ENABLED
[12:26:57] FEEDBACK  id=  4  SUCCEEDED ✓
[12:26:58] FEEDBACK  id=  5  ENABLED
[12:26:58] DISPATCH  id=  5  mime_easy()
[12:26:58] FEEDBACK  id=  5  ENABLED
[12:27:47] FEEDBACK  id=  5  FAILED ✗
[12:27:50] DISPATCH  id=  0  comfort()
[12:27:50] FEEDBACK  id=  0  ENABLED
[12:27:50] FEEDBACK  id=  0  ENABLED
[12:28:37] FEEDBACK  id=  0  SUCCEEDED ✓
[12:28:37] DISPATCH  id=  1  check_emotion()
[12:28:37] FEEDBACK  id=  1  ENABLED
[12:28:38] FEEDBACK  id=  1  ENABLED
[12:28:39] FEEDBACK  id=  1  SUCCEEDED ✓
[12:28:39] FEEDBACK  id=  2  ENABLED
[12:28:39] FEEDBACK  id=  2  ENABLED
[12:28:39] DISPATCH  id=  2  ask_medium()
[12:28:55] FEEDBACK  id=  2  SUCCEEDED ✓
[12:28:55] DISPATCH  id=  3  check_emotion()
[12:28:55] FEEDBACK  id=  3  ENABLED
[12:28:57] FEEDBACK  id=  3  ENABLED
[12:28:57] FEEDBACK  id=  3  SUCCEEDED ✓
[12:28:57] DISPATCH  id=  4  image_medium()
[12:28:57] FEEDBACK  id=  4  ENABLED
[12:28:57] FEEDBACK  id=  4  ENABLED
[12:29:33] FEEDBACK  id=  4  SUCCEEDED ✓
[12:29:34] DISPATCH  id=  5  check_emotion()
[12:29:34] FEEDBACK  id=  5  ENABLED
[12:29:34] FEEDBACK  id=  5  ENABLED
[12:29:35] FEEDBACK  id=  5  SUCCEEDED ✓
[12:29:35] FEEDBACK  id=  6  ENABLED
[12:29:35] DISPATCH  id=  6  sound_hard()
[12:29:35] FEEDBACK  id=  6  ENABLED
[12:30:04] FEEDBACK  id=  6  SUCCEEDED ✓
[12:30:04] FEEDBACK  id=  7  ENABLED
[12:30:04] DISPATCH  id=  7  conclude_game()
[12:30:04] FEEDBACK  id=  7  ENABLED
[12:30:08] FEEDBACK  id=  7  SUCCEEDED ✓
[12:30:08] DISPATCH  id=  8  say_goodbye()
[12:30:08] FEEDBACK  id=  8  ENABLED
[12:30:08] FEEDBACK  id=  8  ENABLED
[12:30:18] FEEDBACK  id=  8  SUCCEEDED ✓
