[12:29:00] [INFO ] Mostro immagine: rugiada_icon
[12:29:00] [INFO ] In ascolto (tentativo 1/2)...
[12:29:05] [INFO ] Riconosciuto: Sono Giada.
[12:29:16] [INFO ] Mostro immagine: rugiada_icon
[12:29:16] [INFO ] In ascolto (tentativo 2/2)...
[12:29:20] [INFO ] Riconosciuto: Rugiada.
[12:29:33] [INFO ] KB: Set function 'n_questions' = 4.0
[12:29:33] [INFO ] KB: Set function 'n_medium' = 2.0
[12:29:33] [INFO ] KB: Set function 'image_uses' = 1.0
[12:29:33] [INFO ] KB: Set function 'right_answers' = 3.0
[12:29:33] [INFO ] KB: Removed predicate 'answered_wrong'
[12:29:33] [INFO ] KB: Removed predicate 'emotion_checked'
[12:29:33] [INFO ] KB: Set function 'robot_e' = 3.44
[12:29:33] [INFO ] KB: Set function 'robot_p' = 2.93
[12:29:33] [INFO ] KB: Set function 'robot_a' = 0.92
[12:29:33] [INFO ] KB: Set function 'robot_e_sq' = 11.8336
[12:29:33] [INFO ] KB: Set function 'robot_p_sq' = 8.5849
[12:29:33] [INFO ] KB: Set function 'robot_a_sq' = 0.8464
[12:29:33] [INFO ] KB: Set function 'human_e' = 3.44
[12:29:33] [INFO ] KB: Set function 'human_p' = 2.93
[12:29:33] [INFO ] KB: Set function 'human_a' = 0.92
[12:29:33] [INFO ] KB: Set function 'human_e_sq' = 11.8336
[12:29:33] [INFO ] KB: Set function 'human_p_sq' = 8.5849
[12:29:33] [INFO ] KB: Set function 'human_a_sq' = 0.8464
