[12:27:14] [INFO ] In ascolto (tentativo 1/2)...
[12:27:14] [INFO ] Mostro immagine: listening_icon
[12:27:18] [INFO ] Riconosciuto: Stai guidando?
[12:27:29] [INFO ] In ascolto (tentativo 2/2)...
[12:27:29] [INFO ] Mostro immagine: listening_icon
[12:27:36] [INFO ] Riconosciuto: Stai cercando il naso?
[12:27:46] [INFO ] KB: Set function 'n_questions' = 2.0
[12:27:46] [INFO ] KB: Set function 'n_easy' = 2.0
[12:27:46] [INFO ] KB: Set function 'mime_uses' = 1.0
[12:27:46] [INFO ] KB: Set function 'wrong_answers' = 1.0
[12:27:46] [INFO ] KB: Added predicate 'answered_wrong'
[12:27:46] [INFO ] KB: Set function 'robot_e' = 3.44
[12:27:46] [INFO ] KB: Set function 'robot_p' = 2.93
[12:27:46] [INFO ] KB: Set function 'robot_a' = 0.92
[12:27:46] [INFO ] KB: Set function 'robot_e_sq' = 11.8336
[12:27:46] [INFO ] KB: Set function 'robot_p_sq' = 8.5849
[12:27:46] [INFO ] KB: Set function 'robot_a_sq' = 0.8464
[12:27:46] [INFO ] KB: Set function 'human_e' = 3.44
[12:27:46] [INFO ] KB: Set function 'human_p' = 2.93
[12:27:46] [INFO ] KB: Set function 'human_a' = 0.92
[12:27:46] [INFO ] KB: Set function 'human_e_sq' = 11.8336
[12:27:46] [INFO ] KB: Set function 'human_p_sq' = 8.5849
[12:27:47] [INFO ] KB: Set function 'human_a_sq' = 0.8464
