=== Session: p13bis  started at 2026-09-10 15:24:00.333872 ===
[15:24:12] FEEDBACK  id=  0  ENABLED
[15:24:12] DISPATCH  id=  0  check_emotion()
[15:24:15] FEEDBACK  id=  0  ENABLED
[15:24:15] FEEDBACK  id=  0  FAILED ✗
[15:24:19] DISPATCH  id=  0  spark_curiosity()
[15:24:19] FEEDBACK  id=  0  ENABLED
[15:24:19] FEEDBACK  id=  0  ENABLED
[15:24:58] FEEDBACK  id=  0  SUCCEEDED ✓
[15:24:58] DISPATCH  id=  1  check_emotion()
[15:24:58] FEEDBACK  id=  1  ENABLED
[15:25:01] FEEDBACK  id=  1  ENABLED
[15:25:01] FEEDBACK  id=  1  SUCCEEDED ✓
[15:25:01] FEEDBACK  id=  2  ENABLED
[15:25:01] DISPATCH  id=  2  ask_medium()
[15:25:01] FEEDBACK  id=  2  ENABLED
[15:25:32] FEEDBACK  id=  2  SUCCEEDED ✓
[15:25:32] DISPATCH  id=  3  check_emotion()
[15:25:32] FEEDBACK  id=  3  ENABLED
[15:25:38] FEEDBACK  id=  3  ENABLED
[15:25:38] FEEDBACK  id=  3  SUCCEEDED ✓
[15:25:39] DISPATCH  id=  4  ask_medium()
[15:25:39] FEEDBACK  id=  4  ENABLED
[15:25:39] FEEDBACK  id=  4  ENABLED
[15:26:13] FEEDBACK  id=  4  SUCCEEDED ✓
[15:26:13] FEEDBACK  id=  5  ENABLED
[15:26:13] DISPATCH  id=  5  conclude_game()
[15:26:13] FEEDBACK  id=  5  ENABLED
[15:26:17] FEEDBACK  id=  5  SUCCEEDED ✓
[15:26:17] DISPATCH  id=  6  say_goodbye()
[15:26:17] FEEDBACK  id=  6  ENABLED
[15:26:17] FEEDBACK  id=  6  ENABLED
[15:26:27] FEEDBACK  id=  6  SUCCEEDED ✓
