[09:51:44] [INFO ] Publishing emotion: QT/showing_smile
[09:51:45] [INFO ] Playing gesture: QT/hand-front-hold
[09:52:01] [INFO ] Mostro immagine: listening_icon
[09:52:25] [INFO ] Mostro immagine: listening_icon
[09:52:28] [INFO ] Riconosciuto: Sto bene.
[09:52:34] [INFO ] Publishing emotion: QT/happy
[09:52:36] [INFO ] Playing gesture: QT/emotions/hoora
[09:52:48] [INFO ] KB: Removed predicate 'answered_wrong'
[09:52:48] [INFO ] KB: Removed predicate 'emotion_checked'
[09:52:48] [INFO ] KB: Set function 'robot_e' = 3.44
[09:52:48] [INFO ] KB: Set function 'robot_e_sq' = 11.8336
[09:52:48] [INFO ] KB: Set function 'robot_p' = 2.93
[09:52:48] [INFO ] KB: Set function 'robot_p_sq' = 8.5849
[09:52:48] [INFO ] KB: Set function 'robot_a' = 0.92
[09:52:48] [INFO ] KB: Set function 'robot_a_sq' = 0.8464
[09:52:48] [INFO ] KB: Set function 'human_e' = 3.44
[09:52:48] [INFO ] KB: Set function 'human_e_sq' = 11.8336
[09:52:48] [INFO ] KB: Set function 'human_p' = 2.93
[09:52:48] [INFO ] KB: Set function 'human_p_sq' = 8.5849
[09:52:48] [INFO ] KB: Set function 'human_a' = 0.92
[09:52:48] [INFO ] KB: Set function 'human_a_sq' = 0.8464
