=== Session: hello  started at 2026-09-10 10:48:49.816903 ===
[10:48:57] FEEDBACK  id=  0  ENABLED
[10:48:57] DISPATCH  id=  0  greet_warmly()
[10:48:57] FEEDBACK  id=  0  ENABLED
[10:49:05] FEEDBACK  id=  0  SUCCEEDED ✓
[10:49:05] DISPATCH  id=  1  introduce_game()
[10:49:05] FEEDBACK  id=  1  ENABLED
[10:49:05] FEEDBACK  id=  1  ENABLED
[10:49:18] FEEDBACK  id=  1  SUCCEEDED ✓
[10:49:18] FEEDBACK  id=  2  ENABLED
[10:49:18] DISPATCH  id=  2  check_emotion()
[10:49:22] FEEDBACK  id=  2  ENABLED
[10:49:22] FEEDBACK  id=  2  SUCCEEDED ✓
[10:49:22] FEEDBACK  id=  3  ENABLED
[10:49:22] DISPATCH  id=  3  image_easy()
[10:49:22] FEEDBACK  id=  3  ENABLED
[10:49:36] FEEDBACK  id=  3  SUCCEEDED ✓
[10:49:36] DISPATCH  id=  4  check_emotion()
[10:49:36] FEEDBACK  id=  4  ENABLED
[10:50:10] FEEDBACK  id=  4  ENABLED
[10:50:11] FEEDBACK  id=  4  SUCCEEDED ✓
[10:50:11] FEEDBACK  id=  5  ENABLED
[10:50:11] DISPATCH  id=  5  mime_easy()
[10:50:11] FEEDBACK  id=  5  ENABLED
[10:50:53] FEEDBACK  id=  5  FAILED ✗
[10:50:57] DISPATCH  id=  0  comfort()
[10:50:57] FEEDBACK  id=  0  ENABLED
[10:50:57] FEEDBACK  id=  0  ENABLED
[10:52:07] FEEDBACK  id=  0  SUCCEEDED ✓
[10:52:07] DISPATCH  id=  1  check_emotion()
[10:52:07] FEEDBACK  id=  1  ENABLED
[10:52:29] FEEDBACK  id=  1  ENABLED
[10:52:29] FEEDBACK  id=  1  FAILED ✗
[10:52:33] DISPATCH  id=  0  raise_stakes()
[10:52:33] FEEDBACK  id=  0  ENABLED
[10:52:33] FEEDBACK  id=  0  ENABLED
