[10:50:24] [INFO ] In ascolto (tentativo 1/2)...
[10:50:24] [INFO ] Mostro immagine: listening_icon
[10:50:28] [INFO ] Riconosciuto: Non lo so.
[10:50:38] [INFO ] In ascolto (tentativo 2/2)...
[10:50:38] [INFO ] Mostro immagine: listening_icon
[10:50:44] [INFO ] Riconosciuto: Insieme non lo so.
[10:50:53] [INFO ] KB: Set function 'n_questions' = 2.0
[10:50:53] [INFO ] KB: Set function 'n_easy' = 2.0
[10:50:53] [INFO ] KB: Set function 'mime_uses' = 1.0
[10:50:53] [INFO ] KB: Set function 'wrong_answers' = 1.0
[10:50:53] [INFO ] KB: Added predicate 'answered_wrong'
[10:50:53] [INFO ] KB: Set function 'robot_e' = 3.44
[10:50:53] [INFO ] KB: Set function 'robot_p' = 2.93
[10:50:53] [INFO ] KB: Set function 'robot_a' = 0.92
[10:50:53] [INFO ] KB: Set function 'robot_e_sq' = 11.8336
[10:50:53] [INFO ] KB: Set function 'robot_p_sq' = 8.5849
[10:50:53] [INFO ] KB: Set function 'robot_a_sq' = 0.8464
[10:50:53] [INFO ] KB: Set function 'human_e' = 3.44
[10:50:53] [INFO ] KB: Set function 'human_p' = 2.93
[10:50:53] [INFO ] KB: Set function 'human_a' = 0.92
[10:50:53] [INFO ] KB: Set function 'human_e_sq' = 11.8336
[10:50:53] [INFO ] KB: Set function 'human_p_sq' = 8.5849
[10:50:53] [INFO ] KB: Set function 'human_a_sq' = 0.8464
