[09:49:40] [INFO ] Riproduzione suono: QT/sound_easy/sneeze
[09:49:41] [INFO ] In ascolto (tentativo 1/2)...
[09:49:41] [INFO ] Mostro immagine: listening_icon
[09:49:46] [INFO ] Riconosciuto: Puoi ripetere?
[09:49:52] [INFO ] Riproduzione suono: QT/sound_easy/sneeze
[09:49:53] [INFO ] In ascolto (tentativo 1/2)...
[09:49:53] [INFO ] Mostro immagine: listening_icon
[09:49:56] [INFO ] Riconosciuto: Uno starnuto.
[09:50:04] [INFO ] KB: Set function 'n_questions' = 1.0
[09:50:04] [INFO ] KB: Set function 'n_easy' = 1.0
[09:50:04] [INFO ] KB: Set function 'sound_uses' = 1.0
[09:50:04] [INFO ] KB: Set function 'right_answers' = 1.0
[09:50:04] [INFO ] KB: Removed predicate 'answered_wrong'
[09:50:04] [INFO ] KB: Removed predicate 'emotion_checked'
[09:50:04] [INFO ] KB: Set function 'robot_e' = 3.44
[09:50:04] [INFO ] KB: Set function 'robot_p' = 2.93
[09:50:04] [INFO ] KB: Set function 'robot_a' = 0.92
[09:50:04] [INFO ] KB: Set function 'robot_e_sq' = 11.8336
[09:50:04] [INFO ] KB: Set function 'robot_p_sq' = 8.5849
[09:50:04] [INFO ] KB: Set function 'robot_a_sq' = 0.8464
[09:50:04] [INFO ] KB: Set function 'human_e' = 3.44
[09:50:04] [INFO ] KB: Set function 'human_p' = 2.93
[09:50:04] [INFO ] KB: Set function 'human_a' = 0.92
[09:50:04] [INFO ] KB: Set function 'human_e_sq' = 11.8336
[09:50:04] [INFO ] KB: Set function 'human_p_sq' = 8.5849
[09:50:04] [INFO ] KB: Set function 'human_a_sq' = 0.8464
