=== Session: p28  started at 2026-09-11 13:54:23.194000 ===
[13:56:20] FEEDBACK  id=  0  ENABLED
[13:56:20] FEEDBACK  id=  0  ENABLED
[13:56:20] DISPATCH  id=  0  greet_warmly()
[13:56:28] FEEDBACK  id=  0  SUCCEEDED ✓
[13:56:29] DISPATCH  id=  1  introduce_game()
[13:56:29] FEEDBACK  id=  1  ENABLED
[13:56:29] FEEDBACK  id=  1  ENABLED
[13:56:41] FEEDBACK  id=  1  SUCCEEDED ✓
[13:56:42] FEEDBACK  id=  2  ENABLED
[13:56:42] DISPATCH  id=  2  mime_easy()
[13:56:42] FEEDBACK  id=  2  ENABLED
[13:57:06] FEEDBACK  id=  2  SUCCEEDED ✓
[13:57:06] DISPATCH  id=  3  sound_easy()
[13:57:06] FEEDBACK  id=  3  ENABLED
[13:57:06] FEEDBACK  id=  3  ENABLED
[13:57:25] FEEDBACK  id=  3  SUCCEEDED ✓
[13:57:25] DISPATCH  id=  4  ask_medium()
[13:57:25] FEEDBACK  id=  4  ENABLED
[13:57:25] FEEDBACK  id=  4  ENABLED
[13:57:55] FEEDBACK  id=  4  SUCCEEDED ✓
[13:57:55] DISPATCH  id=  5  ask_medium()
[13:57:55] FEEDBACK  id=  5  ENABLED
[13:57:55] FEEDBACK  id=  5  ENABLED
[13:58:31] FEEDBACK  id=  5  SUCCEEDED ✓
[13:58:31] DISPATCH  id=  6  image_hard()
[13:58:31] FEEDBACK  id=  6  ENABLED
[13:58:31] FEEDBACK  id=  6  ENABLED
[13:59:55] FEEDBACK  id=  6  FAILED ✗
[13:59:58] DISPATCH  id=  0  conclude_game()
[13:59:58] FEEDBACK  id=  0  ENABLED
[13:59:58] FEEDBACK  id=  0  ENABLED
[14:00:02] FEEDBACK  id=  0  SUCCEEDED ✓
[14:00:02] FEEDBACK  id=  1  ENABLED
[14:00:02] DISPATCH  id=  1  say_goodbye()
[14:00:02] FEEDBACK  id=  1  ENABLED
[14:00:12] FEEDBACK  id=  1  SUCCEEDED ✓
