[12:55:05] [INFO ] QT talking: 'Quante vocali ci sono nell'alfabeto?'
[12:55:05] [INFO ] In ascolto (tentativo 1/2)...
[12:55:05] [INFO ] Mostro immagine: listening_icon
[12:55:09] [INFO ] Riconosciuto: 5.
[12:55:23] [INFO ] KB: Set function 'n_questions' = 4.0
[12:55:23] [INFO ] KB: Set function 'n_medium' = 2.0
[12:55:23] [INFO ] KB: Set function 'ask_uses' = 2.0
[12:55:23] [INFO ] KB: Set function 'right_answers' = 4.0
[12:55:23] [INFO ] KB: Removed predicate 'answered_wrong'
[12:55:23] [INFO ] KB: Removed predicate 'emotion_checked'
[12:55:23] [INFO ] KB: Set function 'robot_e' = 3.44
[12:55:23] [INFO ] KB: Set function 'robot_p' = 2.93
[12:55:23] [INFO ] KB: Set function 'robot_a' = 0.92
[12:55:23] [INFO ] KB: Set function 'robot_e_sq' = 11.8336
[12:55:23] [INFO ] KB: Set function 'robot_p_sq' = 8.5849
[12:55:23] [INFO ] KB: Set function 'robot_a_sq' = 0.8464
[12:55:23] [INFO ] KB: Set function 'human_e' = 3.44
[12:55:23] [INFO ] KB: Set function 'human_p' = 2.93
[12:55:23] [INFO ] KB: Set function 'human_a' = 0.92
[12:55:23] [INFO ] KB: Set function 'human_e_sq' = 11.8336
[12:55:23] [INFO ] KB: Set function 'human_p_sq' = 8.5849
[12:55:23] [INFO ] KB: Set function 'human_a_sq' = 0.8464
