=== Session: p27  started at 2026-09-11 12:50:00.608992 ===
[12:52:50] DISPATCH  id=  0  greet_warmly()
[12:52:50] FEEDBACK  id=  0  ENABLED
[12:52:50] FEEDBACK  id=  0  ENABLED
[12:52:58] FEEDBACK  id=  0  SUCCEEDED ✓
[12:52:58] FEEDBACK  id=  1  ENABLED
[12:52:58] DISPATCH  id=  1  introduce_game()
[12:52:58] FEEDBACK  id=  1  ENABLED
[12:53:28] FEEDBACK  id=  1  SUCCEEDED ✓
[12:53:28] DISPATCH  id=  2  check_emotion()
[12:53:28] FEEDBACK  id=  2  ENABLED
[12:53:30] FEEDBACK  id=  2  ENABLED
[12:53:30] FEEDBACK  id=  2  SUCCEEDED ✓
[12:53:30] DISPATCH  id=  3  ask_easy()
[12:53:30] FEEDBACK  id=  3  ENABLED
[12:53:30] FEEDBACK  id=  3  ENABLED
[12:53:45] FEEDBACK  id=  3  SUCCEEDED ✓
[12:53:45] DISPATCH  id=  4  check_emotion()
[12:53:45] FEEDBACK  id=  4  ENABLED
[12:53:46] FEEDBACK  id=  4  ENABLED
[12:53:47] FEEDBACK  id=  4  SUCCEEDED ✓
[12:53:47] DISPATCH  id=  5  mime_easy()
[12:53:47] FEEDBACK  id=  5  ENABLED
[12:53:47] FEEDBACK  id=  5  ENABLED
[12:54:28] FEEDBACK  id=  5  SUCCEEDED ✓
[12:54:28] DISPATCH  id=  6  check_emotion()
[12:54:28] FEEDBACK  id=  6  ENABLED
[12:54:29] FEEDBACK  id=  6  ENABLED
[12:54:30] FEEDBACK  id=  6  SUCCEEDED ✓
[12:54:30] FEEDBACK  id=  7  ENABLED
[12:54:30] DISPATCH  id=  7  sound_medium()
[12:54:30] FEEDBACK  id=  7  ENABLED
[12:55:00] FEEDBACK  id=  7  SUCCEEDED ✓
[12:55:00] FEEDBACK  id=  8  ENABLED
[12:55:00] DISPATCH  id=  8  check_emotion()
[12:55:01] FEEDBACK  id=  8  ENABLED
[12:55:02] FEEDBACK  id=  8  SUCCEEDED ✓
[12:55:02] FEEDBACK  id=  9  ENABLED
[12:55:02] DISPATCH  id=  9  ask_medium()
[12:55:02] FEEDBACK  id=  9  ENABLED
[12:55:23] FEEDBACK  id=  9  SUCCEEDED ✓
[12:55:23] FEEDBACK  id= 10  ENABLED
[12:55:23] DISPATCH  id= 10  check_emotion()
[12:55:24] FEEDBACK  id= 10  ENABLED
[12:55:24] FEEDBACK  id= 10  SUCCEEDED ✓
[12:55:24] DISPATCH  id= 11  image_hard()
[12:55:24] FEEDBACK  id= 11  ENABLED
[12:55:24] FEEDBACK  id= 11  ENABLED
[12:55:59] FEEDBACK  id= 11  SUCCEEDED ✓
[12:56:00] FEEDBACK  id= 12  ENABLED
[12:56:00] DISPATCH  id= 12  conclude_game()
[12:56:00] FEEDBACK  id= 12  ENABLED
[12:56:03] FEEDBACK  id= 12  SUCCEEDED ✓
[12:56:03] FEEDBACK  id= 13  ENABLED
[12:56:03] DISPATCH  id= 13  say_goodbye()
[12:56:03] FEEDBACK  id= 13  ENABLED
[12:56:13] FEEDBACK  id= 13  SUCCEEDED ✓
