[12:55:32] [INFO ] Mostro immagine: calamita_icon
[12:55:32] [INFO ] In ascolto (tentativo 1/2)...
[12:55:45] [INFO ] Riconosciuto: Calamita.
[12:55:59] [INFO ] KB: Set function 'n_questions' = 5.0
[12:55:59] [INFO ] KB: Set function 'n_hard' = 1.0
[12:55:59] [INFO ] KB: Set function 'image_uses' = 1.0
[12:55:59] [INFO ] KB: Set function 'right_answers' = 5.0
[12:55:59] [INFO ] KB: Removed predicate 'answered_wrong'
[12:55:59] [INFO ] KB: Removed predicate 'emotion_checked'
[12:55:59] [INFO ] KB: Set function 'robot_e' = 3.44
[12:55:59] [INFO ] KB: Set function 'robot_p' = 2.93
[12:55:59] [INFO ] KB: Set function 'robot_a' = 0.92
[12:55:59] [INFO ] KB: Set function 'robot_e_sq' = 11.8336
[12:55:59] [INFO ] KB: Set function 'robot_p_sq' = 8.5849
[12:55:59] [INFO ] KB: Set function 'robot_a_sq' = 0.8464
[12:55:59] [INFO ] KB: Set function 'human_e' = 3.44
[12:55:59] [INFO ] KB: Set function 'human_p' = 2.93
[12:55:59] [INFO ] KB: Set function 'human_a' = 0.92
[12:55:59] [INFO ] KB: Set function 'human_e_sq' = 11.8336
[12:55:59] [INFO ] KB: Set function 'human_p_sq' = 8.5849
[12:55:59] [INFO ] KB: Set function 'human_a_sq' = 0.8464
