[12:54:35] [INFO ] Riproduzione suono: QT/sound_medium/clock
[12:54:43] [INFO ] In ascolto (tentativo 1/2)...
[12:54:43] [INFO ] Mostro immagine: listening_icon
[12:54:46] [INFO ] Riconosciuto: Orologio.
[12:54:59] [INFO ] KB: Set function 'n_questions' = 3.0
[12:54:59] [INFO ] KB: Set function 'n_medium' = 1.0
[12:54:59] [INFO ] KB: Set function 'sound_uses' = 1.0
[12:54:59] [INFO ] KB: Set function 'right_answers' = 3.0
[12:54:59] [INFO ] KB: Removed predicate 'answered_wrong'
[12:54:59] [INFO ] KB: Removed predicate 'emotion_checked'
[12:54:59] [INFO ] KB: Set function 'robot_e' = 3.44
[12:54:59] [INFO ] KB: Set function 'robot_p' = 2.93
[12:55:00] [INFO ] KB: Set function 'robot_a' = 0.92
[12:55:00] [INFO ] KB: Set function 'robot_e_sq' = 11.8336
[12:55:00] [INFO ] KB: Set function 'robot_p_sq' = 8.5849
[12:55:00] [INFO ] KB: Set function 'robot_a_sq' = 0.8464
[12:55:00] [INFO ] KB: Set function 'human_e' = 3.44
[12:55:00] [INFO ] KB: Set function 'human_p' = 2.93
[12:55:00] [INFO ] KB: Set function 'human_a' = 0.92
[12:55:00] [INFO ] KB: Set function 'human_e_sq' = 11.8336
[12:55:00] [INFO ] KB: Set function 'human_p_sq' = 8.5849
[12:55:00] [INFO ] KB: Set function 'human_a_sq' = 0.8464
